******************************************************************************
            TI ARM Clang Linker PC v4.0.0                      
******************************************************************************
>> Linked Sat May 30 18:27:19 2026

OUTPUT FILE NAME:   <blink_led_LP_MSPM0G3507_freertos_ticlang.out>
ENTRY POINT SYMBOL: "_c_int00_noargs"  address: 00003089


MEMORY CONFIGURATION

         name            origin    length      used     unused   attr    fill
----------------------  --------  ---------  --------  --------  ----  --------
  FLASH                 00000000   00020000  00003338  0001ccc8  R  X
  SRAM                  20200000   00008000  00005a47  000025b9  RW X
  BCR_CONFIG            41c00000   000000ff  00000000  000000ff  R   
  BSL_CONFIG            41c00100   00000080  00000000  00000080  R   


SEGMENT ALLOCATION MAP

run origin  load origin   length   init length attrs members
----------  ----------- ---------- ----------- ----- -------
00000000    00000000    00003338   00003338    r-x
  00000000    00000000    000000c0   000000c0    r-- .intvecs
  000000c0    000000c0    000031e0   000031e0    r-x .text
  000032a0    000032a0    00000050   00000050    r-- .rodata
  000032f0    000032f0    00000048   00000048    r-- .cinit
20200000    20200000    00005847   00000000    rw-
  20200000    20200000    000057c4   00000000    rw- .bss
  202057c4    202057c4    00000083   00000000    rw- .data
20207e00    20207e00    00000200   00000000    rw-
  20207e00    20207e00    00000200   00000000    rw- .stack


SECTION ALLOCATION MAP

 output                                  attributes/
section   page    origin      length       input sections
--------  ----  ----------  ----------   ----------------
.intvecs   0    00000000    000000c0     
                  00000000    000000c0     startup_mspm0g350x_ticlang.o (.intvecs)

.text      0    000000c0    000031e0     
                  000000c0    00000294     freertos_builds_LP_MSPM0G3507_release_ticlang.lib : heap_4.o (.text.pvPortMalloc)
                  00000354    00000210                                                       : tasks.o (.text.xTaskIncrementTick)
                  00000564    000001f8                                                       : tasks.o (.text.xTaskResumeAll)
                  0000075c    000001a4                                                       : queue.o (.text.xQueueReceive)
                  00000900    000001a0                                                       : port.o (.text.vPortSuppressTicksAndSleep)
                  00000aa0    00000190                                                       : tasks.o (.text.xTaskRemoveFromEventList)
                  00000c30    0000015c                                                       : timers.o (.text.prvProcessReceivedCommands)
                  00000d8c    00000128                                                       : tasks.o (.text.prvAddNewTaskToReadyList)
                  00000eb4    00000114                                                       : port.o (.text.pxPortInitialiseStack)
                  00000fc8    0000010c                                                       : heap_4.o (.text.prvInsertBlockIntoFreeList)
                  000010d4    0000010c                                                       : tasks.o (.text.vTaskSwitchContext)
                  000011e0    00000104                                                       : tasks.o (.text.prvInitialiseNewTask)
                  000012e4    000000fc     driverlib.a : dl_timer.o (.text.DL_Timer_initTimerMode)
                  000013e0    000000f8     freertos_builds_LP_MSPM0G3507_release_ticlang.lib : heap_4.o (.text.vPortFree)
                  000014d8    000000e4                                                       : tasks.o (.text.prvAddCurrentTaskToDelayedList)
                  000015bc    000000e4                                                       : queue.o (.text.xQueueGenericReset)
                  000016a0    000000cc                                                       : tasks.o (.text.prvCreateIdleTasks)
                  0000176c    000000b6                                                       : queue.o (.text.prvUnlockQueue)
                  00001822    00000002     startup_mspm0g350x_ticlang.o (.text.Default_Handler)
                  00001824    000000b4     track.o (.text.ADC1_IRQHandler)
                  000018d8    000000b4     freertos_builds_LP_MSPM0G3507_release_ticlang.lib : tasks.o (.text.xTaskCheckForTimeOut)
                  0000198c    000000b0     track.o (.text.ADC0_IRQHandler)
                  00001a3c    000000a0     freertos_builds_LP_MSPM0G3507_release_ticlang.lib : heap_4.o (.text.prvHeapInit)
                  00001adc    000000a0                                                       : queue.o (.text.xQueueGenericCreateStatic)
                  00001b7c    0000009a     libc.a : memcpy16.S.obj (.text:memcpy)
                  00001c16    00000002     libclang_rt.builtins.a : aeabi_div0.c.obj (.text.__aeabi_idiv0)
                  00001c18    00000098     2task.o (.text.LED)
                  00001cb0    00000098     freertos_builds_LP_MSPM0G3507_release_ticlang.lib : tasks.o (.text.prvCreateStaticTask)
                  00001d48    0000008c                                                       : timers.o (.text.prvProcessTimerOrBlockTask)
                  00001dd4    00000084                                                       : tasks.o (.text.prvCreateTask)
                  00001e58    00000084                                                       : timers.o (.text.prvInsertTimerInActiveList)
                  00001edc    00000084                                                       : tasks.o (.text.vTaskStepTick)
                  00001f60    00000080                                                       : port.o (.text.xPortStartScheduler)
                  00001fe0    0000007c     ti_msp_dl_config.o (.text.SYSCFG_DL_ADC12_1_init)
                  0000205c    0000007c     freertos_builds_LP_MSPM0G3507_release_ticlang.lib : tasks.o (.text.eTaskConfirmSleepModeStatus)
                  000020d8    0000007c                                                       : tasks.o (.text.prvInitialiseTaskLists)
                  00002154    0000007c                                                       : timers.o (.text.xTimerCreateTimerTask)
                  000021d0    0000007c     libc.a : copy_decompress_lzss.c.obj (.text:decompress:lzss)
                  0000224c    00000078     freertos_builds_LP_MSPM0G3507_release_ticlang.lib : tasks.o (.text.prvGetExpectedIdleTime)
                  000022c4    00000074     ti_msp_dl_config.o (.text.SYSCFG_DL_ADC12_0_init)
                  00002338    00000074     freertos_builds_LP_MSPM0G3507_release_ticlang.lib : tasks.o (.text.vTaskPlaceOnEventListRestricted)
                  000023ac    00000070     2task.o (.text.UART)
                  0000241c    0000006c     ti_msp_dl_config.o (.text.SYSCFG_DL_GPIO_init)
                  00002488    0000006c     freertos_builds_LP_MSPM0G3507_release_ticlang.lib : timers.o (.text.prvCheckForValidListAndQueue)
                  000024f4    0000006c                                                       : list.o (.text.vListInsert)
                  00002560    0000006a                                                       : queue.o (.text.vQueueWaitForMessageRestricted)
                  000025ca    00000002     --HOLE-- [fill = 0]
                  000025cc    00000068                                                       : tasks.o (.text.vTaskStartScheduler)
                  00002634    00000062     libc.a : memset16.S.obj (.text:memset)
                  00002696    00000002     --HOLE-- [fill = 0]
                  00002698    00000060     ti_msp_dl_config.o (.text.SYSCFG_DL_UART_0_init)
                  000026f8    00000060     ti_msp_dl_config.o (.text.SYSCFG_DL_initPower)
                  00002758    0000005c     freertos_builds_LP_MSPM0G3507_release_ticlang.lib : tasks.o (.text.prvIdleTask)
                  000027b4    00000054     ti_msp_dl_config.o (.text.SYSCFG_DL_I2C_1_init)
                  00002808    00000054     ti_msp_dl_config.o (.text.SYSCFG_DL_TIMER_0_init)
                  0000285c    00000054     freertos_builds_LP_MSPM0G3507_release_ticlang.lib : port.o (.text.vPortSetupTimerInterrupt)
                  000028b0    00000050     app_main.o (.text.app_main)
                  00002900    00000050     freertos_builds_LP_MSPM0G3507_release_ticlang.lib : tasks.o (.text.prvCheckTasksWaitingTermination)
                  00002950    00000050                                                       : tasks.o (.text.prvDeleteTCB)
                  000029a0    00000050                                                       : timers.o (.text.prvProcessExpiredTimer)
                  000029f0    00000050                                                       : tasks.o (.text.vTaskDelay)
                  00002a40    0000004c                                                       : tasks.o (.text.xTaskCreateStatic)
                  00002a8c    00000048     driverlib.a : dl_uart.o (.text.DL_UART_init)
                  00002ad4    00000048     freertos_builds_LP_MSPM0G3507_release_ticlang.lib : list.o (.text.uxListRemove)
                  00002b1c    00000048                                                       : tasks.o (.text.xTaskCreate)
                  00002b64    00000046                                                       : queue.o (.text.prvInitialiseNewQueue)
                  00002baa    00000006                                                       : portasm.o (.text.vClearInterruptMask)
                  00002bb0    00000044                                                       : portasm.o (.text.PendSV_Handler)
                  00002bf4    00000044     main.o (.text.main)
                  00002c38    00000044     freertos_builds_LP_MSPM0G3507_release_ticlang.lib : queue.o (.text.prvCopyDataFromQueue)
                  00002c7c    00000044                                                       : timers.o (.text.prvSwitchTimerLists)
                  00002cc0    00000040     driverlib.a : dl_adc12.o (.text.DL_ADC12_setClockConfig)
                  00002d00    00000040     libclang_rt.builtins.a : aeabi_uidivmod.S.obj (.text.__aeabi_uidivmod)
                  00002d40    0000003c     freertos_builds_LP_MSPM0G3507_release_ticlang.lib : timers.o (.text.prvSampleTimeNow)
                  00002d7c    0000003c     libc.a : autoinit.c.obj (.text:__TI_auto_init_nobinit_nopinit)
                  00002db8    00000038     freertos_builds_LP_MSPM0G3507_release_ticlang.lib : timers.o (.text.prvGetNextExpireTime)
                  00002df0    00000038                                                       : tasks.o (.text.xTaskGetSchedulerState)
                  00002e28    00000036                                                       : timers.o (.text.prvReloadTimer)
                  00002e5e    00000002     --HOLE-- [fill = 0]
                  00002e60    00000034                                                       : tasks.o (.text.vTaskPlaceOnEventList)
                  00002e94    00000030     driverlib.a : dl_uart.o (.text.DL_UART_transmitDataBlocking)
                  00002ec4    00000030     ti_msp_dl_config.o (.text.SYSCFG_DL_init)
                  00002ef4    00000030     freertos_builds_LP_MSPM0G3507_release_ticlang.lib : port.o (.text.SysTick_Handler)
                  00002f24    00000030                                                       : tasks.o (.text.prvResetNextTaskUnblockTime)
                  00002f54    00000030                                                       : port.o (.text.prvTaskExitError)
                  00002f84    0000002e                                                       : port.o (.text.vPortSVCHandler_C)
                  00002fb2    0000002c                                                       : list.o (.text.vListInitialise)
                  00002fde    00000002     --HOLE-- [fill = 0]
                  00002fe0    0000002c                                                       : port.o (.text.vPortExitCritical)
                  0000300c    0000002a                                                       : queue.o (.text.prvIsQueueEmpty)
                  00003036    00000002     --HOLE-- [fill = 0]
                  00003038    00000028                                                       : StaticAllocs_freertos.o (.text.vApplicationGetIdleTaskMemory)
                  00003060    00000028                                                       : StaticAllocs_freertos.o (.text.vApplicationGetTimerTaskMemory)
                  00003088    00000028     libc.a : boot_cortex_m.c.obj (.text:_c_int00_noargs)
                  000030b0    00000026     driverlib.a : dl_i2c.o (.text.DL_I2C_setClockConfig)
                  000030d6    0000000a                 : dl_common.o (.text.DL_Common_delayCycles)
                  000030e0    00000024     freertos_builds_LP_MSPM0G3507_release_ticlang.lib : portasm.o (.text.SVC_Handler)
                  00003104    0000000c     libclang_rt.builtins.a : aeabi_memset.S.obj (.text.__aeabi_memclr)
                  00003110    00000024     freertos_builds_LP_MSPM0G3507_release_ticlang.lib : portasm.o (.text.vRestoreContextOfFirstTask)
                  00003134    00000020                                                       : tasks.o (.text.vTaskInternalSetTimeOutState)
                  00003154    0000001e                                                       : timers.o (.text.prvTimerTask)
                  00003172    00000002     --HOLE-- [fill = 0]
                  00003174    0000001c     driverlib.a : dl_timer.o (.text.DL_Timer_setClockConfig)
                  00003190    0000001c     ti_msp_dl_config.o (.text.SYSCFG_DL_SYSCTL_init)
                  000031ac    00000018     freertos_builds_LP_MSPM0G3507_release_ticlang.lib : port.o (.text.vPortEnterCritical)
                  000031c4    00000018                                                       : port.o (.text.vPortYield)
                  000031dc    00000014                                                       : tasks.o (.text.xTaskGetTickCount)
                  000031f0    00000012     driverlib.a : dl_uart.o (.text.DL_UART_setClockConfig)
                  00003202    00000012     libc.a : copy_decompress_none.c.obj (.text:decompress:none)
                  00003214    0000000c     delay.o (.text.delay_ms)
                  00003220    00000010     freertos_builds_LP_MSPM0G3507_release_ticlang.lib : portasm.o (.text.vStartFirstTask)
                  00003230    00000010                                                       : tasks.o (.text.vTaskSuspendAll)
                  00003240    00000010     libc.a : copy_zero_init.c.obj (.text:decompress:ZI)
                  00003250    0000000e     libclang_rt.builtins.a : aeabi_memset.S.obj (.text.__aeabi_memset)
                  0000325e    0000000e     freertos_builds_LP_MSPM0G3507_release_ticlang.lib : list.o (.text.vListInitialiseItem)
                  0000326c    0000000c                                                       : tasks.o (.text.vTaskMissedYield)
                  00003278    0000000a                                                       : AppHooks_freertos.o (.text.vApplicationStackOverflowHook)
                  00003282    00000002     --HOLE-- [fill = 0]
                  00003284    00000008     libclang_rt.builtins.a : aeabi_memcpy.S.obj (.text.__aeabi_memcpy)
                  0000328c    00000008     freertos_builds_LP_MSPM0G3507_release_ticlang.lib : portasm.o (.text.ulSetInterruptMask)
                  00003294    00000004     startup_mspm0g350x_ticlang.o (.text.Reset_Handler)
                  00003298    00000004     libc.a : pre_init.c.obj (.text._system_pre_init)
                  0000329c    00000004            : exit.c.obj (.text:abort)

.cinit     0    000032f0    00000048     
                  000032f0    00000023     (.cinit..data.load) [load image, compression = lzss]
                  00003313    00000001     --HOLE-- [fill = 0]
                  00003314    0000000c     (__TI_handler_table)
                  00003320    00000008     (.cinit..bss.load) [load image, compression = zero_init]
                  00003328    00000010     (__TI_cinit_table)

.rodata    0    000032a0    00000050     
                  000032a0    00000014     ti_msp_dl_config.o (.rodata.gTIMER_0TimerConfig)
                  000032b4    0000000a     ti_msp_dl_config.o (.rodata.gUART_0Config)
                  000032be    00000002     ti_msp_dl_config.o (.rodata.gI2C_1ClockConfig)
                  000032c0    00000008     ti_msp_dl_config.o (.rodata.gADC12_0ClockConfig)
                  000032c8    00000008     ti_msp_dl_config.o (.rodata.gADC12_1ClockConfig)
                  000032d0    00000008     freertos_builds_LP_MSPM0G3507_release_ticlang.lib : timers.o (.rodata.str1.53415827308603926481)
                  000032d8    00000005     app_main.o (.rodata.str1.130157923656512685641)
                  000032dd    00000005     freertos_builds_LP_MSPM0G3507_release_ticlang.lib : tasks.o (.rodata.str1.73579643323719718941)
                  000032e2    00000004     app_main.o (.rodata.str1.102314835061523723351)
                  000032e6    00000002     ti_msp_dl_config.o (.rodata.gUART_0ClockConfig)
                  000032e8    00000004     freertos_builds_LP_MSPM0G3507_release_ticlang.lib : tasks.o (.rodata.uxTopUsedPriority)
                  000032ec    00000003     ti_msp_dl_config.o (.rodata.gTIMER_0ClockConfig)
                  000032ef    00000001     --HOLE-- [fill = 0]

.init_array 
*          0    00000000    00000000     UNINITIALIZED

.binit     0    00000000    00000000     

.bss       0    20200000    000057c4     UNINITIALIZED
                  20200000    00005000     freertos_builds_LP_MSPM0G3507_release_ticlang.lib : heap_4.o (.bss.ucHeap)
                  20205000    00000200                                                       : StaticAllocs_freertos.o (.bss.vApplicationGetIdleTaskMemory.uxIdleTaskStack)
                  20205200    00000200                                                       : StaticAllocs_freertos.o (.bss.vApplicationGetTimerTaskMemory.uxTimerTaskStack)
                  20205400    000000c8                                                       : tasks.o (.bss.pxReadyTasksLists)
                  202054c8    000000bc     (.common:gTIMER_0Backup)
                  20205584    00000078                                                       : timers.o (.bss.prvCheckForValidListAndQueue.ucStaticTimerQueueStorage)
                  202055fc    00000068                                                       : StaticAllocs_freertos.o (.bss.vApplicationGetIdleTaskMemory.xIdleTaskTCB)
                  20205664    00000068                                                       : StaticAllocs_freertos.o (.bss.vApplicationGetTimerTaskMemory.xTimerTaskTCB)
                  202056cc    00000050                                                       : timers.o (.bss.prvCheckForValidListAndQueue.xStaticTimerQueue)
                  2020571c    00000014                                                       : timers.o (.bss.xActiveTimerList1)
                  20205730    00000014                                                       : timers.o (.bss.xActiveTimerList2)
                  20205744    00000014                                                       : tasks.o (.bss.xDelayedTaskList1)
                  20205758    00000014                                                       : tasks.o (.bss.xDelayedTaskList2)
                  2020576c    00000014                                                       : tasks.o (.bss.xPendingReadyList)
                  20205780    00000014                                                       : tasks.o (.bss.xSuspendedTaskList)
                  20205794    00000014                                                       : tasks.o (.bss.xTasksWaitingTermination)
                  202057a8    00000008                                                       : heap_4.o (.bss.xStart)
                  202057b0    00000004                                                       : timers.o (.bss.pxCurrentTimerList)
                  202057b4    00000004                                                       : tasks.o (.bss.pxDelayedTaskList)
                  202057b8    00000004                                                       : tasks.o (.bss.pxOverflowDelayedTaskList)
                  202057bc    00000004                                                       : timers.o (.bss.pxOverflowTimerList)
                  202057c0    00000004                                                       : tasks.o (.bss.xIdleTaskHandles)

.data      0    202057c4    00000083     UNINITIALIZED
                  202057c4    00000010     track.o (.data.TRACK_THRESHOLD)
                  202057d4    00000008     track.o (.data.adc0)
                  202057dc    00000008     track.o (.data.adc1)
                  202057e4    00000004     freertos_builds_LP_MSPM0G3507_release_ticlang.lib : timers.o (.data.prvSampleTimeNow.xLastTime)
                  202057e8    00000004                                                       : tasks.o (.data.pxCurrentTCB)
                  202057ec    00000004                                                       : heap_4.o (.data.pxEnd)
                  202057f0    00000004                                                       : port.o (.data.ulCriticalNesting)
                  202057f4    00000004                                                       : port.o (.data.ulStoppedTimerCompensation)
                  202057f8    00000004                                                       : port.o (.data.ulTimerCountsForOneTick)
                  202057fc    00000004                                                       : tasks.o (.data.uxCurrentNumberOfTasks)
                  20205800    00000004                                                       : tasks.o (.data.uxDeletedTasksWaitingCleanUp)
                  20205804    00000004                                                       : tasks.o (.data.uxSchedulerSuspended)
                  20205808    00000004                                                       : tasks.o (.data.uxTaskNumber)
                  2020580c    00000004                                                       : tasks.o (.data.uxTopReadyPriority)
                  20205810    00000004                                                       : heap_4.o (.data.xFreeBytesRemaining)
                  20205814    00000004                                                       : port.o (.data.xMaximumPossibleSuppressedTicks)
                  20205818    00000004                                                       : heap_4.o (.data.xMinimumEverFreeBytesRemaining)
                  2020581c    00000004                                                       : tasks.o (.data.xNextTaskUnblockTime)
                  20205820    00000004                                                       : tasks.o (.data.xNumOfOverflows)
                  20205824    00000004                                                       : heap_4.o (.data.xNumberOfSuccessfulAllocations)
                  20205828    00000004                                                       : heap_4.o (.data.xNumberOfSuccessfulFrees)
                  2020582c    00000004                                                       : tasks.o (.data.xPendedTicks)
                  20205830    00000004                                                       : tasks.o (.data.xSchedulerRunning)
                  20205834    00000004                                                       : tasks.o (.data.xTickCount)
                  20205838    00000004                                                       : timers.o (.data.xTimerQueue)
                  2020583c    00000004                                                       : timers.o (.data.xTimerTaskHandle)
                  20205840    00000004                                                       : tasks.o (.data.xYieldPendings)
                  20205844    00000001     track.o (.data.ready_0)
                  20205845    00000001     track.o (.data.ready_1)
                  20205846    00000001     track.o (.data.track)

.stack     0    20207e00    00000200     UNINITIALIZED
                  20207e00    00000004     libc.a : boot_cortex_m.c.obj (.stack)
                  20207e04    000001fc     --HOLE--

__llvm_prf_cnts 
*          0    20200000    00000000     UNINITIALIZED

__llvm_prf_bits 
*          0    20200000    00000000     UNINITIALIZED

MODULE SUMMARY

       Module                         code    ro data   rw data
       ------                         ----    -------   -------
    .\
       ti_msp_dl_config.o             784     53        188    
       main.o                         68      0         0      
    +--+------------------------------+-------+---------+---------+
       Total:                         852     53        188    
                                                               
    .\Driver\
       track.o                        356     0         35     
    +--+------------------------------+-------+---------+---------+
       Total:                         356     0         35     
                                                               
    .\freertos\ticlang\
       startup_mspm0g350x_ticlang.o   6       192       0      
    +--+------------------------------+-------+---------+---------+
       Total:                         6       192       0      
                                                               
    .\source\
       2task.o                        264     0         0      
       app_main.o                     80      9         0      
       delay.o                        12      0         0      
    +--+------------------------------+-------+---------+---------+
       Total:                         356     9         0      
                                                               
    D:/AiliuCheng/work/DIAN_RACE/TiSDK/mspm0_sdk_2_10_00_04/source/ti/driverlib/lib/ticlang/m0p/mspm0g1x0x_g3x0x/driverlib.a
       dl_timer.o                     280     0         0      
       dl_uart.o                      138     0         0      
       dl_adc12.o                     64      0         0      
       dl_i2c.o                       38      0         0      
       dl_common.o                    10      0         0      
    +--+------------------------------+-------+---------+---------+
       Total:                         530     0         0      
                                                               
    D:/AiliuCheng/work/DIAN_RACE/aa/freertos_builds_LP_MSPM0G3507_release_ticlang/Debug/freertos_builds_LP_MSPM0G3507_release_ticlang.lib
       heap_4.o                       1336    0         20508  
       tasks.o                        4588    9         360    
       timers.o                       1200    8         260    
       StaticAllocs_freertos.o        80      0         1232   
       queue.o                        1276    0         0      
       port.o                         1138    0         16     
       list.o                         238     0         0      
       portasm.o                      170     0         0      
       AppHooks_freertos.o            10      0         0      
    +--+------------------------------+-------+---------+---------+
       Total:                         10036   17        22376  
                                                               
    E:\MyGame\Tools\CCS\ccs\tools\compiler\ti-cgt-armllvm_4.0.0.LTS\lib\armv6m-ti-none-eabi/c/libc.a
       memcpy16.S.obj                 154     0         0      
       copy_decompress_lzss.c.obj     124     0         0      
       memset16.S.obj                 98      0         0      
       autoinit.c.obj                 60      0         0      
       boot_cortex_m.c.obj            40      0         0      
       copy_decompress_none.c.obj     18      0         0      
       copy_zero_init.c.obj           16      0         0      
       exit.c.obj                     4       0         0      
       pre_init.c.obj                 4       0         0      
    +--+------------------------------+-------+---------+---------+
       Total:                         518     0         0      
                                                               
    E:\MyGame\Tools\CCS\ccs\tools\compiler\ti-cgt-armllvm_4.0.0.LTS\lib\armv6m-ti-none-eabi/libclang_rt.builtins.a
       aeabi_uidivmod.S.obj           64      0         0      
       aeabi_memset.S.obj             26      0         0      
       aeabi_memcpy.S.obj             8       0         0      
       aeabi_div0.c.obj               2       0         0      
    +--+------------------------------+-------+---------+---------+
       Total:                         100     0         0      
                                                               
       Stack:                         0       0         512    
       Linker Generated:              0       71        0      
    +--+------------------------------+-------+---------+---------+
       Grand Total:                   12754   342       23111  


LINKER GENERATED COPY TABLES

__TI_cinit_table @ 00003328 records: 2, size/record: 8, table size: 16
	.data: load addr=000032f0, load size=00000023 bytes, run addr=202057c4, run size=00000083 bytes, compression=lzss
	.bss: load addr=00003320, load size=00000008 bytes, run addr=20200000, run size=000057c4 bytes, compression=zero_init


LINKER GENERATED HANDLER TABLE

__TI_handler_table @ 00003314 records: 3, size/record: 4, table size: 12
	index: 0, handler: __TI_decompress_lzss
	index: 1, handler: __TI_decompress_none
	index: 2, handler: __TI_zero_init


GLOBAL SYMBOLS: SORTED ALPHABETICALLY BY Name 

address   name                           
-------   ----                           
0000198d  ADC0_IRQHandler                
00001825  ADC1_IRQHandler                
00001823  AES_IRQHandler                 
0000329c  C$$EXIT                        
00001823  CANFD0_IRQHandler              
00001823  DAC0_IRQHandler                
00002cc1  DL_ADC12_setClockConfig        
000030d7  DL_Common_delayCycles          
000030b1  DL_I2C_setClockConfig          
000012e5  DL_Timer_initTimerMode         
00003175  DL_Timer_setClockConfig        
00002a8d  DL_UART_init                   
000031f1  DL_UART_setClockConfig         
00002e95  DL_UART_transmitDataBlocking   
00001823  DMA_IRQHandler                 
00001823  Default_Handler                
00001823  GROUP0_IRQHandler              
00001823  GROUP1_IRQHandler              
00001823  HardFault_Handler              
00001823  I2C0_IRQHandler                
00001823  I2C1_IRQHandler                
00001c19  LED                            
00001823  NMI_Handler                    
00002bb1  PendSV_Handler                 
00001823  RTC_IRQHandler                 
00003295  Reset_Handler                  
00001823  SPI0_IRQHandler                
00001823  SPI1_IRQHandler                
000030e1  SVC_Handler                    
000022c5  SYSCFG_DL_ADC12_0_init         
00001fe1  SYSCFG_DL_ADC12_1_init         
0000241d  SYSCFG_DL_GPIO_init            
000027b5  SYSCFG_DL_I2C_1_init           
00003191  SYSCFG_DL_SYSCTL_init          
00002809  SYSCFG_DL_TIMER_0_init         
00002699  SYSCFG_DL_UART_0_init          
00002ec5  SYSCFG_DL_init                 
000026f9  SYSCFG_DL_initPower            
00002ef5  SysTick_Handler                
00001823  TIMA0_IRQHandler               
00001823  TIMA1_IRQHandler               
00001823  TIMG0_IRQHandler               
00001823  TIMG12_IRQHandler              
00001823  TIMG6_IRQHandler               
00001823  TIMG7_IRQHandler               
00001823  TIMG8_IRQHandler               
202057c4  TRACK_THRESHOLD                
000023ad  UART                           
00001823  UART0_IRQHandler               
00001823  UART1_IRQHandler               
00001823  UART2_IRQHandler               
00001823  UART3_IRQHandler               
20208000  __STACK_END                    
00000200  __STACK_SIZE                   
00000000  __TI_ATRegion0_region_sz       
00000000  __TI_ATRegion0_src_addr        
00000000  __TI_ATRegion0_trg_addr        
00000000  __TI_ATRegion1_region_sz       
00000000  __TI_ATRegion1_src_addr        
00000000  __TI_ATRegion1_trg_addr        
00000000  __TI_ATRegion2_region_sz       
00000000  __TI_ATRegion2_src_addr        
00000000  __TI_ATRegion2_trg_addr        
00003328  __TI_CINIT_Base                
00003338  __TI_CINIT_Limit               
00003338  __TI_CINIT_Warm                
00003314  __TI_Handler_Table_Base        
00003320  __TI_Handler_Table_Limit       
00002d7d  __TI_auto_init_nobinit_nopinit 
000021d1  __TI_decompress_lzss           
00003203  __TI_decompress_none           
ffffffff  __TI_pprof_out_hndl            
ffffffff  __TI_prof_data_size            
ffffffff  __TI_prof_data_start           
00000000  __TI_static_base__             
00003241  __TI_zero_init                 
00001c17  __aeabi_idiv0                  
00003105  __aeabi_memclr                 
00003105  __aeabi_memclr4                
00003105  __aeabi_memclr8                
00003285  __aeabi_memcpy                 
00003285  __aeabi_memcpy4                
00003285  __aeabi_memcpy8                
00003251  __aeabi_memset                 
00003251  __aeabi_memset4                
00003251  __aeabi_memset8                
00002d01  __aeabi_uidiv                  
00002d01  __aeabi_uidivmod               
ffffffff  __binit__                      
UNDEFED   __mpu_init                     
20207e00  __stack                        
20200000  __start___llvm_prf_bits        
20200000  __start___llvm_prf_cnts        
20200000  __stop___llvm_prf_bits         
20200000  __stop___llvm_prf_cnts         
00003089  _c_int00_noargs                
UNDEFED   _system_post_cinit             
00003299  _system_pre_init               
0000329d  abort                          
202057d4  adc0                           
202057dc  adc1                           
000028b1  app_main                       
ffffffff  binit                          
00003215  delay_ms                       
0000205d  eTaskConfirmSleepModeStatus    
202054c8  gTIMER_0Backup                 
00000000  interruptVectors               
00002bf5  main                           
00001b7d  memcpy                         
00002635  memset                         
000000c1  pvPortMalloc                   
202057e8  pxCurrentTCB                   
00000eb5  pxPortInitialiseStack          
20205844  ready_0                        
20205845  ready_1                        
20205846  track                          
0000328d  ulSetInterruptMask             
00002ad5  uxListRemove                   
00003039  vApplicationGetIdleTaskMemory  
00003061  vApplicationGetTimerTaskMemory 
00003279  vApplicationStackOverflowHook  
00002bab  vClearInterruptMask            
00002fb3  vListInitialise                
0000325f  vListInitialiseItem            
000024f5  vListInsert                    
000031ad  vPortEnterCritical             
00002fe1  vPortExitCritical              
000013e1  vPortFree                      
00002f85  vPortSVCHandler_C              
0000285d  vPortSetupTimerInterrupt       
00000901  vPortSuppressTicksAndSleep     
000031c5  vPortYield                     
00002561  vQueueWaitForMessageRestricted 
00003111  vRestoreContextOfFirstTask     
00003221  vStartFirstTask                
000029f1  vTaskDelay                     
00003135  vTaskInternalSetTimeOutState   
0000326d  vTaskMissedYield               
00002e61  vTaskPlaceOnEventList          
00002339  vTaskPlaceOnEventListRestricted
000025cd  vTaskStartScheduler            
00001edd  vTaskStepTick                  
00003231  vTaskSuspendAll                
000010d5  vTaskSwitchContext             
00001f61  xPortStartScheduler            
00001add  xQueueGenericCreateStatic      
000015bd  xQueueGenericReset             
0000075d  xQueueReceive                  
000018d9  xTaskCheckForTimeOut           
00002b1d  xTaskCreate                    
00002a41  xTaskCreateStatic              
00002df1  xTaskGetSchedulerState         
000031dd  xTaskGetTickCount              
00000355  xTaskIncrementTick             
00000aa1  xTaskRemoveFromEventList       
00000565  xTaskResumeAll                 
00002155  xTimerCreateTimerTask          


GLOBAL SYMBOLS: SORTED BY Symbol Address 

address   name                           
-------   ----                           
00000000  __TI_ATRegion0_region_sz       
00000000  __TI_ATRegion0_src_addr        
00000000  __TI_ATRegion0_trg_addr        
00000000  __TI_ATRegion1_region_sz       
00000000  __TI_ATRegion1_src_addr        
00000000  __TI_ATRegion1_trg_addr        
00000000  __TI_ATRegion2_region_sz       
00000000  __TI_ATRegion2_src_addr        
00000000  __TI_ATRegion2_trg_addr        
00000000  __TI_static_base__             
00000000  interruptVectors               
000000c1  pvPortMalloc                   
00000200  __STACK_SIZE                   
00000355  xTaskIncrementTick             
00000565  xTaskResumeAll                 
0000075d  xQueueReceive                  
00000901  vPortSuppressTicksAndSleep     
00000aa1  xTaskRemoveFromEventList       
00000eb5  pxPortInitialiseStack          
000010d5  vTaskSwitchContext             
000012e5  DL_Timer_initTimerMode         
000013e1  vPortFree                      
000015bd  xQueueGenericReset             
00001823  AES_IRQHandler                 
00001823  CANFD0_IRQHandler              
00001823  DAC0_IRQHandler                
00001823  DMA_IRQHandler                 
00001823  Default_Handler                
00001823  GROUP0_IRQHandler              
00001823  GROUP1_IRQHandler              
00001823  HardFault_Handler              
00001823  I2C0_IRQHandler                
00001823  I2C1_IRQHandler                
00001823  NMI_Handler                    
00001823  RTC_IRQHandler                 
00001823  SPI0_IRQHandler                
00001823  SPI1_IRQHandler                
00001823  TIMA0_IRQHandler               
00001823  TIMA1_IRQHandler               
00001823  TIMG0_IRQHandler               
00001823  TIMG12_IRQHandler              
00001823  TIMG6_IRQHandler               
00001823  TIMG7_IRQHandler               
00001823  TIMG8_IRQHandler               
00001823  UART0_IRQHandler               
00001823  UART1_IRQHandler               
00001823  UART2_IRQHandler               
00001823  UART3_IRQHandler               
00001825  ADC1_IRQHandler                
000018d9  xTaskCheckForTimeOut           
0000198d  ADC0_IRQHandler                
00001add  xQueueGenericCreateStatic      
00001b7d  memcpy                         
00001c17  __aeabi_idiv0                  
00001c19  LED                            
00001edd  vTaskStepTick                  
00001f61  xPortStartScheduler            
00001fe1  SYSCFG_DL_ADC12_1_init         
0000205d  eTaskConfirmSleepModeStatus    
00002155  xTimerCreateTimerTask          
000021d1  __TI_decompress_lzss           
000022c5  SYSCFG_DL_ADC12_0_init         
00002339  vTaskPlaceOnEventListRestricted
000023ad  UART                           
0000241d  SYSCFG_DL_GPIO_init            
000024f5  vListInsert                    
00002561  vQueueWaitForMessageRestricted 
000025cd  vTaskStartScheduler            
00002635  memset                         
00002699  SYSCFG_DL_UART_0_init          
000026f9  SYSCFG_DL_initPower            
000027b5  SYSCFG_DL_I2C_1_init           
00002809  SYSCFG_DL_TIMER_0_init         
0000285d  vPortSetupTimerInterrupt       
000028b1  app_main                       
000029f1  vTaskDelay                     
00002a41  xTaskCreateStatic              
00002a8d  DL_UART_init                   
00002ad5  uxListRemove                   
00002b1d  xTaskCreate                    
00002bab  vClearInterruptMask            
00002bb1  PendSV_Handler                 
00002bf5  main                           
00002cc1  DL_ADC12_setClockConfig        
00002d01  __aeabi_uidiv                  
00002d01  __aeabi_uidivmod               
00002d7d  __TI_auto_init_nobinit_nopinit 
00002df1  xTaskGetSchedulerState         
00002e61  vTaskPlaceOnEventList          
00002e95  DL_UART_transmitDataBlocking   
00002ec5  SYSCFG_DL_init                 
00002ef5  SysTick_Handler                
00002f85  vPortSVCHandler_C              
00002fb3  vListInitialise                
00002fe1  vPortExitCritical              
00003039  vApplicationGetIdleTaskMemory  
00003061  vApplicationGetTimerTaskMemory 
00003089  _c_int00_noargs                
000030b1  DL_I2C_setClockConfig          
000030d7  DL_Common_delayCycles          
000030e1  SVC_Handler                    
00003105  __aeabi_memclr                 
00003105  __aeabi_memclr4                
00003105  __aeabi_memclr8                
00003111  vRestoreContextOfFirstTask     
00003135  vTaskInternalSetTimeOutState   
00003175  DL_Timer_setClockConfig        
00003191  SYSCFG_DL_SYSCTL_init          
000031ad  vPortEnterCritical             
000031c5  vPortYield                     
000031dd  xTaskGetTickCount              
000031f1  DL_UART_setClockConfig         
00003203  __TI_decompress_none           
00003215  delay_ms                       
00003221  vStartFirstTask                
00003231  vTaskSuspendAll                
00003241  __TI_zero_init                 
00003251  __aeabi_memset                 
00003251  __aeabi_memset4                
00003251  __aeabi_memset8                
0000325f  vListInitialiseItem            
0000326d  vTaskMissedYield               
00003279  vApplicationStackOverflowHook  
00003285  __aeabi_memcpy                 
00003285  __aeabi_memcpy4                
00003285  __aeabi_memcpy8                
0000328d  ulSetInterruptMask             
00003295  Reset_Handler                  
00003299  _system_pre_init               
0000329c  C$$EXIT                        
0000329d  abort                          
00003314  __TI_Handler_Table_Base        
00003320  __TI_Handler_Table_Limit       
00003328  __TI_CINIT_Base                
00003338  __TI_CINIT_Limit               
00003338  __TI_CINIT_Warm                
20200000  __start___llvm_prf_bits        
20200000  __start___llvm_prf_cnts        
20200000  __stop___llvm_prf_bits         
20200000  __stop___llvm_prf_cnts         
202054c8  gTIMER_0Backup                 
202057c4  TRACK_THRESHOLD                
202057d4  adc0                           
202057dc  adc1                           
202057e8  pxCurrentTCB                   
20205844  ready_0                        
20205845  ready_1                        
20205846  track                          
20207e00  __stack                        
20208000  __STACK_END                    
ffffffff  __TI_pprof_out_hndl            
ffffffff  __TI_prof_data_size            
ffffffff  __TI_prof_data_start           
ffffffff  __binit__                      
ffffffff  binit                          
UNDEFED   __mpu_init                     
UNDEFED   _system_post_cinit             

[157 symbols]
