<?xml version="1.0" encoding="ISO-8859-1" ?>
<link_info>
   <banner>TI ARM Clang Linker PC v4.0.0.LTS</banner>
   <copyright>Copyright (c) 1996-2018 Texas Instruments Incorporated</copyright>
   <command_line>E:\MyGame\Tools\CCS\ccs\tools\compiler\ti-cgt-armllvm_4.0.0.LTS\bin\tiarmlnk -IE:\MyGame\Tools\CCS\ccs\tools\compiler\ti-cgt-armllvm_4.0.0.LTS\lib -o blink_led_LP_MSPM0G3507_freertos_ticlang.out -mblink_led_LP_MSPM0G3507_freertos_ticlang.map -iD:/AiliuCheng/work/DIAN_RACE/aa/freertos_builds_LP_MSPM0G3507_release_ticlang/Debug -iD:/AiliuCheng/work/DIAN_RACE/TiSDK/mspm0_sdk_2_10_00_04/source -iD:/AiliuCheng/work/DIAN_RACE/aa/blink_led_LP_MSPM0G3507_freertos_ticlang -iD:/AiliuCheng/work/DIAN_RACE/aa/blink_led_LP_MSPM0G3507_freertos_ticlang/Debug/syscfg -iE:/MyGame/Tools/CCS/ccs/tools/compiler/ti-cgt-armllvm_4.0.0.LTS/lib --diag_wrap=off --display_error_number --warn_sections --xml_link_info=blink_led_LP_MSPM0G3507_freertos_ticlang_linkInfo.xml --rom_model ./main.o ./ti_msp_dl_config.o ./Driver/icm20608.o ./Driver/track.o ./freertos/ticlang/startup_mspm0g350x_ticlang.o ./source/2task.o ./source/app_main.o ./source/delay.o ./source/i2c.o ./source/uart.o ../mspm0g3507.cmd -lfreertos_builds_LP_MSPM0G3507_release_ticlang.lib -lD:/AiliuCheng/work/DIAN_RACE/TiSDK/mspm0_sdk_2_10_00_04/source/ti/driverlib/lib/ticlang/m0p/mspm0g1x0x_g3x0x/driverlib.a -llibc.a --start-group -llibc++.a -llibc++abi.a -llibc.a -llibsys.a -llibsysbm.a -llibclang_rt.builtins.a -llibclang_rt.profile.a --end-group --cg_opt_level=2</command_line>
   <link_time>0x6a1abb87</link_time>
   <link_errors>0x0</link_errors>
   <output_file>D:\AiliuCheng\work\DIAN_RACE\aa\blink_led_LP_MSPM0G3507_freertos_ticlang\Debug\blink_led_LP_MSPM0G3507_freertos_ticlang.out</output_file>
   <entry_point>
      <name>_c_int00_noargs</name>
      <address>0x3089</address>
   </entry_point>
   <input_file_list>
      <input_file id="fl-1">
         <path>D:\AiliuCheng\work\DIAN_RACE\aa\blink_led_LP_MSPM0G3507_freertos_ticlang\Debug\.\</path>
         <kind>object</kind>
         <file>main.o</file>
         <name>main.o</name>
      </input_file>
      <input_file id="fl-2">
         <path>D:\AiliuCheng\work\DIAN_RACE\aa\blink_led_LP_MSPM0G3507_freertos_ticlang\Debug\.\</path>
         <kind>object</kind>
         <file>ti_msp_dl_config.o</file>
         <name>ti_msp_dl_config.o</name>
      </input_file>
      <input_file id="fl-3">
         <path>D:\AiliuCheng\work\DIAN_RACE\aa\blink_led_LP_MSPM0G3507_freertos_ticlang\Debug\.\Driver\</path>
         <kind>object</kind>
         <file>icm20608.o</file>
         <name>icm20608.o</name>
      </input_file>
      <input_file id="fl-4">
         <path>D:\AiliuCheng\work\DIAN_RACE\aa\blink_led_LP_MSPM0G3507_freertos_ticlang\Debug\.\Driver\</path>
         <kind>object</kind>
         <file>track.o</file>
         <name>track.o</name>
      </input_file>
      <input_file id="fl-5">
         <path>D:\AiliuCheng\work\DIAN_RACE\aa\blink_led_LP_MSPM0G3507_freertos_ticlang\Debug\.\freertos\ticlang\</path>
         <kind>object</kind>
         <file>startup_mspm0g350x_ticlang.o</file>
         <name>startup_mspm0g350x_ticlang.o</name>
      </input_file>
      <input_file id="fl-6">
         <path>D:\AiliuCheng\work\DIAN_RACE\aa\blink_led_LP_MSPM0G3507_freertos_ticlang\Debug\.\source\</path>
         <kind>object</kind>
         <file>2task.o</file>
         <name>2task.o</name>
      </input_file>
      <input_file id="fl-7">
         <path>D:\AiliuCheng\work\DIAN_RACE\aa\blink_led_LP_MSPM0G3507_freertos_ticlang\Debug\.\source\</path>
         <kind>object</kind>
         <file>app_main.o</file>
         <name>app_main.o</name>
      </input_file>
      <input_file id="fl-8">
         <path>D:\AiliuCheng\work\DIAN_RACE\aa\blink_led_LP_MSPM0G3507_freertos_ticlang\Debug\.\source\</path>
         <kind>object</kind>
         <file>delay.o</file>
         <name>delay.o</name>
      </input_file>
      <input_file id="fl-9">
         <path>D:\AiliuCheng\work\DIAN_RACE\aa\blink_led_LP_MSPM0G3507_freertos_ticlang\Debug\.\source\</path>
         <kind>object</kind>
         <file>i2c.o</file>
         <name>i2c.o</name>
      </input_file>
      <input_file id="fl-a">
         <path>D:\AiliuCheng\work\DIAN_RACE\aa\blink_led_LP_MSPM0G3507_freertos_ticlang\Debug\.\source\</path>
         <kind>object</kind>
         <file>uart.o</file>
         <name>uart.o</name>
      </input_file>
      <input_file id="fl-17">
         <path>D:\AiliuCheng\work\DIAN_RACE\aa\blink_led_LP_MSPM0G3507_freertos_ticlang\Debug\</path>
         <kind>object</kind>
         <file>&lt;internal&gt;</file>
         <name>&lt;internal&gt;</name>
      </input_file>
      <input_file id="fl-18">
         <path>D:\AiliuCheng\work\DIAN_RACE\aa\freertos_builds_LP_MSPM0G3507_release_ticlang\Debug\</path>
         <kind>archive</kind>
         <file>freertos_builds_LP_MSPM0G3507_release_ticlang.lib</file>
         <name>tasks.o</name>
      </input_file>
      <input_file id="fl-19">
         <path>D:\AiliuCheng\work\DIAN_RACE\aa\freertos_builds_LP_MSPM0G3507_release_ticlang\Debug\</path>
         <kind>archive</kind>
         <file>freertos_builds_LP_MSPM0G3507_release_ticlang.lib</file>
         <name>timers.o</name>
      </input_file>
      <input_file id="fl-1a">
         <path>D:\AiliuCheng\work\DIAN_RACE\aa\freertos_builds_LP_MSPM0G3507_release_ticlang\Debug\</path>
         <kind>archive</kind>
         <file>freertos_builds_LP_MSPM0G3507_release_ticlang.lib</file>
         <name>port.o</name>
      </input_file>
      <input_file id="fl-1b">
         <path>D:\AiliuCheng\work\DIAN_RACE\aa\freertos_builds_LP_MSPM0G3507_release_ticlang\Debug\</path>
         <kind>archive</kind>
         <file>freertos_builds_LP_MSPM0G3507_release_ticlang.lib</file>
         <name>portasm.o</name>
      </input_file>
      <input_file id="fl-1c">
         <path>D:\AiliuCheng\work\DIAN_RACE\aa\freertos_builds_LP_MSPM0G3507_release_ticlang\Debug\</path>
         <kind>archive</kind>
         <file>freertos_builds_LP_MSPM0G3507_release_ticlang.lib</file>
         <name>PTLS.o</name>
      </input_file>
      <input_file id="fl-1d">
         <path>D:\AiliuCheng\work\DIAN_RACE\aa\freertos_builds_LP_MSPM0G3507_release_ticlang\Debug\</path>
         <kind>archive</kind>
         <file>freertos_builds_LP_MSPM0G3507_release_ticlang.lib</file>
         <name>AppHooks_freertos.o</name>
      </input_file>
      <input_file id="fl-1e">
         <path>D:\AiliuCheng\work\DIAN_RACE\aa\freertos_builds_LP_MSPM0G3507_release_ticlang\Debug\</path>
         <kind>archive</kind>
         <file>freertos_builds_LP_MSPM0G3507_release_ticlang.lib</file>
         <name>StaticAllocs_freertos.o</name>
      </input_file>
      <input_file id="fl-1f">
         <path>D:\AiliuCheng\work\DIAN_RACE\aa\freertos_builds_LP_MSPM0G3507_release_ticlang\Debug\</path>
         <kind>archive</kind>
         <file>freertos_builds_LP_MSPM0G3507_release_ticlang.lib</file>
         <name>heap_4.o</name>
      </input_file>
      <input_file id="fl-20">
         <path>D:\AiliuCheng\work\DIAN_RACE\aa\freertos_builds_LP_MSPM0G3507_release_ticlang\Debug\</path>
         <kind>archive</kind>
         <file>freertos_builds_LP_MSPM0G3507_release_ticlang.lib</file>
         <name>list.o</name>
      </input_file>
      <input_file id="fl-21">
         <path>D:\AiliuCheng\work\DIAN_RACE\aa\freertos_builds_LP_MSPM0G3507_release_ticlang\Debug\</path>
         <kind>archive</kind>
         <file>freertos_builds_LP_MSPM0G3507_release_ticlang.lib</file>
         <name>queue.o</name>
      </input_file>
      <input_file id="fl-22">
         <path>D:\AiliuCheng\work\DIAN_RACE\TiSDK\mspm0_sdk_2_10_00_04\source\ti\driverlib\lib\ticlang\m0p\mspm0g1x0x_g3x0x\</path>
         <kind>archive</kind>
         <file>driverlib.a</file>
         <name>dl_adc12.o</name>
      </input_file>
      <input_file id="fl-23">
         <path>D:\AiliuCheng\work\DIAN_RACE\TiSDK\mspm0_sdk_2_10_00_04\source\ti\driverlib\lib\ticlang\m0p\mspm0g1x0x_g3x0x\</path>
         <kind>archive</kind>
         <file>driverlib.a</file>
         <name>dl_common.o</name>
      </input_file>
      <input_file id="fl-24">
         <path>D:\AiliuCheng\work\DIAN_RACE\TiSDK\mspm0_sdk_2_10_00_04\source\ti\driverlib\lib\ticlang\m0p\mspm0g1x0x_g3x0x\</path>
         <kind>archive</kind>
         <file>driverlib.a</file>
         <name>dl_i2c.o</name>
      </input_file>
      <input_file id="fl-25">
         <path>D:\AiliuCheng\work\DIAN_RACE\TiSDK\mspm0_sdk_2_10_00_04\source\ti\driverlib\lib\ticlang\m0p\mspm0g1x0x_g3x0x\</path>
         <kind>archive</kind>
         <file>driverlib.a</file>
         <name>dl_timer.o</name>
      </input_file>
      <input_file id="fl-26">
         <path>D:\AiliuCheng\work\DIAN_RACE\TiSDK\mspm0_sdk_2_10_00_04\source\ti\driverlib\lib\ticlang\m0p\mspm0g1x0x_g3x0x\</path>
         <kind>archive</kind>
         <file>driverlib.a</file>
         <name>dl_uart.o</name>
      </input_file>
      <input_file id="fl-3b">
         <path>E:\MyGame\Tools\CCS\ccs\tools\compiler\ti-cgt-armllvm_4.0.0.LTS\lib\armv6m-ti-none-eabi\c\</path>
         <kind>archive</kind>
         <file>libc.a</file>
         <name>boot_cortex_m.c.obj</name>
      </input_file>
      <input_file id="fl-3c">
         <path>E:\MyGame\Tools\CCS\ccs\tools\compiler\ti-cgt-armllvm_4.0.0.LTS\lib\armv6m-ti-none-eabi\c\</path>
         <kind>archive</kind>
         <file>libc.a</file>
         <name>mathacl_init.c.obj</name>
      </input_file>
      <input_file id="fl-3d">
         <path>E:\MyGame\Tools\CCS\ccs\tools\compiler\ti-cgt-armllvm_4.0.0.LTS\lib\armv6m-ti-none-eabi\c\</path>
         <kind>archive</kind>
         <file>libc.a</file>
         <name>autoinit.c.obj</name>
      </input_file>
      <input_file id="fl-3e">
         <path>E:\MyGame\Tools\CCS\ccs\tools\compiler\ti-cgt-armllvm_4.0.0.LTS\lib\armv6m-ti-none-eabi\c\</path>
         <kind>archive</kind>
         <file>libc.a</file>
         <name>pre_init.c.obj</name>
      </input_file>
      <input_file id="fl-3f">
         <path>E:\MyGame\Tools\CCS\ccs\tools\compiler\ti-cgt-armllvm_4.0.0.LTS\lib\armv6m-ti-none-eabi\c\</path>
         <kind>archive</kind>
         <file>libc.a</file>
         <name>cpy_tbl.c.obj</name>
      </input_file>
      <input_file id="fl-40">
         <path>E:\MyGame\Tools\CCS\ccs\tools\compiler\ti-cgt-armllvm_4.0.0.LTS\lib\armv6m-ti-none-eabi\c\</path>
         <kind>archive</kind>
         <file>libc.a</file>
         <name>copy_zero_init.c.obj</name>
      </input_file>
      <input_file id="fl-41">
         <path>E:\MyGame\Tools\CCS\ccs\tools\compiler\ti-cgt-armllvm_4.0.0.LTS\lib\armv6m-ti-none-eabi\c\</path>
         <kind>archive</kind>
         <file>libc.a</file>
         <name>copy_decompress_none.c.obj</name>
      </input_file>
      <input_file id="fl-42">
         <path>E:\MyGame\Tools\CCS\ccs\tools\compiler\ti-cgt-armllvm_4.0.0.LTS\lib\armv6m-ti-none-eabi\c\</path>
         <kind>archive</kind>
         <file>libc.a</file>
         <name>copy_decompress_lzss.c.obj</name>
      </input_file>
      <input_file id="fl-43">
         <path>E:\MyGame\Tools\CCS\ccs\tools\compiler\ti-cgt-armllvm_4.0.0.LTS\lib\armv6m-ti-none-eabi\c\</path>
         <kind>archive</kind>
         <file>libc.a</file>
         <name>exit.c.obj</name>
      </input_file>
      <input_file id="fl-44">
         <path>E:\MyGame\Tools\CCS\ccs\tools\compiler\ti-cgt-armllvm_4.0.0.LTS\lib\armv6m-ti-none-eabi\c\</path>
         <kind>archive</kind>
         <file>libc.a</file>
         <name>_lock.c.obj</name>
      </input_file>
      <input_file id="fl-45">
         <path>E:\MyGame\Tools\CCS\ccs\tools\compiler\ti-cgt-armllvm_4.0.0.LTS\lib\armv6m-ti-none-eabi\c\</path>
         <kind>archive</kind>
         <file>libc.a</file>
         <name>args_main.c.obj</name>
      </input_file>
      <input_file id="fl-db">
         <path>E:\MyGame\Tools\CCS\ccs\tools\compiler\ti-cgt-armllvm_4.0.0.LTS\lib\armv6m-ti-none-eabi\</path>
         <kind>archive</kind>
         <file>libclang_rt.builtins.a</file>
         <name>adddf3.S.obj</name>
      </input_file>
      <input_file id="fl-dc">
         <path>E:\MyGame\Tools\CCS\ccs\tools\compiler\ti-cgt-armllvm_4.0.0.LTS\lib\armv6m-ti-none-eabi\</path>
         <kind>archive</kind>
         <file>libclang_rt.builtins.a</file>
         <name>divdf3.S.obj</name>
      </input_file>
      <input_file id="fl-dd">
         <path>E:\MyGame\Tools\CCS\ccs\tools\compiler\ti-cgt-armllvm_4.0.0.LTS\lib\armv6m-ti-none-eabi\</path>
         <kind>archive</kind>
         <file>libclang_rt.builtins.a</file>
         <name>floatsidf.S.obj</name>
      </input_file>
      <input_file id="fl-de">
         <path>E:\MyGame\Tools\CCS\ccs\tools\compiler\ti-cgt-armllvm_4.0.0.LTS\lib\armv6m-ti-none-eabi\</path>
         <kind>archive</kind>
         <file>libclang_rt.builtins.a</file>
         <name>truncdfsf2.S.obj</name>
      </input_file>
      <input_file id="fl-df">
         <path>E:\MyGame\Tools\CCS\ccs\tools\compiler\ti-cgt-armllvm_4.0.0.LTS\lib\armv6m-ti-none-eabi\</path>
         <kind>archive</kind>
         <file>libclang_rt.builtins.a</file>
         <name>aeabi_memcpy.S.obj</name>
      </input_file>
      <input_file id="fl-e0">
         <path>E:\MyGame\Tools\CCS\ccs\tools\compiler\ti-cgt-armllvm_4.0.0.LTS\lib\armv6m-ti-none-eabi\</path>
         <kind>archive</kind>
         <file>libclang_rt.builtins.a</file>
         <name>aeabi_memset.S.obj</name>
      </input_file>
      <input_file id="fl-e1">
         <path>E:\MyGame\Tools\CCS\ccs\tools\compiler\ti-cgt-armllvm_4.0.0.LTS\lib\armv6m-ti-none-eabi\</path>
         <kind>archive</kind>
         <file>libclang_rt.builtins.a</file>
         <name>aeabi_uidivmod.S.obj</name>
      </input_file>
      <input_file id="fl-e2">
         <path>E:\MyGame\Tools\CCS\ccs\tools\compiler\ti-cgt-armllvm_4.0.0.LTS\lib\armv6m-ti-none-eabi\</path>
         <kind>archive</kind>
         <file>libclang_rt.builtins.a</file>
         <name>aeabi_div0.c.obj</name>
      </input_file>
      <input_file id="fl-e3">
         <path>E:\MyGame\Tools\CCS\ccs\tools\compiler\ti-cgt-armllvm_4.0.0.LTS\lib\armv6m-ti-none-eabi\c\</path>
         <kind>archive</kind>
         <file>libc.a</file>
         <name>memcpy16.S.obj</name>
      </input_file>
      <input_file id="fl-e4">
         <path>E:\MyGame\Tools\CCS\ccs\tools\compiler\ti-cgt-armllvm_4.0.0.LTS\lib\armv6m-ti-none-eabi\c\</path>
         <kind>archive</kind>
         <file>libc.a</file>
         <name>memset16.S.obj</name>
      </input_file>
   </input_file_list>
   <object_component_list>
      <object_component id="oc-18">
         <name>.intvecs</name>
         <load_address>0x0</load_address>
         <readonly>true</readonly>
         <run_address>0x0</run_address>
         <size>0xc0</size>
         <alignment>0x4</alignment>
         <input_file_ref idref="fl-5"/>
      </object_component>
      <object_component id="oc-158">
         <name>.text.pvPortMalloc</name>
         <load_address>0xc0</load_address>
         <readonly>true</readonly>
         <executable>true</executable>
         <run_address>0xc0</run_address>
         <size>0x294</size>
         <alignment>0x4</alignment>
         <input_file_ref idref="fl-1f"/>
      </object_component>
      <object_component id="oc-7f">
         <name>.text.xTaskIncrementTick</name>
         <load_address>0x354</load_address>
         <readonly>true</readonly>
         <executable>true</executable>
         <run_address>0x354</run_address>
         <size>0x210</size>
         <alignment>0x4</alignment>
         <input_file_ref idref="fl-18"/>
      </object_component>
      <object_component id="oc-17d">
         <name>.text.xTaskResumeAll</name>
         <load_address>0x564</load_address>
         <readonly>true</readonly>
         <executable>true</executable>
         <run_address>0x564</run_address>
         <size>0x1f8</size>
         <alignment>0x4</alignment>
         <input_file_ref idref="fl-18"/>
      </object_component>
      <object_component id="oc-1c2">
         <name>.text.xQueueReceive</name>
         <load_address>0x75c</load_address>
         <readonly>true</readonly>
         <executable>true</executable>
         <run_address>0x75c</run_address>
         <size>0x1a4</size>
         <alignment>0x2</alignment>
         <input_file_ref idref="fl-21"/>
      </object_component>
      <object_component id="oc-19c">
         <name>.text.vPortSuppressTicksAndSleep</name>
         <load_address>0x900</load_address>
         <readonly>true</readonly>
         <executable>true</executable>
         <run_address>0x900</run_address>
         <size>0x1a0</size>
         <alignment>0x4</alignment>
         <input_file_ref idref="fl-1a"/>
      </object_component>
      <object_component id="oc-1d4">
         <name>.text.xTaskRemoveFromEventList</name>
         <load_address>0xaa0</load_address>
         <readonly>true</readonly>
         <executable>true</executable>
         <run_address>0xaa0</run_address>
         <size>0x190</size>
         <alignment>0x4</alignment>
         <input_file_ref idref="fl-18"/>
      </object_component>
      <object_component id="oc-1ac">
         <name>.text.prvProcessReceivedCommands</name>
         <load_address>0xc30</load_address>
         <readonly>true</readonly>
         <executable>true</executable>
         <run_address>0xc30</run_address>
         <size>0x15c</size>
         <alignment>0x4</alignment>
         <input_file_ref idref="fl-19"/>
      </object_component>
      <object_component id="oc-12f">
         <name>.text.prvAddNewTaskToReadyList</name>
         <load_address>0xd8c</load_address>
         <readonly>true</readonly>
         <executable>true</executable>
         <run_address>0xd8c</run_address>
         <size>0x128</size>
         <alignment>0x4</alignment>
         <input_file_ref idref="fl-18"/>
      </object_component>
      <object_component id="oc-18e">
         <name>.text.pxPortInitialiseStack</name>
         <load_address>0xeb4</load_address>
         <readonly>true</readonly>
         <executable>true</executable>
         <run_address>0xeb4</run_address>
         <size>0x114</size>
         <alignment>0x4</alignment>
         <input_file_ref idref="fl-1a"/>
      </object_component>
      <object_component id="oc-186">
         <name>.text.prvInsertBlockIntoFreeList</name>
         <load_address>0xfc8</load_address>
         <readonly>true</readonly>
         <executable>true</executable>
         <run_address>0xfc8</run_address>
         <size>0x10c</size>
         <alignment>0x4</alignment>
         <input_file_ref idref="fl-1f"/>
      </object_component>
      <object_component id="oc-1c">
         <name>.text.vTaskSwitchContext</name>
         <load_address>0x10d4</load_address>
         <readonly>true</readonly>
         <executable>true</executable>
         <run_address>0x10d4</run_address>
         <size>0x10c</size>
         <alignment>0x4</alignment>
         <input_file_ref idref="fl-18"/>
      </object_component>
      <object_component id="oc-15e">
         <name>.text.prvInitialiseNewTask</name>
         <load_address>0x11e0</load_address>
         <readonly>true</readonly>
         <executable>true</executable>
         <run_address>0x11e0</run_address>
         <size>0x104</size>
         <alignment>0x2</alignment>
         <input_file_ref idref="fl-18"/>
      </object_component>
      <object_component id="oc-113">
         <name>.text.DL_Timer_initTimerMode</name>
         <load_address>0x12e4</load_address>
         <readonly>true</readonly>
         <executable>true</executable>
         <run_address>0x12e4</run_address>
         <size>0xfc</size>
         <alignment>0x4</alignment>
         <input_file_ref idref="fl-25"/>
      </object_component>
      <object_component id="oc-15d">
         <name>.text.vPortFree</name>
         <load_address>0x13e0</load_address>
         <readonly>true</readonly>
         <executable>true</executable>
         <run_address>0x13e0</run_address>
         <size>0xf8</size>
         <alignment>0x4</alignment>
         <input_file_ref idref="fl-1f"/>
      </object_component>
      <object_component id="oc-1b4">
         <name>.text.prvAddCurrentTaskToDelayedList</name>
         <load_address>0x14d8</load_address>
         <readonly>true</readonly>
         <executable>true</executable>
         <run_address>0x14d8</run_address>
         <size>0xe4</size>
         <alignment>0x4</alignment>
         <input_file_ref idref="fl-18"/>
      </object_component>
      <object_component id="oc-1cc">
         <name>.text.xQueueGenericReset</name>
         <load_address>0x15bc</load_address>
         <readonly>true</readonly>
         <executable>true</executable>
         <run_address>0x15bc</run_address>
         <size>0xe4</size>
         <alignment>0x2</alignment>
         <input_file_ref idref="fl-21"/>
      </object_component>
      <object_component id="oc-130">
         <name>.text.prvCreateIdleTasks</name>
         <load_address>0x16a0</load_address>
         <readonly>true</readonly>
         <executable>true</executable>
         <run_address>0x16a0</run_address>
         <size>0xcc</size>
         <alignment>0x4</alignment>
         <input_file_ref idref="fl-18"/>
      </object_component>
      <object_component id="oc-1d1">
         <name>.text.prvUnlockQueue</name>
         <load_address>0x176c</load_address>
         <readonly>true</readonly>
         <executable>true</executable>
         <run_address>0x176c</run_address>
         <size>0xb6</size>
         <alignment>0x2</alignment>
         <input_file_ref idref="fl-21"/>
      </object_component>
      <object_component id="oc-3e">
         <name>.text.Default_Handler</name>
         <load_address>0x1822</load_address>
         <readonly>true</readonly>
         <executable>true</executable>
         <run_address>0x1822</run_address>
         <size>0x2</size>
         <alignment>0x2</alignment>
         <input_file_ref idref="fl-5"/>
      </object_component>
      <object_component id="oc-4c">
         <name>.text.ADC1_IRQHandler</name>
         <load_address>0x1824</load_address>
         <readonly>true</readonly>
         <executable>true</executable>
         <run_address>0x1824</run_address>
         <size>0xb4</size>
         <alignment>0x4</alignment>
         <input_file_ref idref="fl-4"/>
      </object_component>
      <object_component id="oc-1d6">
         <name>.text.xTaskCheckForTimeOut</name>
         <load_address>0x18d8</load_address>
         <readonly>true</readonly>
         <executable>true</executable>
         <run_address>0x18d8</run_address>
         <size>0xb4</size>
         <alignment>0x4</alignment>
         <input_file_ref idref="fl-18"/>
      </object_component>
      <object_component id="oc-46">
         <name>.text.ADC0_IRQHandler</name>
         <load_address>0x198c</load_address>
         <readonly>true</readonly>
         <executable>true</executable>
         <run_address>0x198c</run_address>
         <size>0xb0</size>
         <alignment>0x4</alignment>
         <input_file_ref idref="fl-4"/>
      </object_component>
      <object_component id="oc-17c">
         <name>.text.prvHeapInit</name>
         <load_address>0x1a3c</load_address>
         <readonly>true</readonly>
         <executable>true</executable>
         <run_address>0x1a3c</run_address>
         <size>0xa0</size>
         <alignment>0x4</alignment>
         <input_file_ref idref="fl-1f"/>
      </object_component>
      <object_component id="oc-19d">
         <name>.text.xQueueGenericCreateStatic</name>
         <load_address>0x1adc</load_address>
         <readonly>true</readonly>
         <executable>true</executable>
         <run_address>0x1adc</run_address>
         <size>0xa0</size>
         <alignment>0x2</alignment>
         <input_file_ref idref="fl-21"/>
      </object_component>
      <object_component id="oc-b2">
         <name>.text:memcpy</name>
         <load_address>0x1b7c</load_address>
         <readonly>true</readonly>
         <executable>true</executable>
         <run_address>0x1b7c</run_address>
         <size>0x9a</size>
         <alignment>0x1</alignment>
         <input_file_ref idref="fl-e3"/>
      </object_component>
      <object_component id="oc-1c5">
         <name>.text.__aeabi_idiv0</name>
         <load_address>0x1c16</load_address>
         <readonly>true</readonly>
         <executable>true</executable>
         <run_address>0x1c16</run_address>
         <size>0x2</size>
         <alignment>0x2</alignment>
         <input_file_ref idref="fl-e2"/>
      </object_component>
      <object_component id="oc-f0">
         <name>.text.LED</name>
         <load_address>0x1c18</load_address>
         <readonly>true</readonly>
         <executable>true</executable>
         <run_address>0x1c18</run_address>
         <size>0x98</size>
         <alignment>0x4</alignment>
         <input_file_ref idref="fl-6"/>
      </object_component>
      <object_component id="oc-199">
         <name>.text.prvCreateStaticTask</name>
         <load_address>0x1cb0</load_address>
         <readonly>true</readonly>
         <executable>true</executable>
         <run_address>0x1cb0</run_address>
         <size>0x98</size>
         <alignment>0x2</alignment>
         <input_file_ref idref="fl-18"/>
      </object_component>
      <object_component id="oc-1ab">
         <name>.text.prvProcessTimerOrBlockTask</name>
         <load_address>0x1d48</load_address>
         <readonly>true</readonly>
         <executable>true</executable>
         <run_address>0x1d48</run_address>
         <size>0x8c</size>
         <alignment>0x4</alignment>
         <input_file_ref idref="fl-19"/>
      </object_component>
      <object_component id="oc-12e">
         <name>.text.prvCreateTask</name>
         <load_address>0x1dd4</load_address>
         <readonly>true</readonly>
         <executable>true</executable>
         <run_address>0x1dd4</run_address>
         <size>0x84</size>
         <alignment>0x2</alignment>
         <input_file_ref idref="fl-18"/>
      </object_component>
      <object_component id="oc-1c3">
         <name>.text.prvInsertTimerInActiveList</name>
         <load_address>0x1e58</load_address>
         <readonly>true</readonly>
         <executable>true</executable>
         <run_address>0x1e58</run_address>
         <size>0x84</size>
         <alignment>0x4</alignment>
         <input_file_ref idref="fl-19"/>
      </object_component>
      <object_component id="oc-1bb">
         <name>.text.vTaskStepTick</name>
         <load_address>0x1edc</load_address>
         <readonly>true</readonly>
         <executable>true</executable>
         <run_address>0x1edc</run_address>
         <size>0x84</size>
         <alignment>0x4</alignment>
         <input_file_ref idref="fl-18"/>
      </object_component>
      <object_component id="oc-136">
         <name>.text.xPortStartScheduler</name>
         <load_address>0x1f60</load_address>
         <readonly>true</readonly>
         <executable>true</executable>
         <run_address>0x1f60</run_address>
         <size>0x80</size>
         <alignment>0x4</alignment>
         <input_file_ref idref="fl-1a"/>
      </object_component>
      <object_component id="oc-e9">
         <name>.text.SYSCFG_DL_ADC12_1_init</name>
         <load_address>0x1fe0</load_address>
         <readonly>true</readonly>
         <executable>true</executable>
         <run_address>0x1fe0</run_address>
         <size>0x7c</size>
         <alignment>0x4</alignment>
         <input_file_ref idref="fl-2"/>
      </object_component>
      <object_component id="oc-1ba">
         <name>.text.eTaskConfirmSleepModeStatus</name>
         <load_address>0x205c</load_address>
         <readonly>true</readonly>
         <executable>true</executable>
         <run_address>0x205c</run_address>
         <size>0x7c</size>
         <alignment>0x4</alignment>
         <input_file_ref idref="fl-18"/>
      </object_component>
      <object_component id="oc-15f">
         <name>.text.prvInitialiseTaskLists</name>
         <load_address>0x20d8</load_address>
         <readonly>true</readonly>
         <executable>true</executable>
         <run_address>0x20d8</run_address>
         <size>0x7c</size>
         <alignment>0x4</alignment>
         <input_file_ref idref="fl-18"/>
      </object_component>
      <object_component id="oc-131">
         <name>.text.xTimerCreateTimerTask</name>
         <load_address>0x2154</load_address>
         <readonly>true</readonly>
         <executable>true</executable>
         <run_address>0x2154</run_address>
         <size>0x7c</size>
         <alignment>0x4</alignment>
         <input_file_ref idref="fl-19"/>
      </object_component>
      <object_component id="oc-27">
         <name>.text:decompress:lzss</name>
         <load_address>0x21d0</load_address>
         <readonly>true</readonly>
         <executable>true</executable>
         <run_address>0x21d0</run_address>
         <size>0x7c</size>
         <alignment>0x4</alignment>
         <input_file_ref idref="fl-42"/>
      </object_component>
      <object_component id="oc-19b">
         <name>.text.prvGetExpectedIdleTime</name>
         <load_address>0x224c</load_address>
         <readonly>true</readonly>
         <executable>true</executable>
         <run_address>0x224c</run_address>
         <size>0x78</size>
         <alignment>0x4</alignment>
         <input_file_ref idref="fl-18"/>
      </object_component>
      <object_component id="oc-ea">
         <name>.text.SYSCFG_DL_ADC12_0_init</name>
         <load_address>0x22c4</load_address>
         <readonly>true</readonly>
         <executable>true</executable>
         <run_address>0x22c4</run_address>
         <size>0x74</size>
         <alignment>0x4</alignment>
         <input_file_ref idref="fl-2"/>
      </object_component>
      <object_component id="oc-1d0">
         <name>.text.vTaskPlaceOnEventListRestricted</name>
         <load_address>0x2338</load_address>
         <readonly>true</readonly>
         <executable>true</executable>
         <run_address>0x2338</run_address>
         <size>0x74</size>
         <alignment>0x4</alignment>
         <input_file_ref idref="fl-18"/>
      </object_component>
      <object_component id="oc-f7">
         <name>.text.UART</name>
         <load_address>0x23ac</load_address>
         <readonly>true</readonly>
         <executable>true</executable>
         <run_address>0x23ac</run_address>
         <size>0x70</size>
         <alignment>0x4</alignment>
         <input_file_ref idref="fl-6"/>
      </object_component>
      <object_component id="oc-e3">
         <name>.text.SYSCFG_DL_GPIO_init</name>
         <load_address>0x241c</load_address>
         <readonly>true</readonly>
         <executable>true</executable>
         <run_address>0x241c</run_address>
         <size>0x6c</size>
         <alignment>0x4</alignment>
         <input_file_ref idref="fl-2"/>
      </object_component>
      <object_component id="oc-16c">
         <name>.text.prvCheckForValidListAndQueue</name>
         <load_address>0x2488</load_address>
         <readonly>true</readonly>
         <executable>true</executable>
         <run_address>0x2488</run_address>
         <size>0x6c</size>
         <alignment>0x4</alignment>
         <input_file_ref idref="fl-19"/>
      </object_component>
      <object_component id="oc-1cb">
         <name>.text.vListInsert</name>
         <load_address>0x24f4</load_address>
         <readonly>true</readonly>
         <executable>true</executable>
         <run_address>0x24f4</run_address>
         <size>0x6c</size>
         <alignment>0x2</alignment>
         <input_file_ref idref="fl-20"/>
      </object_component>
      <object_component id="oc-1c1">
         <name>.text.vQueueWaitForMessageRestricted</name>
         <load_address>0x2560</load_address>
         <readonly>true</readonly>
         <executable>true</executable>
         <run_address>0x2560</run_address>
         <size>0x6a</size>
         <alignment>0x2</alignment>
         <input_file_ref idref="fl-21"/>
      </object_component>
      <object_component id="oc-ef">
         <name>.text.vTaskStartScheduler</name>
         <load_address>0x25cc</load_address>
         <readonly>true</readonly>
         <executable>true</executable>
         <run_address>0x25cc</run_address>
         <size>0x68</size>
         <alignment>0x4</alignment>
         <input_file_ref idref="fl-18"/>
      </object_component>
      <object_component id="oc-e1">
         <name>.text:memset</name>
         <load_address>0x2634</load_address>
         <readonly>true</readonly>
         <executable>true</executable>
         <run_address>0x2634</run_address>
         <size>0x62</size>
         <alignment>0x1</alignment>
         <input_file_ref idref="fl-e4"/>
      </object_component>
      <object_component id="oc-e8">
         <name>.text.SYSCFG_DL_UART_0_init</name>
         <load_address>0x2698</load_address>
         <readonly>true</readonly>
         <executable>true</executable>
         <run_address>0x2698</run_address>
         <size>0x60</size>
         <alignment>0x4</alignment>
         <input_file_ref idref="fl-2"/>
      </object_component>
      <object_component id="oc-e2">
         <name>.text.SYSCFG_DL_initPower</name>
         <load_address>0x26f8</load_address>
         <readonly>true</readonly>
         <executable>true</executable>
         <run_address>0x26f8</run_address>
         <size>0x60</size>
         <alignment>0x4</alignment>
         <input_file_ref idref="fl-2"/>
      </object_component>
      <object_component id="oc-16a">
         <name>.text.prvIdleTask</name>
         <load_address>0x2758</load_address>
         <readonly>true</readonly>
         <executable>true</executable>
         <run_address>0x2758</run_address>
         <size>0x5c</size>
         <alignment>0x4</alignment>
         <input_file_ref idref="fl-18"/>
      </object_component>
      <object_component id="oc-e7">
         <name>.text.SYSCFG_DL_I2C_1_init</name>
         <load_address>0x27b4</load_address>
         <readonly>true</readonly>
         <executable>true</executable>
         <run_address>0x27b4</run_address>
         <size>0x54</size>
         <alignment>0x4</alignment>
         <input_file_ref idref="fl-2"/>
      </object_component>
      <object_component id="oc-e6">
         <name>.text.SYSCFG_DL_TIMER_0_init</name>
         <load_address>0x2808</load_address>
         <readonly>true</readonly>
         <executable>true</executable>
         <run_address>0x2808</run_address>
         <size>0x54</size>
         <alignment>0x4</alignment>
         <input_file_ref idref="fl-2"/>
      </object_component>
      <object_component id="oc-174">
         <name>.text.vPortSetupTimerInterrupt</name>
         <load_address>0x285c</load_address>
         <readonly>true</readonly>
         <executable>true</executable>
         <run_address>0x285c</run_address>
         <size>0x54</size>
         <alignment>0x4</alignment>
         <input_file_ref idref="fl-1a"/>
      </object_component>
      <object_component id="oc-bc">
         <name>.text.app_main</name>
         <load_address>0x28b0</load_address>
         <readonly>true</readonly>
         <executable>true</executable>
         <run_address>0x28b0</run_address>
         <size>0x50</size>
         <alignment>0x4</alignment>
         <input_file_ref idref="fl-7"/>
      </object_component>
      <object_component id="oc-19a">
         <name>.text.prvCheckTasksWaitingTermination</name>
         <load_address>0x2900</load_address>
         <readonly>true</readonly>
         <executable>true</executable>
         <run_address>0x2900</run_address>
         <size>0x50</size>
         <alignment>0x4</alignment>
         <input_file_ref idref="fl-18"/>
      </object_component>
      <object_component id="oc-1b8">
         <name>.text.prvDeleteTCB</name>
         <load_address>0x2950</load_address>
         <readonly>true</readonly>
         <executable>true</executable>
         <run_address>0x2950</run_address>
         <size>0x50</size>
         <alignment>0x2</alignment>
         <input_file_ref idref="fl-18"/>
      </object_component>
      <object_component id="oc-1c0">
         <name>.text.prvProcessExpiredTimer</name>
         <load_address>0x29a0</load_address>
         <readonly>true</readonly>
         <executable>true</executable>
         <run_address>0x29a0</run_address>
         <size>0x50</size>
         <alignment>0x4</alignment>
         <input_file_ref idref="fl-19"/>
      </object_component>
      <object_component id="oc-178">
         <name>.text.vTaskDelay</name>
         <load_address>0x29f0</load_address>
         <readonly>true</readonly>
         <executable>true</executable>
         <run_address>0x29f0</run_address>
         <size>0x50</size>
         <alignment>0x4</alignment>
         <input_file_ref idref="fl-18"/>
      </object_component>
      <object_component id="oc-168">
         <name>.text.xTaskCreateStatic</name>
         <load_address>0x2a40</load_address>
         <readonly>true</readonly>
         <executable>true</executable>
         <run_address>0x2a40</run_address>
         <size>0x4c</size>
         <alignment>0x2</alignment>
         <input_file_ref idref="fl-18"/>
      </object_component>
      <object_component id="oc-123">
         <name>.text.DL_UART_init</name>
         <load_address>0x2a8c</load_address>
         <readonly>true</readonly>
         <executable>true</executable>
         <run_address>0x2a8c</run_address>
         <size>0x48</size>
         <alignment>0x4</alignment>
         <input_file_ref idref="fl-26"/>
      </object_component>
      <object_component id="oc-1b7">
         <name>.text.uxListRemove</name>
         <load_address>0x2ad4</load_address>
         <readonly>true</readonly>
         <executable>true</executable>
         <run_address>0x2ad4</run_address>
         <size>0x48</size>
         <alignment>0x2</alignment>
         <input_file_ref idref="fl-20"/>
      </object_component>
      <object_component id="oc-ee">
         <name>.text.xTaskCreate</name>
         <load_address>0x2b1c</load_address>
         <readonly>true</readonly>
         <executable>true</executable>
         <run_address>0x2b1c</run_address>
         <size>0x48</size>
         <alignment>0x2</alignment>
         <input_file_ref idref="fl-18"/>
      </object_component>
      <object_component id="oc-1bc">
         <name>.text.prvInitialiseNewQueue</name>
         <load_address>0x2b64</load_address>
         <readonly>true</readonly>
         <executable>true</executable>
         <run_address>0x2b64</run_address>
         <size>0x46</size>
         <alignment>0x2</alignment>
         <input_file_ref idref="fl-21"/>
      </object_component>
      <object_component id="oc-80">
         <name>.text.vClearInterruptMask</name>
         <load_address>0x2baa</load_address>
         <readonly>true</readonly>
         <executable>true</executable>
         <run_address>0x2baa</run_address>
         <size>0x6</size>
         <alignment>0x2</alignment>
         <input_file_ref idref="fl-1b"/>
      </object_component>
      <object_component id="oc-44">
         <name>.text.PendSV_Handler</name>
         <load_address>0x2bb0</load_address>
         <readonly>true</readonly>
         <executable>true</executable>
         <run_address>0x2bb0</run_address>
         <size>0x44</size>
         <alignment>0x10</alignment>
         <input_file_ref idref="fl-1b"/>
      </object_component>
      <object_component id="oc-98">
         <name>.text.main</name>
         <load_address>0x2bf4</load_address>
         <readonly>true</readonly>
         <executable>true</executable>
         <run_address>0x2bf4</run_address>
         <size>0x44</size>
         <alignment>0x4</alignment>
         <input_file_ref idref="fl-1"/>
      </object_component>
      <object_component id="oc-1d3">
         <name>.text.prvCopyDataFromQueue</name>
         <load_address>0x2c38</load_address>
         <readonly>true</readonly>
         <executable>true</executable>
         <run_address>0x2c38</run_address>
         <size>0x44</size>
         <alignment>0x2</alignment>
         <input_file_ref idref="fl-21"/>
      </object_component>
      <object_component id="oc-1ce">
         <name>.text.prvSwitchTimerLists</name>
         <load_address>0x2c7c</load_address>
         <readonly>true</readonly>
         <executable>true</executable>
         <run_address>0x2c7c</run_address>
         <size>0x44</size>
         <alignment>0x4</alignment>
         <input_file_ref idref="fl-19"/>
      </object_component>
      <object_component id="oc-126">
         <name>.text.DL_ADC12_setClockConfig</name>
         <load_address>0x2cc0</load_address>
         <readonly>true</readonly>
         <executable>true</executable>
         <run_address>0x2cc0</run_address>
         <size>0x40</size>
         <alignment>0x4</alignment>
         <input_file_ref idref="fl-22"/>
      </object_component>
      <object_component id="oc-1ad">
         <name>.text.__aeabi_uidivmod</name>
         <load_address>0x2d00</load_address>
         <readonly>true</readonly>
         <executable>true</executable>
         <run_address>0x2d00</run_address>
         <size>0x40</size>
         <alignment>0x4</alignment>
         <input_file_ref idref="fl-e1"/>
      </object_component>
      <object_component id="oc-1bf">
         <name>.text.prvSampleTimeNow</name>
         <load_address>0x2d40</load_address>
         <readonly>true</readonly>
         <executable>true</executable>
         <run_address>0x2d40</run_address>
         <size>0x3c</size>
         <alignment>0x4</alignment>
         <input_file_ref idref="fl-19"/>
      </object_component>
      <object_component id="oc-c9">
         <name>.text:__TI_auto_init_nobinit_nopinit</name>
         <load_address>0x2d7c</load_address>
         <readonly>true</readonly>
         <executable>true</executable>
         <run_address>0x2d7c</run_address>
         <size>0x3c</size>
         <alignment>0x4</alignment>
         <input_file_ref idref="fl-3d"/>
      </object_component>
      <object_component id="oc-1aa">
         <name>.text.prvGetNextExpireTime</name>
         <load_address>0x2db8</load_address>
         <readonly>true</readonly>
         <executable>true</executable>
         <run_address>0x2db8</run_address>
         <size>0x38</size>
         <alignment>0x4</alignment>
         <input_file_ref idref="fl-19"/>
      </object_component>
      <object_component id="oc-1d2">
         <name>.text.xTaskGetSchedulerState</name>
         <load_address>0x2df0</load_address>
         <readonly>true</readonly>
         <executable>true</executable>
         <run_address>0x2df0</run_address>
         <size>0x38</size>
         <alignment>0x4</alignment>
         <input_file_ref idref="fl-18"/>
      </object_component>
      <object_component id="oc-1c4">
         <name>.text.prvReloadTimer</name>
         <load_address>0x2e28</load_address>
         <readonly>true</readonly>
         <executable>true</executable>
         <run_address>0x2e28</run_address>
         <size>0x36</size>
         <alignment>0x2</alignment>
         <input_file_ref idref="fl-19"/>
      </object_component>
      <object_component id="oc-1d8">
         <name>.text.vTaskPlaceOnEventList</name>
         <load_address>0x2e60</load_address>
         <readonly>true</readonly>
         <executable>true</executable>
         <run_address>0x2e60</run_address>
         <size>0x34</size>
         <alignment>0x4</alignment>
         <input_file_ref idref="fl-18"/>
      </object_component>
      <object_component id="oc-143">
         <name>.text.DL_UART_transmitDataBlocking</name>
         <load_address>0x2e94</load_address>
         <readonly>true</readonly>
         <executable>true</executable>
         <run_address>0x2e94</run_address>
         <size>0x30</size>
         <alignment>0x4</alignment>
         <input_file_ref idref="fl-26"/>
      </object_component>
      <object_component id="oc-b7">
         <name>.text.SYSCFG_DL_init</name>
         <load_address>0x2ec4</load_address>
         <readonly>true</readonly>
         <executable>true</executable>
         <run_address>0x2ec4</run_address>
         <size>0x30</size>
         <alignment>0x4</alignment>
         <input_file_ref idref="fl-2"/>
      </object_component>
      <object_component id="oc-45">
         <name>.text.SysTick_Handler</name>
         <load_address>0x2ef4</load_address>
         <readonly>true</readonly>
         <executable>true</executable>
         <run_address>0x2ef4</run_address>
         <size>0x30</size>
         <alignment>0x4</alignment>
         <input_file_ref idref="fl-1a"/>
      </object_component>
      <object_component id="oc-a6">
         <name>.text.prvResetNextTaskUnblockTime</name>
         <load_address>0x2f24</load_address>
         <readonly>true</readonly>
         <executable>true</executable>
         <run_address>0x2f24</run_address>
         <size>0x30</size>
         <alignment>0x4</alignment>
         <input_file_ref idref="fl-18"/>
      </object_component>
      <object_component id="oc-176">
         <name>.text.prvTaskExitError</name>
         <load_address>0x2f54</load_address>
         <readonly>true</readonly>
         <executable>true</executable>
         <run_address>0x2f54</run_address>
         <size>0x30</size>
         <alignment>0x4</alignment>
         <input_file_ref idref="fl-1a"/>
      </object_component>
      <object_component id="oc-20">
         <name>.text.vPortSVCHandler_C</name>
         <load_address>0x2f84</load_address>
         <readonly>true</readonly>
         <executable>true</executable>
         <run_address>0x2f84</run_address>
         <size>0x2e</size>
         <alignment>0x2</alignment>
         <input_file_ref idref="fl-1a"/>
      </object_component>
      <object_component id="oc-18f">
         <name>.text.vListInitialise</name>
         <load_address>0x2fb2</load_address>
         <readonly>true</readonly>
         <executable>true</executable>
         <run_address>0x2fb2</run_address>
         <size>0x2c</size>
         <alignment>0x2</alignment>
         <input_file_ref idref="fl-20"/>
      </object_component>
      <object_component id="oc-141">
         <name>.text.vPortExitCritical</name>
         <load_address>0x2fe0</load_address>
         <readonly>true</readonly>
         <executable>true</executable>
         <run_address>0x2fe0</run_address>
         <size>0x2c</size>
         <alignment>0x4</alignment>
         <input_file_ref idref="fl-1a"/>
      </object_component>
      <object_component id="oc-1d7">
         <name>.text.prvIsQueueEmpty</name>
         <load_address>0x300c</load_address>
         <readonly>true</readonly>
         <executable>true</executable>
         <run_address>0x300c</run_address>
         <size>0x2a</size>
         <alignment>0x2</alignment>
         <input_file_ref idref="fl-21"/>
      </object_component>
      <object_component id="oc-163">
         <name>.text.vApplicationGetIdleTaskMemory</name>
         <load_address>0x3038</load_address>
         <readonly>true</readonly>
         <executable>true</executable>
         <run_address>0x3038</run_address>
         <size>0x28</size>
         <alignment>0x4</alignment>
         <input_file_ref idref="fl-1e"/>
      </object_component>
      <object_component id="oc-16d">
         <name>.text.vApplicationGetTimerTaskMemory</name>
         <load_address>0x3060</load_address>
         <readonly>true</readonly>
         <executable>true</executable>
         <run_address>0x3060</run_address>
         <size>0x28</size>
         <alignment>0x4</alignment>
         <input_file_ref idref="fl-1e"/>
      </object_component>
      <object_component id="oc-75">
         <name>.text:_c_int00_noargs</name>
         <load_address>0x3088</load_address>
         <readonly>true</readonly>
         <executable>true</executable>
         <run_address>0x3088</run_address>
         <size>0x28</size>
         <alignment>0x4</alignment>
         <input_file_ref idref="fl-3b"/>
      </object_component>
      <object_component id="oc-116">
         <name>.text.DL_I2C_setClockConfig</name>
         <load_address>0x30b0</load_address>
         <readonly>true</readonly>
         <executable>true</executable>
         <run_address>0x30b0</run_address>
         <size>0x26</size>
         <alignment>0x2</alignment>
         <input_file_ref idref="fl-24"/>
      </object_component>
      <object_component id="oc-109">
         <name>.text.DL_Common_delayCycles</name>
         <load_address>0x30d6</load_address>
         <readonly>true</readonly>
         <executable>true</executable>
         <run_address>0x30d6</run_address>
         <size>0xa</size>
         <alignment>0x2</alignment>
         <input_file_ref idref="fl-23"/>
      </object_component>
      <object_component id="oc-3f">
         <name>.text.SVC_Handler</name>
         <load_address>0x30e0</load_address>
         <readonly>true</readonly>
         <executable>true</executable>
         <run_address>0x30e0</run_address>
         <size>0x24</size>
         <alignment>0x10</alignment>
         <input_file_ref idref="fl-1b"/>
      </object_component>
      <object_component id="oc-8f">
         <name>.text.__aeabi_memclr</name>
         <load_address>0x3104</load_address>
         <readonly>true</readonly>
         <executable>true</executable>
         <run_address>0x3104</run_address>
         <size>0xc</size>
         <alignment>0x4</alignment>
         <input_file_ref idref="fl-e0"/>
      </object_component>
      <object_component id="oc-59">
         <name>.text.vRestoreContextOfFirstTask</name>
         <load_address>0x3110</load_address>
         <readonly>true</readonly>
         <executable>true</executable>
         <run_address>0x3110</run_address>
         <size>0x24</size>
         <alignment>0x10</alignment>
         <input_file_ref idref="fl-1b"/>
      </object_component>
      <object_component id="oc-1d5">
         <name>.text.vTaskInternalSetTimeOutState</name>
         <load_address>0x3134</load_address>
         <readonly>true</readonly>
         <executable>true</executable>
         <run_address>0x3134</run_address>
         <size>0x20</size>
         <alignment>0x4</alignment>
         <input_file_ref idref="fl-18"/>
      </object_component>
      <object_component id="oc-16f">
         <name>.text.prvTimerTask</name>
         <load_address>0x3154</load_address>
         <readonly>true</readonly>
         <executable>true</executable>
         <run_address>0x3154</run_address>
         <size>0x1e</size>
         <alignment>0x2</alignment>
         <input_file_ref idref="fl-19"/>
      </object_component>
      <object_component id="oc-10d">
         <name>.text.DL_Timer_setClockConfig</name>
         <load_address>0x3174</load_address>
         <readonly>true</readonly>
         <executable>true</executable>
         <run_address>0x3174</run_address>
         <size>0x1c</size>
         <alignment>0x4</alignment>
         <input_file_ref idref="fl-25"/>
      </object_component>
      <object_component id="oc-e4">
         <name>.text.SYSCFG_DL_SYSCTL_init</name>
         <load_address>0x3190</load_address>
         <readonly>true</readonly>
         <executable>true</executable>
         <run_address>0x3190</run_address>
         <size>0x1c</size>
         <alignment>0x4</alignment>
         <input_file_ref idref="fl-2"/>
      </object_component>
      <object_component id="oc-142">
         <name>.text.vPortEnterCritical</name>
         <load_address>0x31ac</load_address>
         <readonly>true</readonly>
         <executable>true</executable>
         <run_address>0x31ac</run_address>
         <size>0x18</size>
         <alignment>0x4</alignment>
         <input_file_ref idref="fl-1a"/>
      </object_component>
      <object_component id="oc-160">
         <name>.text.vPortYield</name>
         <load_address>0x31c4</load_address>
         <readonly>true</readonly>
         <executable>true</executable>
         <run_address>0x31c4</run_address>
         <size>0x18</size>
         <alignment>0x4</alignment>
         <input_file_ref idref="fl-1a"/>
      </object_component>
      <object_component id="oc-1cd">
         <name>.text.xTaskGetTickCount</name>
         <load_address>0x31dc</load_address>
         <readonly>true</readonly>
         <executable>true</executable>
         <run_address>0x31dc</run_address>
         <size>0x14</size>
         <alignment>0x4</alignment>
         <input_file_ref idref="fl-18"/>
      </object_component>
      <object_component id="oc-11d">
         <name>.text.DL_UART_setClockConfig</name>
         <load_address>0x31f0</load_address>
         <readonly>true</readonly>
         <executable>true</executable>
         <run_address>0x31f0</run_address>
         <size>0x12</size>
         <alignment>0x2</alignment>
         <input_file_ref idref="fl-26"/>
      </object_component>
      <object_component id="oc-2b">
         <name>.text:decompress:none</name>
         <load_address>0x3202</load_address>
         <readonly>true</readonly>
         <executable>true</executable>
         <run_address>0x3202</run_address>
         <size>0x12</size>
         <alignment>0x2</alignment>
         <input_file_ref idref="fl-41"/>
      </object_component>
      <object_component id="oc-139">
         <name>.text.delay_ms</name>
         <load_address>0x3214</load_address>
         <readonly>true</readonly>
         <executable>true</executable>
         <run_address>0x3214</run_address>
         <size>0xc</size>
         <alignment>0x2</alignment>
         <input_file_ref idref="fl-8"/>
      </object_component>
      <object_component id="oc-175">
         <name>.text.vStartFirstTask</name>
         <load_address>0x3220</load_address>
         <readonly>true</readonly>
         <executable>true</executable>
         <run_address>0x3220</run_address>
         <size>0x10</size>
         <alignment>0x10</alignment>
         <input_file_ref idref="fl-1b"/>
      </object_component>
      <object_component id="oc-17b">
         <name>.text.vTaskSuspendAll</name>
         <load_address>0x3230</load_address>
         <readonly>true</readonly>
         <executable>true</executable>
         <run_address>0x3230</run_address>
         <size>0x10</size>
         <alignment>0x4</alignment>
         <input_file_ref idref="fl-18"/>
      </object_component>
      <object_component id="oc-72">
         <name>.text:decompress:ZI</name>
         <load_address>0x3240</load_address>
         <readonly>true</readonly>
         <executable>true</executable>
         <run_address>0x3240</run_address>
         <size>0x10</size>
         <alignment>0x2</alignment>
         <input_file_ref idref="fl-40"/>
      </object_component>
      <object_component id="oc-188">
         <name>.text.__aeabi_memset</name>
         <load_address>0x3250</load_address>
         <readonly>true</readonly>
         <executable>true</executable>
         <run_address>0x3250</run_address>
         <size>0xe</size>
         <alignment>0x4</alignment>
         <input_file_ref idref="fl-e0"/>
      </object_component>
      <object_component id="oc-189">
         <name>.text.vListInitialiseItem</name>
         <load_address>0x325e</load_address>
         <readonly>true</readonly>
         <executable>true</executable>
         <run_address>0x325e</run_address>
         <size>0xe</size>
         <alignment>0x2</alignment>
         <input_file_ref idref="fl-20"/>
      </object_component>
      <object_component id="oc-1dc">
         <name>.text.vTaskMissedYield</name>
         <load_address>0x326c</load_address>
         <readonly>true</readonly>
         <executable>true</executable>
         <run_address>0x326c</run_address>
         <size>0xc</size>
         <alignment>0x4</alignment>
         <input_file_ref idref="fl-18"/>
      </object_component>
      <object_component id="oc-51">
         <name>.text.vApplicationStackOverflowHook</name>
         <load_address>0x3278</load_address>
         <readonly>true</readonly>
         <executable>true</executable>
         <run_address>0x3278</run_address>
         <size>0xa</size>
         <alignment>0x2</alignment>
         <input_file_ref idref="fl-1d"/>
      </object_component>
      <object_component id="oc-65">
         <name>.text.__aeabi_memcpy</name>
         <load_address>0x3284</load_address>
         <readonly>true</readonly>
         <executable>true</executable>
         <run_address>0x3284</run_address>
         <size>0x8</size>
         <alignment>0x4</alignment>
         <input_file_ref idref="fl-df"/>
      </object_component>
      <object_component id="oc-7e">
         <name>.text.ulSetInterruptMask</name>
         <load_address>0x328c</load_address>
         <readonly>true</readonly>
         <executable>true</executable>
         <run_address>0x328c</run_address>
         <size>0x8</size>
         <alignment>0x2</alignment>
         <input_file_ref idref="fl-1b"/>
      </object_component>
      <object_component id="oc-3a">
         <name>.text.Reset_Handler</name>
         <load_address>0x3294</load_address>
         <readonly>true</readonly>
         <executable>true</executable>
         <run_address>0x3294</run_address>
         <size>0x4</size>
         <alignment>0x2</alignment>
         <input_file_ref idref="fl-5"/>
      </object_component>
      <object_component id="oc-94">
         <name>.text._system_pre_init</name>
         <load_address>0x3298</load_address>
         <readonly>true</readonly>
         <executable>true</executable>
         <run_address>0x3298</run_address>
         <size>0x4</size>
         <alignment>0x2</alignment>
         <input_file_ref idref="fl-3e"/>
      </object_component>
      <object_component id="oc-c2">
         <name>.text:abort</name>
         <load_address>0x329c</load_address>
         <readonly>true</readonly>
         <executable>true</executable>
         <run_address>0x329c</run_address>
         <size>0x4</size>
         <alignment>0x2</alignment>
         <input_file_ref idref="fl-43"/>
      </object_component>
      <object_component id="oc-21e">
         <name>.cinit..data.load</name>
         <load_address>0x32f0</load_address>
         <readonly>true</readonly>
         <run_address>0x32f0</run_address>
         <size>0x23</size>
         <alignment>0x1</alignment>
      </object_component>
      <object_component id="oc-21c">
         <name>__TI_handler_table</name>
         <load_address>0x3314</load_address>
         <readonly>true</readonly>
         <run_address>0x3314</run_address>
         <size>0xc</size>
         <alignment>0x4</alignment>
      </object_component>
      <object_component id="oc-21f">
         <name>.cinit..bss.load</name>
         <load_address>0x3320</load_address>
         <readonly>true</readonly>
         <run_address>0x3320</run_address>
         <size>0x8</size>
         <alignment>0x4</alignment>
      </object_component>
      <object_component id="oc-21d">
         <name>__TI_cinit_table</name>
         <load_address>0x3328</load_address>
         <readonly>true</readonly>
         <run_address>0x3328</run_address>
         <size>0x10</size>
         <alignment>0x4</alignment>
      </object_component>
      <object_component id="oc-115">
         <name>.rodata.gTIMER_0TimerConfig</name>
         <load_address>0x32a0</load_address>
         <readonly>true</readonly>
         <run_address>0x32a0</run_address>
         <size>0x14</size>
         <alignment>0x4</alignment>
         <input_file_ref idref="fl-2"/>
      </object_component>
      <object_component id="oc-125">
         <name>.rodata.gUART_0Config</name>
         <load_address>0x32b4</load_address>
         <readonly>true</readonly>
         <run_address>0x32b4</run_address>
         <size>0xa</size>
         <alignment>0x2</alignment>
         <input_file_ref idref="fl-2"/>
      </object_component>
      <object_component id="oc-11c">
         <name>.rodata.gI2C_1ClockConfig</name>
         <load_address>0x32be</load_address>
         <readonly>true</readonly>
         <run_address>0x32be</run_address>
         <size>0x2</size>
         <alignment>0x1</alignment>
         <input_file_ref idref="fl-2"/>
      </object_component>
      <object_component id="oc-12d">
         <name>.rodata.gADC12_0ClockConfig</name>
         <load_address>0x32c0</load_address>
         <readonly>true</readonly>
         <run_address>0x32c0</run_address>
         <size>0x8</size>
         <alignment>0x4</alignment>
         <input_file_ref idref="fl-2"/>
      </object_component>
      <object_component id="oc-12c">
         <name>.rodata.gADC12_1ClockConfig</name>
         <load_address>0x32c8</load_address>
         <readonly>true</readonly>
         <run_address>0x32c8</run_address>
         <size>0x8</size>
         <alignment>0x4</alignment>
         <input_file_ref idref="fl-2"/>
      </object_component>
      <object_component id="oc-170">
         <name>.rodata.str1.53415827308603926481</name>
         <load_address>0x32d0</load_address>
         <readonly>true</readonly>
         <run_address>0x32d0</run_address>
         <size>0x8</size>
         <alignment>0x1</alignment>
         <input_file_ref idref="fl-19"/>
      </object_component>
      <object_component id="oc-f8">
         <name>.rodata.str1.130157923656512685641</name>
         <load_address>0x32d8</load_address>
         <readonly>true</readonly>
         <run_address>0x32d8</run_address>
         <size>0x5</size>
         <alignment>0x1</alignment>
         <input_file_ref idref="fl-7"/>
      </object_component>
      <object_component id="oc-169">
         <name>.rodata.str1.73579643323719718941</name>
         <load_address>0x32dd</load_address>
         <readonly>true</readonly>
         <run_address>0x32dd</run_address>
         <size>0x5</size>
         <alignment>0x1</alignment>
         <input_file_ref idref="fl-18"/>
      </object_component>
      <object_component id="oc-f6">
         <name>.rodata.str1.102314835061523723351</name>
         <load_address>0x32e2</load_address>
         <readonly>true</readonly>
         <run_address>0x32e2</run_address>
         <size>0x4</size>
         <alignment>0x1</alignment>
         <input_file_ref idref="fl-7"/>
      </object_component>
      <object_component id="oc-124">
         <name>.rodata.gUART_0ClockConfig</name>
         <load_address>0x32e6</load_address>
         <readonly>true</readonly>
         <run_address>0x32e6</run_address>
         <size>0x2</size>
         <alignment>0x1</alignment>
         <input_file_ref idref="fl-2"/>
      </object_component>
      <object_component id="oc-138">
         <name>.rodata.uxTopUsedPriority</name>
         <load_address>0x32e8</load_address>
         <readonly>true</readonly>
         <run_address>0x32e8</run_address>
         <size>0x4</size>
         <alignment>0x4</alignment>
         <input_file_ref idref="fl-18"/>
      </object_component>
      <object_component id="oc-114">
         <name>.rodata.gTIMER_0ClockConfig</name>
         <load_address>0x32ec</load_address>
         <readonly>true</readonly>
         <run_address>0x32ec</run_address>
         <size>0x3</size>
         <alignment>0x1</alignment>
         <input_file_ref idref="fl-2"/>
      </object_component>
      <object_component id="oc-1e6">
         <name>.binit</name>
         <load_address>0x0</load_address>
         <readonly>true</readonly>
         <run_address>0x0</run_address>
         <size>0x0</size>
         <alignment>0x4</alignment>
      </object_component>
      <object_component id="oc-83">
         <name>.data.track</name>
         <load_address>0x20205846</load_address>
         <readwrite>true</readwrite>
         <run_address>0x20205846</run_address>
         <size>0x1</size>
         <alignment>0x1</alignment>
         <input_file_ref idref="fl-4"/>
      </object_component>
      <object_component id="oc-82">
         <name>.data.TRACK_THRESHOLD</name>
         <load_address>0x202057c4</load_address>
         <readwrite>true</readwrite>
         <run_address>0x202057c4</run_address>
         <size>0x10</size>
         <alignment>0x2</alignment>
         <input_file_ref idref="fl-4"/>
      </object_component>
      <object_component id="oc-81">
         <name>.data.adc0</name>
         <load_address>0x202057d4</load_address>
         <readwrite>true</readwrite>
         <run_address>0x202057d4</run_address>
         <size>0x8</size>
         <alignment>0x2</alignment>
         <input_file_ref idref="fl-4"/>
      </object_component>
      <object_component id="oc-87">
         <name>.data.adc1</name>
         <load_address>0x202057dc</load_address>
         <readwrite>true</readwrite>
         <run_address>0x202057dc</run_address>
         <size>0x8</size>
         <alignment>0x2</alignment>
         <input_file_ref idref="fl-4"/>
      </object_component>
      <object_component id="oc-84">
         <name>.data.ready_0</name>
         <load_address>0x20205844</load_address>
         <readwrite>true</readwrite>
         <run_address>0x20205844</run_address>
         <size>0x1</size>
         <alignment>0x1</alignment>
         <input_file_ref idref="fl-4"/>
      </object_component>
      <object_component id="oc-88">
         <name>.data.ready_1</name>
         <load_address>0x20205845</load_address>
         <readwrite>true</readwrite>
         <run_address>0x20205845</run_address>
         <size>0x1</size>
         <alignment>0x1</alignment>
         <input_file_ref idref="fl-4"/>
      </object_component>
      <object_component id="oc-1a">
         <name>.data.pxCurrentTCB</name>
         <load_address>0x202057e8</load_address>
         <readwrite>true</readwrite>
         <run_address>0x202057e8</run_address>
         <size>0x4</size>
         <alignment>0x4</alignment>
         <input_file_ref idref="fl-18"/>
      </object_component>
      <object_component id="oc-162">
         <name>.data.uxTaskNumber</name>
         <load_address>0x20205808</load_address>
         <readwrite>true</readwrite>
         <run_address>0x20205808</run_address>
         <size>0x4</size>
         <alignment>0x4</alignment>
         <input_file_ref idref="fl-18"/>
      </object_component>
      <object_component id="oc-137">
         <name>.data.xSchedulerRunning</name>
         <load_address>0x20205830</load_address>
         <readwrite>true</readwrite>
         <run_address>0x20205830</run_address>
         <size>0x4</size>
         <alignment>0x4</alignment>
         <input_file_ref idref="fl-18"/>
      </object_component>
      <object_component id="oc-1b9">
         <name>.data.uxDeletedTasksWaitingCleanUp</name>
         <load_address>0x20205800</load_address>
         <readwrite>true</readwrite>
         <run_address>0x20205800</run_address>
         <size>0x4</size>
         <alignment>0x4</alignment>
         <input_file_ref idref="fl-18"/>
      </object_component>
      <object_component id="oc-161">
         <name>.data.uxCurrentNumberOfTasks</name>
         <load_address>0x202057fc</load_address>
         <readwrite>true</readwrite>
         <run_address>0x202057fc</run_address>
         <size>0x4</size>
         <alignment>0x4</alignment>
         <input_file_ref idref="fl-18"/>
      </object_component>
      <object_component id="oc-55">
         <name>.data.uxSchedulerSuspended</name>
         <load_address>0x20205804</load_address>
         <readwrite>true</readwrite>
         <run_address>0x20205804</run_address>
         <size>0x4</size>
         <alignment>0x4</alignment>
         <input_file_ref idref="fl-18"/>
      </object_component>
      <object_component id="oc-a8">
         <name>.data.xTickCount</name>
         <load_address>0x20205834</load_address>
         <readwrite>true</readwrite>
         <run_address>0x20205834</run_address>
         <size>0x4</size>
         <alignment>0x4</alignment>
         <input_file_ref idref="fl-18"/>
      </object_component>
      <object_component id="oc-57">
         <name>.data.uxTopReadyPriority</name>
         <load_address>0x2020580c</load_address>
         <readwrite>true</readwrite>
         <run_address>0x2020580c</run_address>
         <size>0x4</size>
         <alignment>0x4</alignment>
         <input_file_ref idref="fl-18"/>
      </object_component>
      <object_component id="oc-ac">
         <name>.data.xNextTaskUnblockTime</name>
         <load_address>0x2020581c</load_address>
         <readwrite>true</readwrite>
         <run_address>0x2020581c</run_address>
         <size>0x4</size>
         <alignment>0x4</alignment>
         <input_file_ref idref="fl-18"/>
      </object_component>
      <object_component id="oc-56">
         <name>.data.xYieldPendings</name>
         <load_address>0x20205840</load_address>
         <readwrite>true</readwrite>
         <run_address>0x20205840</run_address>
         <size>0x4</size>
         <alignment>0x4</alignment>
         <input_file_ref idref="fl-18"/>
      </object_component>
      <object_component id="oc-a7">
         <name>.data.xPendedTicks</name>
         <load_address>0x2020582c</load_address>
         <readwrite>true</readwrite>
         <run_address>0x2020582c</run_address>
         <size>0x4</size>
         <alignment>0x4</alignment>
         <input_file_ref idref="fl-18"/>
      </object_component>
      <object_component id="oc-ab">
         <name>.data.xNumOfOverflows</name>
         <load_address>0x20205820</load_address>
         <readwrite>true</readwrite>
         <run_address>0x20205820</run_address>
         <size>0x4</size>
         <alignment>0x4</alignment>
         <input_file_ref idref="fl-18"/>
      </object_component>
      <object_component id="oc-16e">
         <name>.data.xTimerQueue</name>
         <load_address>0x20205838</load_address>
         <readwrite>true</readwrite>
         <run_address>0x20205838</run_address>
         <size>0x4</size>
         <alignment>0x4</alignment>
         <input_file_ref idref="fl-19"/>
      </object_component>
      <object_component id="oc-171">
         <name>.data.xTimerTaskHandle</name>
         <load_address>0x2020583c</load_address>
         <readwrite>true</readwrite>
         <run_address>0x2020583c</run_address>
         <size>0x4</size>
         <alignment>0x4</alignment>
         <input_file_ref idref="fl-19"/>
      </object_component>
      <object_component id="oc-1cf">
         <name>.data.prvSampleTimeNow.xLastTime</name>
         <load_address>0x202057e4</load_address>
         <readwrite>true</readwrite>
         <run_address>0x202057e4</run_address>
         <size>0x4</size>
         <alignment>0x4</alignment>
         <input_file_ref idref="fl-19"/>
      </object_component>
      <object_component id="oc-1b2">
         <name>.data.xMaximumPossibleSuppressedTicks</name>
         <load_address>0x20205814</load_address>
         <readwrite>true</readwrite>
         <run_address>0x20205814</run_address>
         <size>0x4</size>
         <alignment>0x4</alignment>
         <input_file_ref idref="fl-1a"/>
      </object_component>
      <object_component id="oc-1b1">
         <name>.data.ulTimerCountsForOneTick</name>
         <load_address>0x202057f8</load_address>
         <readwrite>true</readwrite>
         <run_address>0x202057f8</run_address>
         <size>0x4</size>
         <alignment>0x4</alignment>
         <input_file_ref idref="fl-1a"/>
      </object_component>
      <object_component id="oc-1b3">
         <name>.data.ulStoppedTimerCompensation</name>
         <load_address>0x202057f4</load_address>
         <readwrite>true</readwrite>
         <run_address>0x202057f4</run_address>
         <size>0x4</size>
         <alignment>0x4</alignment>
         <input_file_ref idref="fl-1a"/>
      </object_component>
      <object_component id="oc-177">
         <name>.data.ulCriticalNesting</name>
         <load_address>0x202057f0</load_address>
         <readwrite>true</readwrite>
         <run_address>0x202057f0</run_address>
         <size>0x4</size>
         <alignment>0x4</alignment>
         <input_file_ref idref="fl-1a"/>
      </object_component>
      <object_component id="oc-17e">
         <name>.data.pxEnd</name>
         <load_address>0x202057ec</load_address>
         <readwrite>true</readwrite>
         <run_address>0x202057ec</run_address>
         <size>0x4</size>
         <alignment>0x4</alignment>
         <input_file_ref idref="fl-1f"/>
      </object_component>
      <object_component id="oc-17f">
         <name>.data.xFreeBytesRemaining</name>
         <load_address>0x20205810</load_address>
         <readwrite>true</readwrite>
         <run_address>0x20205810</run_address>
         <size>0x4</size>
         <alignment>0x4</alignment>
         <input_file_ref idref="fl-1f"/>
      </object_component>
      <object_component id="oc-182">
         <name>.data.xMinimumEverFreeBytesRemaining</name>
         <load_address>0x20205818</load_address>
         <readwrite>true</readwrite>
         <run_address>0x20205818</run_address>
         <size>0x4</size>
         <alignment>0x4</alignment>
         <input_file_ref idref="fl-1f"/>
      </object_component>
      <object_component id="oc-183">
         <name>.data.xNumberOfSuccessfulAllocations</name>
         <load_address>0x20205824</load_address>
         <readwrite>true</readwrite>
         <run_address>0x20205824</run_address>
         <size>0x4</size>
         <alignment>0x4</alignment>
         <input_file_ref idref="fl-1f"/>
      </object_component>
      <object_component id="oc-187">
         <name>.data.xNumberOfSuccessfulFrees</name>
         <load_address>0x20205828</load_address>
         <readwrite>true</readwrite>
         <run_address>0x20205828</run_address>
         <size>0x4</size>
         <alignment>0x4</alignment>
         <input_file_ref idref="fl-1f"/>
      </object_component>
      <object_component id="oc-193">
         <name>.bss.xTasksWaitingTermination</name>
         <uninitialized>true</uninitialized>
         <readwrite>true</readwrite>
         <run_address>0x20205794</run_address>
         <size>0x14</size>
         <alignment>0x4</alignment>
         <input_file_ref idref="fl-18"/>
      </object_component>
      <object_component id="oc-a9">
         <name>.bss.pxDelayedTaskList</name>
         <uninitialized>true</uninitialized>
         <readwrite>true</readwrite>
         <run_address>0x202057b4</run_address>
         <size>0x4</size>
         <alignment>0x4</alignment>
         <input_file_ref idref="fl-18"/>
      </object_component>
      <object_component id="oc-aa">
         <name>.bss.pxOverflowDelayedTaskList</name>
         <uninitialized>true</uninitialized>
         <readwrite>true</readwrite>
         <run_address>0x202057b8</run_address>
         <size>0x4</size>
         <alignment>0x4</alignment>
         <input_file_ref idref="fl-18"/>
      </object_component>
      <object_component id="oc-192">
         <name>.bss.xPendingReadyList</name>
         <uninitialized>true</uninitialized>
         <readwrite>true</readwrite>
         <run_address>0x2020576c</run_address>
         <size>0x14</size>
         <alignment>0x4</alignment>
         <input_file_ref idref="fl-18"/>
      </object_component>
      <object_component id="oc-194">
         <name>.bss.xSuspendedTaskList</name>
         <uninitialized>true</uninitialized>
         <readwrite>true</readwrite>
         <run_address>0x20205780</run_address>
         <size>0x14</size>
         <alignment>0x4</alignment>
         <input_file_ref idref="fl-18"/>
      </object_component>
      <object_component id="oc-58">
         <name>.bss.pxReadyTasksLists</name>
         <uninitialized>true</uninitialized>
         <readwrite>true</readwrite>
         <run_address>0x20205400</run_address>
         <size>0xc8</size>
         <alignment>0x4</alignment>
         <input_file_ref idref="fl-18"/>
      </object_component>
      <object_component id="oc-16b">
         <name>.bss.xIdleTaskHandles</name>
         <uninitialized>true</uninitialized>
         <readwrite>true</readwrite>
         <run_address>0x202057c0</run_address>
         <size>0x4</size>
         <alignment>0x4</alignment>
         <input_file_ref idref="fl-18"/>
      </object_component>
      <object_component id="oc-190">
         <name>.bss.xDelayedTaskList1</name>
         <uninitialized>true</uninitialized>
         <readwrite>true</readwrite>
         <run_address>0x20205744</run_address>
         <size>0x14</size>
         <alignment>0x4</alignment>
         <input_file_ref idref="fl-18"/>
      </object_component>
      <object_component id="oc-191">
         <name>.bss.xDelayedTaskList2</name>
         <uninitialized>true</uninitialized>
         <readwrite>true</readwrite>
         <run_address>0x20205758</run_address>
         <size>0x14</size>
         <alignment>0x4</alignment>
         <input_file_ref idref="fl-18"/>
      </object_component>
      <object_component id="oc-1a4">
         <name>.bss.pxCurrentTimerList</name>
         <uninitialized>true</uninitialized>
         <readwrite>true</readwrite>
         <run_address>0x202057b0</run_address>
         <size>0x4</size>
         <alignment>0x4</alignment>
         <input_file_ref idref="fl-19"/>
      </object_component>
      <object_component id="oc-1a5">
         <name>.bss.pxOverflowTimerList</name>
         <uninitialized>true</uninitialized>
         <readwrite>true</readwrite>
         <run_address>0x202057bc</run_address>
         <size>0x4</size>
         <alignment>0x4</alignment>
         <input_file_ref idref="fl-19"/>
      </object_component>
      <object_component id="oc-1a2">
         <name>.bss.xActiveTimerList1</name>
         <uninitialized>true</uninitialized>
         <readwrite>true</readwrite>
         <run_address>0x2020571c</run_address>
         <size>0x14</size>
         <alignment>0x4</alignment>
         <input_file_ref idref="fl-19"/>
      </object_component>
      <object_component id="oc-1a3">
         <name>.bss.xActiveTimerList2</name>
         <uninitialized>true</uninitialized>
         <readwrite>true</readwrite>
         <run_address>0x20205730</run_address>
         <size>0x14</size>
         <alignment>0x4</alignment>
         <input_file_ref idref="fl-19"/>
      </object_component>
      <object_component id="oc-1a7">
         <name>.bss.prvCheckForValidListAndQueue.xStaticTimerQueue</name>
         <uninitialized>true</uninitialized>
         <readwrite>true</readwrite>
         <run_address>0x202056cc</run_address>
         <size>0x50</size>
         <alignment>0x4</alignment>
         <input_file_ref idref="fl-19"/>
      </object_component>
      <object_component id="oc-1a6">
         <name>.bss.prvCheckForValidListAndQueue.ucStaticTimerQueueStorage</name>
         <uninitialized>true</uninitialized>
         <readwrite>true</readwrite>
         <run_address>0x20205584</run_address>
         <size>0x78</size>
         <alignment>0x1</alignment>
         <input_file_ref idref="fl-19"/>
      </object_component>
      <object_component id="oc-195">
         <name>.bss.vApplicationGetIdleTaskMemory.xIdleTaskTCB</name>
         <uninitialized>true</uninitialized>
         <readwrite>true</readwrite>
         <run_address>0x202055fc</run_address>
         <size>0x68</size>
         <alignment>0x4</alignment>
         <input_file_ref idref="fl-1e"/>
      </object_component>
      <object_component id="oc-196">
         <name>.bss.vApplicationGetIdleTaskMemory.uxIdleTaskStack</name>
[...]
         <value>0x198d</value>
         <object_component_ref idref="oc-46"/>
      </symbol>
      <symbol id="sm-87">
         <name>adc0</name>
         <value>0x202057d4</value>
         <object_component_ref idref="oc-81"/>
      </symbol>
      <symbol id="sm-88">
         <name>ready_0</name>
         <value>0x20205844</value>
         <object_component_ref idref="oc-84"/>
      </symbol>
      <symbol id="sm-89">
         <name>ADC1_IRQHandler</name>
         <value>0x1825</value>
         <object_component_ref idref="oc-4c"/>
      </symbol>
      <symbol id="sm-8a">
         <name>adc1</name>
         <value>0x202057dc</value>
         <object_component_ref idref="oc-87"/>
      </symbol>
      <symbol id="sm-8b">
         <name>ready_1</name>
         <value>0x20205845</value>
         <object_component_ref idref="oc-88"/>
      </symbol>
      <symbol id="sm-96">
         <name>Default_Handler</name>
         <value>0x1823</value>
         <object_component_ref idref="oc-3e"/>
      </symbol>
      <symbol id="sm-97">
         <name>Reset_Handler</name>
         <value>0x3295</value>
         <object_component_ref idref="oc-3a"/>
      </symbol>
      <symbol id="sm-98">
         <name>interruptVectors</name>
         <value>0x0</value>
         <object_component_ref idref="oc-18"/>
      </symbol>
      <symbol id="sm-99">
         <name>NMI_Handler</name>
         <value>0x1823</value>
         <object_component_ref idref="oc-3e"/>
      </symbol>
      <symbol id="sm-9a">
         <name>HardFault_Handler</name>
         <value>0x1823</value>
         <object_component_ref idref="oc-3e"/>
      </symbol>
      <symbol id="sm-9b">
         <name>GROUP0_IRQHandler</name>
         <value>0x1823</value>
         <object_component_ref idref="oc-3e"/>
      </symbol>
      <symbol id="sm-9c">
         <name>GROUP1_IRQHandler</name>
         <value>0x1823</value>
         <object_component_ref idref="oc-3e"/>
      </symbol>
      <symbol id="sm-9d">
         <name>TIMG8_IRQHandler</name>
         <value>0x1823</value>
         <object_component_ref idref="oc-3e"/>
      </symbol>
      <symbol id="sm-9e">
         <name>UART3_IRQHandler</name>
         <value>0x1823</value>
         <object_component_ref idref="oc-3e"/>
      </symbol>
      <symbol id="sm-9f">
         <name>CANFD0_IRQHandler</name>
         <value>0x1823</value>
         <object_component_ref idref="oc-3e"/>
      </symbol>
      <symbol id="sm-a0">
         <name>DAC0_IRQHandler</name>
         <value>0x1823</value>
         <object_component_ref idref="oc-3e"/>
      </symbol>
      <symbol id="sm-a1">
         <name>SPI0_IRQHandler</name>
         <value>0x1823</value>
         <object_component_ref idref="oc-3e"/>
      </symbol>
      <symbol id="sm-a2">
         <name>SPI1_IRQHandler</name>
         <value>0x1823</value>
         <object_component_ref idref="oc-3e"/>
      </symbol>
      <symbol id="sm-a3">
         <name>UART1_IRQHandler</name>
         <value>0x1823</value>
         <object_component_ref idref="oc-3e"/>
      </symbol>
      <symbol id="sm-a4">
         <name>UART2_IRQHandler</name>
         <value>0x1823</value>
         <object_component_ref idref="oc-3e"/>
      </symbol>
      <symbol id="sm-a5">
         <name>UART0_IRQHandler</name>
         <value>0x1823</value>
         <object_component_ref idref="oc-3e"/>
      </symbol>
      <symbol id="sm-a6">
         <name>TIMG0_IRQHandler</name>
         <value>0x1823</value>
         <object_component_ref idref="oc-3e"/>
      </symbol>
      <symbol id="sm-a7">
         <name>TIMG6_IRQHandler</name>
         <value>0x1823</value>
         <object_component_ref idref="oc-3e"/>
      </symbol>
      <symbol id="sm-a8">
         <name>TIMA0_IRQHandler</name>
         <value>0x1823</value>
         <object_component_ref idref="oc-3e"/>
      </symbol>
      <symbol id="sm-a9">
         <name>TIMA1_IRQHandler</name>
         <value>0x1823</value>
         <object_component_ref idref="oc-3e"/>
      </symbol>
      <symbol id="sm-aa">
         <name>TIMG7_IRQHandler</name>
         <value>0x1823</value>
         <object_component_ref idref="oc-3e"/>
      </symbol>
      <symbol id="sm-ab">
         <name>TIMG12_IRQHandler</name>
         <value>0x1823</value>
         <object_component_ref idref="oc-3e"/>
      </symbol>
      <symbol id="sm-ac">
         <name>I2C0_IRQHandler</name>
         <value>0x1823</value>
         <object_component_ref idref="oc-3e"/>
      </symbol>
      <symbol id="sm-ad">
         <name>I2C1_IRQHandler</name>
         <value>0x1823</value>
         <object_component_ref idref="oc-3e"/>
      </symbol>
      <symbol id="sm-ae">
         <name>AES_IRQHandler</name>
         <value>0x1823</value>
         <object_component_ref idref="oc-3e"/>
      </symbol>
      <symbol id="sm-af">
         <name>RTC_IRQHandler</name>
         <value>0x1823</value>
         <object_component_ref idref="oc-3e"/>
      </symbol>
      <symbol id="sm-b0">
         <name>DMA_IRQHandler</name>
         <value>0x1823</value>
         <object_component_ref idref="oc-3e"/>
      </symbol>
      <symbol id="sm-be">
         <name>LED</name>
         <value>0x1c19</value>
         <object_component_ref idref="oc-f0"/>
      </symbol>
      <symbol id="sm-bf">
         <name>UART</name>
         <value>0x23ad</value>
         <object_component_ref idref="oc-f7"/>
      </symbol>
      <symbol id="sm-cb">
         <name>app_main</name>
         <value>0x28b1</value>
         <object_component_ref idref="oc-bc"/>
      </symbol>
      <symbol id="sm-d5">
         <name>delay_ms</name>
         <value>0x3215</value>
         <object_component_ref idref="oc-139"/>
      </symbol>
      <symbol id="sm-d8">
         <name>__TI_ATRegion0_src_addr</name>
         <value>0x0</value>
      </symbol>
      <symbol id="sm-d9">
         <name>__TI_ATRegion0_trg_addr</name>
         <value>0x0</value>
      </symbol>
      <symbol id="sm-da">
         <name>__TI_ATRegion0_region_sz</name>
         <value>0x0</value>
      </symbol>
      <symbol id="sm-db">
         <name>__TI_ATRegion1_src_addr</name>
         <value>0x0</value>
      </symbol>
      <symbol id="sm-dc">
         <name>__TI_ATRegion1_trg_addr</name>
         <value>0x0</value>
      </symbol>
      <symbol id="sm-dd">
         <name>__TI_ATRegion1_region_sz</name>
         <value>0x0</value>
      </symbol>
      <symbol id="sm-de">
         <name>__TI_ATRegion2_src_addr</name>
         <value>0x0</value>
      </symbol>
      <symbol id="sm-df">
         <name>__TI_ATRegion2_trg_addr</name>
         <value>0x0</value>
      </symbol>
      <symbol id="sm-e0">
         <name>__TI_ATRegion2_region_sz</name>
         <value>0x0</value>
      </symbol>
      <symbol id="sm-172">
         <name>xTaskCreateStatic</name>
         <value>0x2a41</value>
         <object_component_ref idref="oc-168"/>
      </symbol>
      <symbol id="sm-173">
         <name>pxCurrentTCB</name>
         <value>0x202057e8</value>
         <object_component_ref idref="oc-1a"/>
      </symbol>
      <symbol id="sm-174">
         <name>xTaskCreate</name>
         <value>0x2b1d</value>
         <object_component_ref idref="oc-ee"/>
      </symbol>
      <symbol id="sm-175">
         <name>vTaskSuspendAll</name>
         <value>0x3231</value>
         <object_component_ref idref="oc-17b"/>
      </symbol>
      <symbol id="sm-176">
         <name>xTaskResumeAll</name>
         <value>0x565</value>
         <object_component_ref idref="oc-17d"/>
      </symbol>
      <symbol id="sm-177">
         <name>xTaskIncrementTick</name>
         <value>0x355</value>
         <object_component_ref idref="oc-7f"/>
      </symbol>
      <symbol id="sm-178">
         <name>vTaskDelay</name>
         <value>0x29f1</value>
         <object_component_ref idref="oc-178"/>
      </symbol>
      <symbol id="sm-179">
         <name>vTaskSwitchContext</name>
         <value>0x10d5</value>
         <object_component_ref idref="oc-1c"/>
      </symbol>
      <symbol id="sm-17a">
         <name>vTaskStartScheduler</name>
         <value>0x25cd</value>
         <object_component_ref idref="oc-ef"/>
      </symbol>
      <symbol id="sm-17b">
         <name>xTaskGetTickCount</name>
         <value>0x31dd</value>
         <object_component_ref idref="oc-1cd"/>
      </symbol>
      <symbol id="sm-17c">
         <name>vTaskStepTick</name>
         <value>0x1edd</value>
         <object_component_ref idref="oc-1bb"/>
      </symbol>
      <symbol id="sm-17d">
         <name>vTaskPlaceOnEventList</name>
         <value>0x2e61</value>
         <object_component_ref idref="oc-1d8"/>
      </symbol>
      <symbol id="sm-17e">
         <name>vTaskPlaceOnEventListRestricted</name>
         <value>0x2339</value>
         <object_component_ref idref="oc-1d0"/>
      </symbol>
      <symbol id="sm-17f">
         <name>xTaskRemoveFromEventList</name>
         <value>0xaa1</value>
         <object_component_ref idref="oc-1d4"/>
      </symbol>
      <symbol id="sm-180">
         <name>vTaskInternalSetTimeOutState</name>
         <value>0x3135</value>
         <object_component_ref idref="oc-1d5"/>
      </symbol>
      <symbol id="sm-181">
         <name>xTaskCheckForTimeOut</name>
         <value>0x18d9</value>
         <object_component_ref idref="oc-1d6"/>
      </symbol>
      <symbol id="sm-182">
         <name>vTaskMissedYield</name>
         <value>0x326d</value>
         <object_component_ref idref="oc-1dc"/>
      </symbol>
      <symbol id="sm-183">
         <name>eTaskConfirmSleepModeStatus</name>
         <value>0x205d</value>
         <object_component_ref idref="oc-1ba"/>
      </symbol>
      <symbol id="sm-184">
         <name>xTaskGetSchedulerState</name>
         <value>0x2df1</value>
         <object_component_ref idref="oc-1d2"/>
      </symbol>
      <symbol id="sm-1c9">
         <name>xTimerCreateTimerTask</name>
         <value>0x2155</value>
         <object_component_ref idref="oc-131"/>
      </symbol>
      <symbol id="sm-1f6">
         <name>vPortSuppressTicksAndSleep</name>
         <value>0x901</value>
         <object_component_ref idref="oc-19c"/>
      </symbol>
      <symbol id="sm-1f7">
         <name>vPortSetupTimerInterrupt</name>
         <value>0x285d</value>
         <object_component_ref idref="oc-174"/>
      </symbol>
      <symbol id="sm-1f8">
         <name>vPortYield</name>
         <value>0x31c5</value>
         <object_component_ref idref="oc-160"/>
      </symbol>
      <symbol id="sm-1f9">
         <name>vPortEnterCritical</name>
         <value>0x31ad</value>
         <object_component_ref idref="oc-142"/>
      </symbol>
      <symbol id="sm-1fa">
         <name>vPortExitCritical</name>
         <value>0x2fe1</value>
         <object_component_ref idref="oc-141"/>
      </symbol>
      <symbol id="sm-1fb">
         <name>SysTick_Handler</name>
         <value>0x2ef5</value>
         <object_component_ref idref="oc-45"/>
      </symbol>
      <symbol id="sm-1fc">
         <name>vPortSVCHandler_C</name>
         <value>0x2f85</value>
         <object_component_ref idref="oc-20"/>
      </symbol>
      <symbol id="sm-1fd">
         <name>pxPortInitialiseStack</name>
         <value>0xeb5</value>
         <object_component_ref idref="oc-18e"/>
      </symbol>
      <symbol id="sm-1fe">
         <name>xPortStartScheduler</name>
         <value>0x1f61</value>
         <object_component_ref idref="oc-136"/>
      </symbol>
      <symbol id="sm-216">
         <name>vRestoreContextOfFirstTask</name>
         <value>0x3111</value>
         <object_component_ref idref="oc-59"/>
      </symbol>
      <symbol id="sm-217">
         <name>vStartFirstTask</name>
         <value>0x3221</value>
         <object_component_ref idref="oc-175"/>
      </symbol>
      <symbol id="sm-218">
         <name>ulSetInterruptMask</name>
         <value>0x328d</value>
         <object_component_ref idref="oc-7e"/>
      </symbol>
      <symbol id="sm-219">
         <name>vClearInterruptMask</name>
         <value>0x2bab</value>
         <object_component_ref idref="oc-80"/>
      </symbol>
      <symbol id="sm-21a">
         <name>PendSV_Handler</name>
         <value>0x2bb1</value>
         <object_component_ref idref="oc-44"/>
      </symbol>
      <symbol id="sm-21b">
         <name>SVC_Handler</name>
         <value>0x30e1</value>
         <object_component_ref idref="oc-3f"/>
      </symbol>
      <symbol id="sm-224">
         <name>vApplicationStackOverflowHook</name>
         <value>0x3279</value>
         <object_component_ref idref="oc-51"/>
      </symbol>
      <symbol id="sm-239">
         <name>vApplicationGetIdleTaskMemory</name>
         <value>0x3039</value>
         <object_component_ref idref="oc-163"/>
      </symbol>
      <symbol id="sm-23a">
         <name>vApplicationGetTimerTaskMemory</name>
         <value>0x3061</value>
         <object_component_ref idref="oc-16d"/>
      </symbol>
      <symbol id="sm-25d">
         <name>pvPortMalloc</name>
         <value>0xc1</value>
         <object_component_ref idref="oc-158"/>
      </symbol>
      <symbol id="sm-25e">
         <name>vPortFree</name>
         <value>0x13e1</value>
         <object_component_ref idref="oc-15d"/>
      </symbol>
      <symbol id="sm-26d">
         <name>vListInitialise</name>
         <value>0x2fb3</value>
         <object_component_ref idref="oc-18f"/>
      </symbol>
      <symbol id="sm-26e">
         <name>vListInitialiseItem</name>
         <value>0x325f</value>
         <object_component_ref idref="oc-189"/>
      </symbol>
      <symbol id="sm-26f">
         <name>vListInsert</name>
         <value>0x24f5</value>
         <object_component_ref idref="oc-1cb"/>
      </symbol>
      <symbol id="sm-270">
         <name>uxListRemove</name>
         <value>0x2ad5</value>
         <object_component_ref idref="oc-1b7"/>
      </symbol>
      <symbol id="sm-28b">
         <name>xQueueGenericReset</name>
         <value>0x15bd</value>
         <object_component_ref idref="oc-1cc"/>
      </symbol>
      <symbol id="sm-28c">
         <name>xQueueGenericCreateStatic</name>
         <value>0x1add</value>
         <object_component_ref idref="oc-19d"/>
      </symbol>
      <symbol id="sm-28d">
         <name>xQueueReceive</name>
         <value>0x75d</value>
         <object_component_ref idref="oc-1c2"/>
      </symbol>
      <symbol id="sm-28e">
         <name>vQueueWaitForMessageRestricted</name>
         <value>0x2561</value>
         <object_component_ref idref="oc-1c1"/>
      </symbol>
      <symbol id="sm-299">
         <name>DL_ADC12_setClockConfig</name>
         <value>0x2cc1</value>
         <object_component_ref idref="oc-126"/>
      </symbol>
      <symbol id="sm-2a2">
         <name>DL_Common_delayCycles</name>
         <value>0x30d7</value>
         <object_component_ref idref="oc-109"/>
      </symbol>
      <symbol id="sm-2ac">
         <name>DL_I2C_setClockConfig</name>
         <value>0x30b1</value>
         <object_component_ref idref="oc-116"/>
      </symbol>
      <symbol id="sm-2bc">
         <name>DL_Timer_setClockConfig</name>
         <value>0x3175</value>
         <object_component_ref idref="oc-10d"/>
      </symbol>
      <symbol id="sm-2bd">
         <name>DL_Timer_initTimerMode</name>
         <value>0x12e5</value>
         <object_component_ref idref="oc-113"/>
      </symbol>
      <symbol id="sm-2cd">
         <name>DL_UART_init</name>
         <value>0x2a8d</value>
         <object_component_ref idref="oc-123"/>
      </symbol>
      <symbol id="sm-2ce">
         <name>DL_UART_setClockConfig</name>
         <value>0x31f1</value>
         <object_component_ref idref="oc-11d"/>
      </symbol>
      <symbol id="sm-2cf">
         <name>DL_UART_transmitDataBlocking</name>
         <value>0x2e95</value>
         <object_component_ref idref="oc-143"/>
      </symbol>
      <symbol id="sm-2da">
         <name>_c_int00_noargs</name>
         <value>0x3089</value>
         <object_component_ref idref="oc-75"/>
      </symbol>
      <symbol id="sm-2db">
         <name>__stack</name>
         <value>0x20207e00</value>
         <object_component_ref idref="oc-25"/>
      </symbol>
      <symbol id="sm-2e7">
         <name>__TI_auto_init_nobinit_nopinit</name>
         <value>0x2d7d</value>
         <object_component_ref idref="oc-c9"/>
      </symbol>
      <symbol id="sm-2ef">
         <name>_system_pre_init</name>
         <value>0x3299</value>
         <object_component_ref idref="oc-94"/>
      </symbol>
      <symbol id="sm-2fa">
         <name>__TI_zero_init</name>
         <value>0x3241</value>
         <object_component_ref idref="oc-72"/>
      </symbol>
      <symbol id="sm-303">
         <name>__TI_decompress_none</name>
         <value>0x3203</value>
         <object_component_ref idref="oc-2b"/>
      </symbol>
      <symbol id="sm-30e">
         <name>__TI_decompress_lzss</name>
         <value>0x21d1</value>
         <object_component_ref idref="oc-27"/>
      </symbol>
      <symbol id="sm-318">
         <name>abort</name>
         <value>0x329d</value>
         <object_component_ref idref="oc-c2"/>
      </symbol>
      <symbol id="sm-319">
         <name>C$$EXIT</name>
         <value>0x329c</value>
         <object_component_ref idref="oc-c2"/>
      </symbol>
      <symbol id="sm-321">
         <name>__aeabi_memcpy</name>
         <value>0x3285</value>
         <object_component_ref idref="oc-65"/>
      </symbol>
      <symbol id="sm-322">
         <name>__aeabi_memcpy4</name>
         <value>0x3285</value>
         <object_component_ref idref="oc-65"/>
      </symbol>
      <symbol id="sm-323">
         <name>__aeabi_memcpy8</name>
         <value>0x3285</value>
         <object_component_ref idref="oc-65"/>
      </symbol>
      <symbol id="sm-32c">
         <name>__aeabi_memset</name>
         <value>0x3251</value>
         <object_component_ref idref="oc-188"/>
      </symbol>
      <symbol id="sm-32d">
         <name>__aeabi_memset4</name>
         <value>0x3251</value>
         <object_component_ref idref="oc-188"/>
      </symbol>
      <symbol id="sm-32e">
         <name>__aeabi_memset8</name>
         <value>0x3251</value>
         <object_component_ref idref="oc-188"/>
      </symbol>
      <symbol id="sm-32f">
         <name>__aeabi_memclr</name>
         <value>0x3105</value>
         <object_component_ref idref="oc-8f"/>
      </symbol>
      <symbol id="sm-330">
         <name>__aeabi_memclr4</name>
         <value>0x3105</value>
         <object_component_ref idref="oc-8f"/>
      </symbol>
      <symbol id="sm-331">
         <name>__aeabi_memclr8</name>
         <value>0x3105</value>
         <object_component_ref idref="oc-8f"/>
      </symbol>
      <symbol id="sm-337">
         <name>__aeabi_uidiv</name>
         <value>0x2d01</value>
         <object_component_ref idref="oc-1ad"/>
      </symbol>
      <symbol id="sm-338">
         <name>__aeabi_uidivmod</name>
         <value>0x2d01</value>
         <object_component_ref idref="oc-1ad"/>
      </symbol>
      <symbol id="sm-342">
         <name>__aeabi_idiv0</name>
         <value>0x1c17</value>
         <object_component_ref idref="oc-1c5"/>
      </symbol>
      <symbol id="sm-35b">
         <name>memcpy</name>
         <value>0x1b7d</value>
         <object_component_ref idref="oc-b2"/>
      </symbol>
      <symbol id="sm-36a">
         <name>memset</name>
         <value>0x2635</value>
         <object_component_ref idref="oc-e1"/>
      </symbol>
      <symbol id="sm-36b">
         <name>__TI_static_base__</name>
         <value>0x0</value>
      </symbol>
      <symbol id="sm-36e">
         <name>__mpu_init</name>
         <value>0x0</value>
      </symbol>
      <symbol id="sm-36f">
         <name>_system_post_cinit</name>
         <value>0x0</value>
      </symbol>
   </symbol_table>
   <title>Link successful</title>
</link_info>
