<?xml version="1.0" encoding="ISO-8859-1" ?>
<link_info>
   <banner>TI ARM Clang Linker PC v4.0.0.LTS</banner>
   <copyright>Copyright (c) 1996-2018 Texas Instruments Incorporated</copyright>
   <command_line>E:\MyGame\Tools\CCS\ccs\tools\compiler\ti-cgt-armllvm_4.0.0.LTS\bin\tiarmlnk -IE:\MyGame\Tools\CCS\ccs\tools\compiler\ti-cgt-armllvm_4.0.0.LTS\lib -o blink_led_LP_MSPM0G3507_freertos_ticlang.out -mblink_led_LP_MSPM0G3507_freertos_ticlang.map -iD:/AiliuCheng/work/DIAN_RACE/aa/freertos_builds_LP_MSPM0G3507_release_ticlang/Debug -iD:/AiliuCheng/work/DIAN_RACE/TiSDK/mspm0_sdk_2_10_00_04/source -iD:/AiliuCheng/work/DIAN_RACE/aa/blink_led_LP_MSPM0G3507_freertos_ticlang -iD:/AiliuCheng/work/DIAN_RACE/aa/blink_led_LP_MSPM0G3507_freertos_ticlang/Debug/syscfg -iE:/MyGame/Tools/CCS/ccs/tools/compiler/ti-cgt-armllvm_4.0.0.LTS/lib --diag_wrap=off --display_error_number --warn_sections --xml_link_info=blink_led_LP_MSPM0G3507_freertos_ticlang_linkInfo.xml --rom_model ./main.o ./ti_msp_dl_config.o ./Driver/icm20608.o ./Driver/track.o ./freertos/ticlang/startup_mspm0g350x_ticlang.o ./source/2task.o ./source/app_main.o ./source/delay.o ./source/i2c.o ./source/uart.o ../mspm0g3507.cmd -lfreertos_builds_LP_MSPM0G3507_release_ticlang.lib -lD:/AiliuCheng/work/DIAN_RACE/TiSDK/mspm0_sdk_2_10_00_04/source/ti/driverlib/lib/ticlang/m0p/mspm0g1x0x_g3x0x/driverlib.a -llibc.a --start-group -llibc++.a -llibc++abi.a -llibc.a -llibsys.a -llibsysbm.a -llibclang_rt.builtins.a -llibclang_rt.profile.a --end-group --cg_opt_level=2</command_line>
   <link_time>0x6a0dcdca</link_time>
   <link_errors>0x0</link_errors>
   <output_file>D:\AiliuCheng\work\DIAN_RACE\aa\blink_led_LP_MSPM0G3507_freertos_ticlang\Debug\blink_led_LP_MSPM0G3507_freertos_ticlang.out</output_file>
   <entry_point>
      <name>_c_int00_noargs</name>
      <address>0x3a05</address>
   </entry_point>
   <input_file_list>
      <input_file id="fl-1">
         <path>D:\AiliuCheng\work\DIAN_RACE\aa\blink_led_LP_MSPM0G3507_freertos_ticlang\Debug\.\</path>
         <kind>object</kind>
         <file>main.o</file>
         <name>main.o</name>
      </input_file>
      <input_file id="fl-2">
         <path>D:\AiliuCheng\work\DIAN_RACE\aa\blink_led_LP_MSPM0G3507_freertos_ticlang\Debug\.\</path>
         <kind>object</kind>
         <file>ti_msp_dl_config.o</file>
         <name>ti_msp_dl_config.o</name>
      </input_file>
      <input_file id="fl-3">
         <path>D:\AiliuCheng\work\DIAN_RACE\aa\blink_led_LP_MSPM0G3507_freertos_ticlang\Debug\.\Driver\</path>
         <kind>object</kind>
         <file>icm20608.o</file>
         <name>icm20608.o</name>
      </input_file>
      <input_file id="fl-4">
         <path>D:\AiliuCheng\work\DIAN_RACE\aa\blink_led_LP_MSPM0G3507_freertos_ticlang\Debug\.\Driver\</path>
         <kind>object</kind>
         <file>track.o</file>
         <name>track.o</name>
      </input_file>
      <input_file id="fl-5">
         <path>D:\AiliuCheng\work\DIAN_RACE\aa\blink_led_LP_MSPM0G3507_freertos_ticlang\Debug\.\freertos\ticlang\</path>
         <kind>object</kind>
         <file>startup_mspm0g350x_ticlang.o</file>
         <name>startup_mspm0g350x_ticlang.o</name>
      </input_file>
      <input_file id="fl-6">
         <path>D:\AiliuCheng\work\DIAN_RACE\aa\blink_led_LP_MSPM0G3507_freertos_ticlang\Debug\.\source\</path>
         <kind>object</kind>
         <file>2task.o</file>
         <name>2task.o</name>
      </input_file>
      <input_file id="fl-7">
         <path>D:\AiliuCheng\work\DIAN_RACE\aa\blink_led_LP_MSPM0G3507_freertos_ticlang\Debug\.\source\</path>
         <kind>object</kind>
         <file>app_main.o</file>
         <name>app_main.o</name>
      </input_file>
      <input_file id="fl-8">
         <path>D:\AiliuCheng\work\DIAN_RACE\aa\blink_led_LP_MSPM0G3507_freertos_ticlang\Debug\.\source\</path>
         <kind>object</kind>
         <file>delay.o</file>
         <name>delay.o</name>
      </input_file>
      <input_file id="fl-9">
         <path>D:\AiliuCheng\work\DIAN_RACE\aa\blink_led_LP_MSPM0G3507_freertos_ticlang\Debug\.\source\</path>
         <kind>object</kind>
         <file>i2c.o</file>
         <name>i2c.o</name>
      </input_file>
      <input_file id="fl-a">
         <path>D:\AiliuCheng\work\DIAN_RACE\aa\blink_led_LP_MSPM0G3507_freertos_ticlang\Debug\.\source\</path>
         <kind>object</kind>
         <file>uart.o</file>
         <name>uart.o</name>
      </input_file>
      <input_file id="fl-17">
         <path>D:\AiliuCheng\work\DIAN_RACE\aa\blink_led_LP_MSPM0G3507_freertos_ticlang\Debug\</path>
         <kind>object</kind>
         <file>&lt;internal&gt;</file>
         <name>&lt;internal&gt;</name>
      </input_file>
      <input_file id="fl-18">
         <path>D:\AiliuCheng\work\DIAN_RACE\aa\freertos_builds_LP_MSPM0G3507_release_ticlang\Debug\</path>
         <kind>archive</kind>
         <file>freertos_builds_LP_MSPM0G3507_release_ticlang.lib</file>
         <name>tasks.o</name>
      </input_file>
      <input_file id="fl-19">
         <path>D:\AiliuCheng\work\DIAN_RACE\aa\freertos_builds_LP_MSPM0G3507_release_ticlang\Debug\</path>
         <kind>archive</kind>
         <file>freertos_builds_LP_MSPM0G3507_release_ticlang.lib</file>
         <name>timers.o</name>
      </input_file>
      <input_file id="fl-1a">
         <path>D:\AiliuCheng\work\DIAN_RACE\aa\freertos_builds_LP_MSPM0G3507_release_ticlang\Debug\</path>
         <kind>archive</kind>
         <file>freertos_builds_LP_MSPM0G3507_release_ticlang.lib</file>
         <name>port.o</name>
      </input_file>
      <input_file id="fl-1b">
         <path>D:\AiliuCheng\work\DIAN_RACE\aa\freertos_builds_LP_MSPM0G3507_release_ticlang\Debug\</path>
         <kind>archive</kind>
         <file>freertos_builds_LP_MSPM0G3507_release_ticlang.lib</file>
         <name>portasm.o</name>
      </input_file>
      <input_file id="fl-1c">
         <path>D:\AiliuCheng\work\DIAN_RACE\aa\freertos_builds_LP_MSPM0G3507_release_ticlang\Debug\</path>
         <kind>archive</kind>
         <file>freertos_builds_LP_MSPM0G3507_release_ticlang.lib</file>
         <name>PTLS.o</name>
      </input_file>
      <input_file id="fl-1d">
         <path>D:\AiliuCheng\work\DIAN_RACE\aa\freertos_builds_LP_MSPM0G3507_release_ticlang\Debug\</path>
         <kind>archive</kind>
         <file>freertos_builds_LP_MSPM0G3507_release_ticlang.lib</file>
         <name>AppHooks_freertos.o</name>
      </input_file>
      <input_file id="fl-1e">
         <path>D:\AiliuCheng\work\DIAN_RACE\aa\freertos_builds_LP_MSPM0G3507_release_ticlang\Debug\</path>
         <kind>archive</kind>
         <file>freertos_builds_LP_MSPM0G3507_release_ticlang.lib</file>
         <name>StaticAllocs_freertos.o</name>
      </input_file>
      <input_file id="fl-1f">
         <path>D:\AiliuCheng\work\DIAN_RACE\aa\freertos_builds_LP_MSPM0G3507_release_ticlang\Debug\</path>
         <kind>archive</kind>
         <file>freertos_builds_LP_MSPM0G3507_release_ticlang.lib</file>
         <name>heap_4.o</name>
      </input_file>
      <input_file id="fl-20">
         <path>D:\AiliuCheng\work\DIAN_RACE\aa\freertos_builds_LP_MSPM0G3507_release_ticlang\Debug\</path>
         <kind>archive</kind>
         <file>freertos_builds_LP_MSPM0G3507_release_ticlang.lib</file>
         <name>list.o</name>
      </input_file>
      <input_file id="fl-21">
         <path>D:\AiliuCheng\work\DIAN_RACE\aa\freertos_builds_LP_MSPM0G3507_release_ticlang\Debug\</path>
         <kind>archive</kind>
         <file>freertos_builds_LP_MSPM0G3507_release_ticlang.lib</file>
         <name>queue.o</name>
      </input_file>
      <input_file id="fl-22">
         <path>D:\AiliuCheng\work\DIAN_RACE\TiSDK\mspm0_sdk_2_10_00_04\source\ti\driverlib\lib\ticlang\m0p\mspm0g1x0x_g3x0x\</path>
         <kind>archive</kind>
         <file>driverlib.a</file>
         <name>dl_adc12.o</name>
      </input_file>
      <input_file id="fl-23">
         <path>D:\AiliuCheng\work\DIAN_RACE\TiSDK\mspm0_sdk_2_10_00_04\source\ti\driverlib\lib\ticlang\m0p\mspm0g1x0x_g3x0x\</path>
         <kind>archive</kind>
         <file>driverlib.a</file>
         <name>dl_common.o</name>
      </input_file>
      <input_file id="fl-24">
         <path>D:\AiliuCheng\work\DIAN_RACE\TiSDK\mspm0_sdk_2_10_00_04\source\ti\driverlib\lib\ticlang\m0p\mspm0g1x0x_g3x0x\</path>
         <kind>archive</kind>
         <file>driverlib.a</file>
         <name>dl_i2c.o</name>
      </input_file>
      <input_file id="fl-25">
         <path>D:\AiliuCheng\work\DIAN_RACE\TiSDK\mspm0_sdk_2_10_00_04\source\ti\driverlib\lib\ticlang\m0p\mspm0g1x0x_g3x0x\</path>
         <kind>archive</kind>
         <file>driverlib.a</file>
         <name>dl_timer.o</name>
      </input_file>
      <input_file id="fl-26">
         <path>D:\AiliuCheng\work\DIAN_RACE\TiSDK\mspm0_sdk_2_10_00_04\source\ti\driverlib\lib\ticlang\m0p\mspm0g1x0x_g3x0x\</path>
         <kind>archive</kind>
         <file>driverlib.a</file>
         <name>dl_uart.o</name>
      </input_file>
      <input_file id="fl-3b">
         <path>E:\MyGame\Tools\CCS\ccs\tools\compiler\ti-cgt-armllvm_4.0.0.LTS\lib\armv6m-ti-none-eabi\c\</path>
         <kind>archive</kind>
         <file>libc.a</file>
         <name>snprintf.c.obj</name>
      </input_file>
      <input_file id="fl-3c">
         <path>E:\MyGame\Tools\CCS\ccs\tools\compiler\ti-cgt-armllvm_4.0.0.LTS\lib\armv6m-ti-none-eabi\c\</path>
         <kind>archive</kind>
         <file>libc.a</file>
         <name>boot_cortex_m.c.obj</name>
      </input_file>
      <input_file id="fl-3d">
         <path>E:\MyGame\Tools\CCS\ccs\tools\compiler\ti-cgt-armllvm_4.0.0.LTS\lib\armv6m-ti-none-eabi\c\</path>
         <kind>archive</kind>
         <file>libc.a</file>
         <name>mathacl_init.c.obj</name>
      </input_file>
      <input_file id="fl-3e">
         <path>E:\MyGame\Tools\CCS\ccs\tools\compiler\ti-cgt-armllvm_4.0.0.LTS\lib\armv6m-ti-none-eabi\c\</path>
         <kind>archive</kind>
         <file>libc.a</file>
         <name>autoinit.c.obj</name>
      </input_file>
      <input_file id="fl-3f">
         <path>E:\MyGame\Tools\CCS\ccs\tools\compiler\ti-cgt-armllvm_4.0.0.LTS\lib\armv6m-ti-none-eabi\c\</path>
         <kind>archive</kind>
         <file>libc.a</file>
         <name>pre_init.c.obj</name>
      </input_file>
      <input_file id="fl-40">
         <path>E:\MyGame\Tools\CCS\ccs\tools\compiler\ti-cgt-armllvm_4.0.0.LTS\lib\armv6m-ti-none-eabi\c\</path>
         <kind>archive</kind>
         <file>libc.a</file>
         <name>cpy_tbl.c.obj</name>
      </input_file>
      <input_file id="fl-41">
         <path>E:\MyGame\Tools\CCS\ccs\tools\compiler\ti-cgt-armllvm_4.0.0.LTS\lib\armv6m-ti-none-eabi\c\</path>
         <kind>archive</kind>
         <file>libc.a</file>
         <name>copy_zero_init.c.obj</name>
      </input_file>
      <input_file id="fl-42">
         <path>E:\MyGame\Tools\CCS\ccs\tools\compiler\ti-cgt-armllvm_4.0.0.LTS\lib\armv6m-ti-none-eabi\c\</path>
         <kind>archive</kind>
         <file>libc.a</file>
         <name>copy_decompress_none.c.obj</name>
      </input_file>
      <input_file id="fl-43">
         <path>E:\MyGame\Tools\CCS\ccs\tools\compiler\ti-cgt-armllvm_4.0.0.LTS\lib\armv6m-ti-none-eabi\c\</path>
         <kind>archive</kind>
         <file>libc.a</file>
         <name>copy_decompress_lzss.c.obj</name>
      </input_file>
      <input_file id="fl-44">
         <path>E:\MyGame\Tools\CCS\ccs\tools\compiler\ti-cgt-armllvm_4.0.0.LTS\lib\armv6m-ti-none-eabi\c\</path>
         <kind>archive</kind>
         <file>libc.a</file>
         <name>_printfi.c.obj</name>
      </input_file>
      <input_file id="fl-45">
         <path>E:\MyGame\Tools\CCS\ccs\tools\compiler\ti-cgt-armllvm_4.0.0.LTS\lib\armv6m-ti-none-eabi\c\</path>
         <kind>archive</kind>
         <file>libc.a</file>
         <name>wcslen.c.obj</name>
      </input_file>
      <input_file id="fl-46">
         <path>E:\MyGame\Tools\CCS\ccs\tools\compiler\ti-cgt-armllvm_4.0.0.LTS\lib\armv6m-ti-none-eabi\c\</path>
         <kind>archive</kind>
         <file>libc.a</file>
         <name>s_frexp.c.obj</name>
      </input_file>
      <input_file id="fl-47">
         <path>E:\MyGame\Tools\CCS\ccs\tools\compiler\ti-cgt-armllvm_4.0.0.LTS\lib\armv6m-ti-none-eabi\c\</path>
         <kind>archive</kind>
         <file>libc.a</file>
         <name>s_scalbn.c.obj</name>
      </input_file>
      <input_file id="fl-48">
         <path>E:\MyGame\Tools\CCS\ccs\tools\compiler\ti-cgt-armllvm_4.0.0.LTS\lib\armv6m-ti-none-eabi\c\</path>
         <kind>archive</kind>
         <file>libc.a</file>
         <name>aeabi_portable.c.obj</name>
      </input_file>
      <input_file id="fl-49">
         <path>E:\MyGame\Tools\CCS\ccs\tools\compiler\ti-cgt-armllvm_4.0.0.LTS\lib\armv6m-ti-none-eabi\c\</path>
         <kind>archive</kind>
         <file>libc.a</file>
         <name>exit.c.obj</name>
      </input_file>
      <input_file id="fl-4a">
         <path>E:\MyGame\Tools\CCS\ccs\tools\compiler\ti-cgt-armllvm_4.0.0.LTS\lib\armv6m-ti-none-eabi\c\</path>
         <kind>archive</kind>
         <file>libc.a</file>
         <name>_lock.c.obj</name>
      </input_file>
      <input_file id="fl-4b">
         <path>E:\MyGame\Tools\CCS\ccs\tools\compiler\ti-cgt-armllvm_4.0.0.LTS\lib\armv6m-ti-none-eabi\c\</path>
         <kind>archive</kind>
         <file>libc.a</file>
         <name>_ltoa.c.obj</name>
      </input_file>
      <input_file id="fl-4c">
         <path>E:\MyGame\Tools\CCS\ccs\tools\compiler\ti-cgt-armllvm_4.0.0.LTS\lib\armv6m-ti-none-eabi\c\</path>
         <kind>archive</kind>
         <file>libc.a</file>
         <name>args_main.c.obj</name>
      </input_file>
      <input_file id="fl-4d">
         <path>E:\MyGame\Tools\CCS\ccs\tools\compiler\ti-cgt-armllvm_4.0.0.LTS\lib\armv6m-ti-none-eabi\c\</path>
         <kind>archive</kind>
         <file>libc.a</file>
         <name>assert.c.obj</name>
      </input_file>
      <input_file id="fl-4e">
         <path>E:\MyGame\Tools\CCS\ccs\tools\compiler\ti-cgt-armllvm_4.0.0.LTS\lib\armv6m-ti-none-eabi\c\</path>
         <kind>archive</kind>
         <file>libc.a</file>
         <name>atoi.c.obj</name>
      </input_file>
      <input_file id="fl-4f">
         <path>E:\MyGame\Tools\CCS\ccs\tools\compiler\ti-cgt-armllvm_4.0.0.LTS\lib\armv6m-ti-none-eabi\c\</path>
         <kind>archive</kind>
         <file>libc.a</file>
         <name>defs.c.obj</name>
      </input_file>
      <input_file id="fl-50">
         <path>E:\MyGame\Tools\CCS\ccs\tools\compiler\ti-cgt-armllvm_4.0.0.LTS\lib\armv6m-ti-none-eabi\c\</path>
         <kind>archive</kind>
         <file>libc.a</file>
         <name>memccpy.c.obj</name>
      </input_file>
      <input_file id="fl-51">
         <path>E:\MyGame\Tools\CCS\ccs\tools\compiler\ti-cgt-armllvm_4.0.0.LTS\lib\armv6m-ti-none-eabi\c\</path>
         <kind>archive</kind>
         <file>libc.a</file>
         <name>memory.c.obj</name>
      </input_file>
      <input_file id="fl-52">
         <path>E:\MyGame\Tools\CCS\ccs\tools\compiler\ti-cgt-armllvm_4.0.0.LTS\lib\armv6m-ti-none-eabi\c\</path>
         <kind>archive</kind>
         <file>libc.a</file>
         <name>sprintf.c.obj</name>
      </input_file>
      <input_file id="fl-53">
         <path>E:\MyGame\Tools\CCS\ccs\tools\compiler\ti-cgt-armllvm_4.0.0.LTS\lib\armv6m-ti-none-eabi\c\</path>
         <kind>archive</kind>
         <file>libc.a</file>
         <name>fflush.c.obj</name>
      </input_file>
      <input_file id="fl-54">
         <path>E:\MyGame\Tools\CCS\ccs\tools\compiler\ti-cgt-armllvm_4.0.0.LTS\lib\armv6m-ti-none-eabi\c\</path>
         <kind>archive</kind>
         <file>libc.a</file>
         <name>fputs.c.obj</name>
      </input_file>
      <input_file id="fl-55">
         <path>E:\MyGame\Tools\CCS\ccs\tools\compiler\ti-cgt-armllvm_4.0.0.LTS\lib\armv6m-ti-none-eabi\c\</path>
         <kind>archive</kind>
         <file>libc.a</file>
         <name>_io_perm.c.obj</name>
      </input_file>
      <input_file id="fl-56">
         <path>E:\MyGame\Tools\CCS\ccs\tools\compiler\ti-cgt-armllvm_4.0.0.LTS\lib\armv6m-ti-none-eabi\c\</path>
         <kind>archive</kind>
         <file>libc.a</file>
         <name>setvbuf.c.obj</name>
      </input_file>
      <input_file id="fl-57">
         <path>E:\MyGame\Tools\CCS\ccs\tools\compiler\ti-cgt-armllvm_4.0.0.LTS\lib\armv6m-ti-none-eabi\c\</path>
         <kind>archive</kind>
         <file>libc.a</file>
         <name>aeabi_ctype.S.obj</name>
      </input_file>
      <input_file id="fl-58">
         <path>E:\MyGame\Tools\CCS\ccs\tools\compiler\ti-cgt-armllvm_4.0.0.LTS\lib\armv6m-ti-none-eabi\c\</path>
         <kind>archive</kind>
         <file>libc.a</file>
         <name>fopen.c.obj</name>
      </input_file>
      <input_file id="fl-59">
         <path>E:\MyGame\Tools\CCS\ccs\tools\compiler\ti-cgt-armllvm_4.0.0.LTS\lib\armv6m-ti-none-eabi\c\</path>
         <kind>archive</kind>
         <file>libc.a</file>
         <name>fseek.c.obj</name>
      </input_file>
      <input_file id="fl-5a">
         <path>E:\MyGame\Tools\CCS\ccs\tools\compiler\ti-cgt-armllvm_4.0.0.LTS\lib\armv6m-ti-none-eabi\c\</path>
         <kind>archive</kind>
         <file>libc.a</file>
         <name>fclose.c.obj</name>
      </input_file>
      <input_file id="fl-f0">
         <path>E:\MyGame\Tools\CCS\ccs\tools\compiler\ti-cgt-armllvm_4.0.0.LTS\lib\armv6m-ti-none-eabi\c\</path>
         <kind>archive</kind>
         <file>libsysbm.a</file>
         <name>write.c.obj</name>
      </input_file>
      <input_file id="fl-f1">
         <path>E:\MyGame\Tools\CCS\ccs\tools\compiler\ti-cgt-armllvm_4.0.0.LTS\lib\armv6m-ti-none-eabi\c\</path>
         <kind>archive</kind>
         <file>libsysbm.a</file>
         <name>host_device.c.obj</name>
      </input_file>
      <input_file id="fl-f2">
         <path>E:\MyGame\Tools\CCS\ccs\tools\compiler\ti-cgt-armllvm_4.0.0.LTS\lib\armv6m-ti-none-eabi\c\</path>
         <kind>archive</kind>
         <file>libsysbm.a</file>
         <name>remove.c.obj</name>
      </input_file>
      <input_file id="fl-f3">
         <path>E:\MyGame\Tools\CCS\ccs\tools\compiler\ti-cgt-armllvm_4.0.0.LTS\lib\armv6m-ti-none-eabi\c\</path>
         <kind>archive</kind>
         <file>libsysbm.a</file>
         <name>open.c.obj</name>
      </input_file>
      <input_file id="fl-f4">
         <path>E:\MyGame\Tools\CCS\ccs\tools\compiler\ti-cgt-armllvm_4.0.0.LTS\lib\armv6m-ti-none-eabi\c\</path>
         <kind>archive</kind>
         <file>libsysbm.a</file>
         <name>lseek.c.obj</name>
      </input_file>
      <input_file id="fl-f5">
         <path>E:\MyGame\Tools\CCS\ccs\tools\compiler\ti-cgt-armllvm_4.0.0.LTS\lib\armv6m-ti-none-eabi\c\</path>
         <kind>archive</kind>
         <file>libsysbm.a</file>
         <name>close.c.obj</name>
      </input_file>
      <input_file id="fl-f6">
         <path>E:\MyGame\Tools\CCS\ccs\tools\compiler\ti-cgt-armllvm_4.0.0.LTS\lib\armv6m-ti-none-eabi\c\</path>
         <kind>archive</kind>
         <file>libsysbm.a</file>
         <name>unlink.c.obj</name>
      </input_file>
      <input_file id="fl-f7">
         <path>E:\MyGame\Tools\CCS\ccs\tools\compiler\ti-cgt-armllvm_4.0.0.LTS\lib\armv6m-ti-none-eabi\c\</path>
         <kind>archive</kind>
         <file>libsysbm.a</file>
         <name>hostclose.c.obj</name>
      </input_file>
      <input_file id="fl-f8">
         <path>E:\MyGame\Tools\CCS\ccs\tools\compiler\ti-cgt-armllvm_4.0.0.LTS\lib\armv6m-ti-none-eabi\c\</path>
         <kind>archive</kind>
         <file>libsysbm.a</file>
         <name>hostlseek.c.obj</name>
      </input_file>
      <input_file id="fl-f9">
         <path>E:\MyGame\Tools\CCS\ccs\tools\compiler\ti-cgt-armllvm_4.0.0.LTS\lib\armv6m-ti-none-eabi\c\</path>
         <kind>archive</kind>
         <file>libsysbm.a</file>
         <name>hostopen.c.obj</name>
      </input_file>
      <input_file id="fl-fa">
         <path>E:\MyGame\Tools\CCS\ccs\tools\compiler\ti-cgt-armllvm_4.0.0.LTS\lib\armv6m-ti-none-eabi\c\</path>
         <kind>archive</kind>
         <file>libsysbm.a</file>
         <name>hostread.c.obj</name>
      </input_file>
      <input_file id="fl-fb">
         <path>E:\MyGame\Tools\CCS\ccs\tools\compiler\ti-cgt-armllvm_4.0.0.LTS\lib\armv6m-ti-none-eabi\c\</path>
         <kind>archive</kind>
         <file>libsysbm.a</file>
         <name>hostrename.c.obj</name>
      </input_file>
      <input_file id="fl-fc">
         <path>E:\MyGame\Tools\CCS\ccs\tools\compiler\ti-cgt-armllvm_4.0.0.LTS\lib\armv6m-ti-none-eabi\c\</path>
         <kind>archive</kind>
         <file>libsysbm.a</file>
         <name>hostunlink.c.obj</name>
      </input_file>
      <input_file id="fl-fd">
         <path>E:\MyGame\Tools\CCS\ccs\tools\compiler\ti-cgt-armllvm_4.0.0.LTS\lib\armv6m-ti-none-eabi\c\</path>
         <kind>archive</kind>
         <file>libsysbm.a</file>
         <name>hostwrite.c.obj</name>
      </input_file>
      <input_file id="fl-fe">
         <path>E:\MyGame\Tools\CCS\ccs\tools\compiler\ti-cgt-armllvm_4.0.0.LTS\lib\armv6m-ti-none-eabi\c\</path>
         <kind>archive</kind>
         <file>libsysbm.a</file>
         <name>trgmsg.c.obj</name>
      </input_file>
      <input_file id="fl-ff">
         <path>E:\MyGame\Tools\CCS\ccs\tools\compiler\ti-cgt-armllvm_4.0.0.LTS\lib\armv6m-ti-none-eabi\</path>
         <kind>archive</kind>
         <file>libclang_rt.builtins.a</file>
         <name>adddf3.S.obj</name>
      </input_file>
      <input_file id="fl-100">
         <path>E:\MyGame\Tools\CCS\ccs\tools\compiler\ti-cgt-armllvm_4.0.0.LTS\lib\armv6m-ti-none-eabi\</path>
         <kind>archive</kind>
         <file>libclang_rt.builtins.a</file>
         <name>muldf3.S.obj</name>
      </input_file>
      <input_file id="fl-101">
         <path>E:\MyGame\Tools\CCS\ccs\tools\compiler\ti-cgt-armllvm_4.0.0.LTS\lib\armv6m-ti-none-eabi\</path>
         <kind>archive</kind>
         <file>libclang_rt.builtins.a</file>
         <name>muldsi3.S.obj</name>
      </input_file>
      <input_file id="fl-102">
         <path>E:\MyGame\Tools\CCS\ccs\tools\compiler\ti-cgt-armllvm_4.0.0.LTS\lib\armv6m-ti-none-eabi\</path>
         <kind>archive</kind>
         <file>libclang_rt.builtins.a</file>
         <name>divdf3.S.obj</name>
      </input_file>
      <input_file id="fl-103">
         <path>E:\MyGame\Tools\CCS\ccs\tools\compiler\ti-cgt-armllvm_4.0.0.LTS\lib\armv6m-ti-none-eabi\</path>
         <kind>archive</kind>
         <file>libclang_rt.builtins.a</file>
         <name>fixdfsi.S.obj</name>
      </input_file>
      <input_file id="fl-104">
         <path>E:\MyGame\Tools\CCS\ccs\tools\compiler\ti-cgt-armllvm_4.0.0.LTS\lib\armv6m-ti-none-eabi\</path>
         <kind>archive</kind>
         <file>libclang_rt.builtins.a</file>
         <name>floatsidf.S.obj</name>
      </input_file>
      <input_file id="fl-105">
         <path>E:\MyGame\Tools\CCS\ccs\tools\compiler\ti-cgt-armllvm_4.0.0.LTS\lib\armv6m-ti-none-eabi\</path>
         <kind>archive</kind>
         <file>libclang_rt.builtins.a</file>
         <name>muldi3.S.obj</name>
      </input_file>
      <input_file id="fl-106">
         <path>E:\MyGame\Tools\CCS\ccs\tools\compiler\ti-cgt-armllvm_4.0.0.LTS\lib\armv6m-ti-none-eabi\</path>
         <kind>archive</kind>
         <file>libclang_rt.builtins.a</file>
         <name>aeabi_dcmp.S.obj</name>
      </input_file>
      <input_file id="fl-107">
         <path>E:\MyGame\Tools\CCS\ccs\tools\compiler\ti-cgt-armllvm_4.0.0.LTS\lib\armv6m-ti-none-eabi\</path>
         <kind>archive</kind>
         <file>libclang_rt.builtins.a</file>
         <name>aeabi_idivmod.S.obj</name>
      </input_file>
      <input_file id="fl-108">
         <path>E:\MyGame\Tools\CCS\ccs\tools\compiler\ti-cgt-armllvm_4.0.0.LTS\lib\armv6m-ti-none-eabi\</path>
         <kind>archive</kind>
         <file>libclang_rt.builtins.a</file>
         <name>aeabi_memcpy.S.obj</name>
      </input_file>
      <input_file id="fl-109">
         <path>E:\MyGame\Tools\CCS\ccs\tools\compiler\ti-cgt-armllvm_4.0.0.LTS\lib\armv6m-ti-none-eabi\</path>
         <kind>archive</kind>
         <file>libclang_rt.builtins.a</file>
         <name>aeabi_memset.S.obj</name>
      </input_file>
      <input_file id="fl-10a">
         <path>E:\MyGame\Tools\CCS\ccs\tools\compiler\ti-cgt-armllvm_4.0.0.LTS\lib\armv6m-ti-none-eabi\</path>
         <kind>archive</kind>
         <file>libclang_rt.builtins.a</file>
         <name>aeabi_uidivmod.S.obj</name>
      </input_file>
      <input_file id="fl-10b">
         <path>E:\MyGame\Tools\CCS\ccs\tools\compiler\ti-cgt-armllvm_4.0.0.LTS\lib\armv6m-ti-none-eabi\</path>
         <kind>archive</kind>
         <file>libclang_rt.builtins.a</file>
         <name>aeabi_uldivmod.S.obj</name>
      </input_file>
      <input_file id="fl-10c">
         <path>E:\MyGame\Tools\CCS\ccs\tools\compiler\ti-cgt-armllvm_4.0.0.LTS\lib\armv6m-ti-none-eabi\</path>
         <kind>archive</kind>
         <file>libclang_rt.builtins.a</file>
         <name>udivmoddi4.S.obj</name>
      </input_file>
      <input_file id="fl-10d">
         <path>E:\MyGame\Tools\CCS\ccs\tools\compiler\ti-cgt-armllvm_4.0.0.LTS\lib\armv6m-ti-none-eabi\</path>
         <kind>archive</kind>
         <file>libclang_rt.builtins.a</file>
         <name>ashldi3.S.obj</name>
      </input_file>
      <input_file id="fl-10e">
         <path>E:\MyGame\Tools\CCS\ccs\tools\compiler\ti-cgt-armllvm_4.0.0.LTS\lib\armv6m-ti-none-eabi\</path>
         <kind>archive</kind>
         <file>libclang_rt.builtins.a</file>
         <name>comparedf2.c.obj</name>
      </input_file>
      <input_file id="fl-10f">
         <path>E:\MyGame\Tools\CCS\ccs\tools\compiler\ti-cgt-armllvm_4.0.0.LTS\lib\armv6m-ti-none-eabi\</path>
         <kind>archive</kind>
         <file>libclang_rt.builtins.a</file>
         <name>aeabi_div0.c.obj</name>
      </input_file>
      <input_file id="fl-110">
         <path>E:\MyGame\Tools\CCS\ccs\tools\compiler\ti-cgt-armllvm_4.0.0.LTS\lib\armv6m-ti-none-eabi\c\</path>
         <kind>archive</kind>
         <file>libc.a</file>
         <name>getdevice.c.obj</name>
      </input_file>
      <input_file id="fl-111">
         <path>E:\MyGame\Tools\CCS\ccs\tools\compiler\ti-cgt-armllvm_4.0.0.LTS\lib\armv6m-ti-none-eabi\c\</path>
         <kind>archive</kind>
         <file>libc.a</file>
         <name>memcpy16.S.obj</name>
      </input_file>
      <input_file id="fl-112">
         <path>E:\MyGame\Tools\CCS\ccs\tools\compiler\ti-cgt-armllvm_4.0.0.LTS\lib\armv6m-ti-none-eabi\c\</path>
         <kind>archive</kind>
         <file>libc.a</file>
         <name>memset16.S.obj</name>
      </input_file>
      <input_file id="fl-113">
         <path>E:\MyGame\Tools\CCS\ccs\tools\compiler\ti-cgt-armllvm_4.0.0.LTS\lib\armv6m-ti-none-eabi\c\</path>
         <kind>archive</kind>
         <file>libc.a</file>
         <name>strcmp-armv6m.S.obj</name>
      </input_file>
   </input_file_list>
   <object_component_list>
      <object_component id="oc-18">
         <name>.intvecs</name>
         <load_address>0x0</load_address>
         <readonly>true</readonly>
         <run_address>0x0</run_address>
         <size>0xc0</size>
         <alignment>0x4</alignment>
         <input_file_ref idref="fl-5"/>
      </object_component>
      <object_component id="oc-160">
         <name>.text.pvPortMalloc</name>
         <load_address>0xc0</load_address>
         <readonly>true</readonly>
         <executable>true</executable>
         <run_address>0xc0</run_address>
         <size>0x294</size>
         <alignment>0x4</alignment>
         <input_file_ref idref="fl-1f"/>
      </object_component>
      <object_component id="oc-189">
         <name>.text.i2c_SendByte</name>
         <load_address>0x354</load_address>
         <readonly>true</readonly>
         <executable>true</executable>
         <run_address>0x354</run_address>
         <size>0x25c</size>
         <alignment>0x4</alignment>
         <input_file_ref idref="fl-9"/>
      </object_component>
      <object_component id="oc-7f">
         <name>.text.xTaskIncrementTick</name>
         <load_address>0x5b0</load_address>
         <readonly>true</readonly>
         <executable>true</executable>
         <run_address>0x5b0</run_address>
         <size>0x210</size>
         <alignment>0x4</alignment>
         <input_file_ref idref="fl-18"/>
      </object_component>
      <object_component id="oc-13d">
         <name>.text.uart_SendString</name>
         <load_address>0x7c0</load_address>
         <readonly>true</readonly>
         <executable>true</executable>
         <run_address>0x7c0</run_address>
         <size>0x1fc</size>
         <alignment>0x4</alignment>
         <input_file_ref idref="fl-a"/>
      </object_component>
      <object_component id="oc-1a3">
         <name>.text.xTaskResumeAll</name>
         <load_address>0x9bc</load_address>
         <readonly>true</readonly>
         <executable>true</executable>
         <run_address>0x9bc</run_address>
         <size>0x1f8</size>
         <alignment>0x4</alignment>
         <input_file_ref idref="fl-18"/>
      </object_component>
      <object_component id="oc-182">
         <name>.text.uart_SendByte</name>
         <load_address>0xbb4</load_address>
         <readonly>true</readonly>
         <executable>true</executable>
         <run_address>0xbb4</run_address>
         <size>0x1a4</size>
         <alignment>0x4</alignment>
         <input_file_ref idref="fl-a"/>
      </object_component>
      <object_component id="oc-1e7">
         <name>.text.xQueueReceive</name>
         <load_address>0xd58</load_address>
         <readonly>true</readonly>
         <executable>true</executable>
         <run_address>0xd58</run_address>
         <size>0x1a4</size>
         <alignment>0x2</alignment>
         <input_file_ref idref="fl-21"/>
      </object_component>
      <object_component id="oc-1bd">
         <name>.text.vPortSuppressTicksAndSleep</name>
         <load_address>0xefc</load_address>
         <readonly>true</readonly>
         <executable>true</executable>
         <run_address>0xefc</run_address>
         <size>0x1a0</size>
         <alignment>0x4</alignment>
         <input_file_ref idref="fl-1a"/>
      </object_component>
      <object_component id="oc-1f9">
         <name>.text.xTaskRemoveFromEventList</name>
         <load_address>0x109c</load_address>
         <readonly>true</readonly>
         <executable>true</executable>
         <run_address>0x109c</run_address>
         <size>0x190</size>
         <alignment>0x4</alignment>
         <input_file_ref idref="fl-18"/>
      </object_component>
      <object_component id="oc-1cd">
         <name>.text.prvProcessReceivedCommands</name>
         <load_address>0x122c</load_address>
         <readonly>true</readonly>
         <executable>true</executable>
         <run_address>0x122c</run_address>
         <size>0x15c</size>
         <alignment>0x4</alignment>
         <input_file_ref idref="fl-19"/>
      </object_component>
      <object_component id="oc-12d">
         <name>.text.prvAddNewTaskToReadyList</name>
         <load_address>0x1388</load_address>
         <readonly>true</readonly>
         <executable>true</executable>
         <run_address>0x1388</run_address>
         <size>0x128</size>
         <alignment>0x4</alignment>
         <input_file_ref idref="fl-18"/>
      </object_component>
      <object_component id="oc-143">
         <name>.text.vTaskDelete</name>
         <load_address>0x14b0</load_address>
         <readonly>true</readonly>
         <executable>true</executable>
         <run_address>0x14b0</run_address>
         <size>0x11c</size>
         <alignment>0x4</alignment>
         <input_file_ref idref="fl-18"/>
      </object_component>
      <object_component id="oc-1b0">
         <name>.text.pxPortInitialiseStack</name>
         <load_address>0x15cc</load_address>
         <readonly>true</readonly>
         <executable>true</executable>
         <run_address>0x15cc</run_address>
         <size>0x114</size>
         <alignment>0x4</alignment>
         <input_file_ref idref="fl-1a"/>
      </object_component>
      <object_component id="oc-1ac">
         <name>.text.prvInsertBlockIntoFreeList</name>
         <load_address>0x16e0</load_address>
         <readonly>true</readonly>
         <executable>true</executable>
         <run_address>0x16e0</run_address>
         <size>0x10c</size>
         <alignment>0x4</alignment>
         <input_file_ref idref="fl-1f"/>
      </object_component>
      <object_component id="oc-1c">
         <name>.text.vTaskSwitchContext</name>
         <load_address>0x17ec</load_address>
         <readonly>true</readonly>
         <executable>true</executable>
         <run_address>0x17ec</run_address>
         <size>0x10c</size>
         <alignment>0x4</alignment>
         <input_file_ref idref="fl-18"/>
      </object_component>
      <object_component id="oc-166">
         <name>.text.prvInitialiseNewTask</name>
         <load_address>0x18f8</load_address>
         <readonly>true</readonly>
         <executable>true</executable>
         <run_address>0x18f8</run_address>
         <size>0x104</size>
         <alignment>0x2</alignment>
         <input_file_ref idref="fl-18"/>
      </object_component>
      <object_component id="oc-111">
         <name>.text.DL_Timer_initTimerMode</name>
         <load_address>0x19fc</load_address>
         <readonly>true</readonly>
         <executable>true</executable>
         <run_address>0x19fc</run_address>
         <size>0xfc</size>
         <alignment>0x4</alignment>
         <input_file_ref idref="fl-25"/>
      </object_component>
      <object_component id="oc-165">
         <name>.text.vPortFree</name>
         <load_address>0x1af8</load_address>
         <readonly>true</readonly>
         <executable>true</executable>
         <run_address>0x1af8</run_address>
         <size>0xf8</size>
         <alignment>0x4</alignment>
         <input_file_ref idref="fl-1f"/>
      </object_component>
      <object_component id="oc-137">
         <name>.text.icm_init</name>
         <load_address>0x1bf0</load_address>
         <readonly>true</readonly>
         <executable>true</executable>
         <run_address>0x1bf0</run_address>
         <size>0xf4</size>
         <alignment>0x2</alignment>
         <input_file_ref idref="fl-3"/>
      </object_component>
      <object_component id="oc-1de">
         <name>.text.prvAddCurrentTaskToDelayedList</name>
         <load_address>0x1ce4</load_address>
         <readonly>true</readonly>
         <executable>true</executable>
         <run_address>0x1ce4</run_address>
         <size>0xe4</size>
         <alignment>0x4</alignment>
         <input_file_ref idref="fl-18"/>
      </object_component>
      <object_component id="oc-1f1">
         <name>.text.xQueueGenericReset</name>
         <load_address>0x1dc8</load_address>
         <readonly>true</readonly>
         <executable>true</executable>
         <run_address>0x1dc8</run_address>
         <size>0xe4</size>
         <alignment>0x2</alignment>
         <input_file_ref idref="fl-21"/>
      </object_component>
      <object_component id="oc-12e">
         <name>.text.prvCreateIdleTasks</name>
         <load_address>0x1eac</load_address>
         <readonly>true</readonly>
         <executable>true</executable>
         <run_address>0x1eac</run_address>
         <size>0xcc</size>
         <alignment>0x4</alignment>
         <input_file_ref idref="fl-18"/>
      </object_component>
      <object_component id="oc-183">
         <name>.text.i2c_ReadByte</name>
         <load_address>0x1f78</load_address>
         <readonly>true</readonly>
         <executable>true</executable>
         <run_address>0x1f78</run_address>
         <size>0xc8</size>
         <alignment>0x4</alignment>
         <input_file_ref idref="fl-9"/>
      </object_component>
      <object_component id="oc-1f6">
         <name>.text.prvUnlockQueue</name>
         <load_address>0x2040</load_address>
         <readonly>true</readonly>
         <executable>true</executable>
         <run_address>0x2040</run_address>
         <size>0xb6</size>
         <alignment>0x2</alignment>
         <input_file_ref idref="fl-21"/>
      </object_component>
      <object_component id="oc-3e">
         <name>.text.Default_Handler</name>
         <load_address>0x20f6</load_address>
         <readonly>true</readonly>
         <executable>true</executable>
         <run_address>0x20f6</run_address>
         <size>0x2</size>
         <alignment>0x2</alignment>
         <input_file_ref idref="fl-5"/>
      </object_component>
      <object_component id="oc-1fb">
         <name>.text.xTaskCheckForTimeOut</name>
         <load_address>0x20f8</load_address>
         <readonly>true</readonly>
         <executable>true</executable>
         <run_address>0x20f8</run_address>
         <size>0xb4</size>
         <alignment>0x4</alignment>
         <input_file_ref idref="fl-18"/>
      </object_component>
      <object_component id="oc-4c">
         <name>.text.ADC1_IRQHandler</name>
         <load_address>0x21ac</load_address>
         <readonly>true</readonly>
         <executable>true</executable>
         <run_address>0x21ac</run_address>
         <size>0xac</size>
         <alignment>0x4</alignment>
         <input_file_ref idref="fl-4"/>
      </object_component>
      <object_component id="oc-46">
         <name>.text.ADC0_IRQHandler</name>
         <load_address>0x2258</load_address>
         <readonly>true</readonly>
         <executable>true</executable>
         <run_address>0x2258</run_address>
         <size>0xa8</size>
         <alignment>0x4</alignment>
         <input_file_ref idref="fl-4"/>
      </object_component>
      <object_component id="oc-1a2">
         <name>.text.prvHeapInit</name>
         <load_address>0x2300</load_address>
         <readonly>true</readonly>
         <executable>true</executable>
         <run_address>0x2300</run_address>
         <size>0xa0</size>
         <alignment>0x4</alignment>
         <input_file_ref idref="fl-1f"/>
      </object_component>
      <object_component id="oc-1be">
         <name>.text.xQueueGenericCreateStatic</name>
         <load_address>0x23a0</load_address>
         <readonly>true</readonly>
         <executable>true</executable>
         <run_address>0x23a0</run_address>
         <size>0xa0</size>
         <alignment>0x2</alignment>
         <input_file_ref idref="fl-21"/>
      </object_component>
      <object_component id="oc-b1">
         <name>.text:memcpy</name>
         <load_address>0x2440</load_address>
         <readonly>true</readonly>
         <executable>true</executable>
         <run_address>0x2440</run_address>
         <size>0x9a</size>
         <alignment>0x1</alignment>
         <input_file_ref idref="fl-111"/>
      </object_component>
      <object_component id="oc-1ea">
         <name>.text.__aeabi_idiv0</name>
         <load_address>0x24da</load_address>
         <readonly>true</readonly>
         <executable>true</executable>
         <run_address>0x24da</run_address>
         <size>0x2</size>
         <alignment>0x2</alignment>
         <input_file_ref idref="fl-10f"/>
      </object_component>
      <object_component id="oc-f6">
         <name>.text.LED</name>
         <load_address>0x24dc</load_address>
         <readonly>true</readonly>
         <executable>true</executable>
         <run_address>0x24dc</run_address>
         <size>0x98</size>
         <alignment>0x4</alignment>
         <input_file_ref idref="fl-6"/>
      </object_component>
      <object_component id="oc-1ba">
         <name>.text.prvCreateStaticTask</name>
         <load_address>0x2574</load_address>
         <readonly>true</readonly>
         <executable>true</executable>
         <run_address>0x2574</run_address>
         <size>0x98</size>
         <alignment>0x2</alignment>
         <input_file_ref idref="fl-18"/>
      </object_component>
      <object_component id="oc-1cc">
         <name>.text.prvProcessTimerOrBlockTask</name>
         <load_address>0x260c</load_address>
         <readonly>true</readonly>
         <executable>true</executable>
         <run_address>0x260c</run_address>
         <size>0x8c</size>
         <alignment>0x4</alignment>
         <input_file_ref idref="fl-19"/>
      </object_component>
      <object_component id="oc-12c">
         <name>.text.prvCreateTask</name>
         <load_address>0x2698</load_address>
         <readonly>true</readonly>
         <executable>true</executable>
         <run_address>0x2698</run_address>
         <size>0x84</size>
         <alignment>0x2</alignment>
         <input_file_ref idref="fl-18"/>
      </object_component>
      <object_component id="oc-1e8">
         <name>.text.prvInsertTimerInActiveList</name>
         <load_address>0x271c</load_address>
         <readonly>true</readonly>
         <executable>true</executable>
         <run_address>0x271c</run_address>
         <size>0x84</size>
         <alignment>0x4</alignment>
         <input_file_ref idref="fl-19"/>
      </object_component>
      <object_component id="oc-1e0">
         <name>.text.vTaskStepTick</name>
         <load_address>0x27a0</load_address>
         <readonly>true</readonly>
         <executable>true</executable>
         <run_address>0x27a0</run_address>
         <size>0x84</size>
         <alignment>0x4</alignment>
         <input_file_ref idref="fl-18"/>
      </object_component>
      <object_component id="oc-134">
         <name>.text.xPortStartScheduler</name>
         <load_address>0x2824</load_address>
         <readonly>true</readonly>
         <executable>true</executable>
         <run_address>0x2824</run_address>
         <size>0x80</size>
         <alignment>0x4</alignment>
         <input_file_ref idref="fl-1a"/>
      </object_component>
      <object_component id="oc-e8">
         <name>.text.SYSCFG_DL_ADC12_1_init</name>
         <load_address>0x28a4</load_address>
         <readonly>true</readonly>
         <executable>true</executable>
         <run_address>0x28a4</run_address>
         <size>0x7c</size>
         <alignment>0x4</alignment>
         <input_file_ref idref="fl-2"/>
      </object_component>
      <object_component id="oc-1df">
         <name>.text.eTaskConfirmSleepModeStatus</name>
         <load_address>0x2920</load_address>
         <readonly>true</readonly>
         <executable>true</executable>
         <run_address>0x2920</run_address>
         <size>0x7c</size>
         <alignment>0x4</alignment>
         <input_file_ref idref="fl-18"/>
      </object_component>
      <object_component id="oc-168">
         <name>.text.prvInitialiseTaskLists</name>
         <load_address>0x299c</load_address>
         <readonly>true</readonly>
         <executable>true</executable>
         <run_address>0x299c</run_address>
         <size>0x7c</size>
         <alignment>0x4</alignment>
         <input_file_ref idref="fl-18"/>
      </object_component>
      <object_component id="oc-12f">
         <name>.text.xTimerCreateTimerTask</name>
         <load_address>0x2a18</load_address>
         <readonly>true</readonly>
         <executable>true</executable>
         <run_address>0x2a18</run_address>
         <size>0x7c</size>
         <alignment>0x4</alignment>
         <input_file_ref idref="fl-19"/>
      </object_component>
      <object_component id="oc-27">
         <name>.text:decompress:lzss</name>
         <load_address>0x2a94</load_address>
         <readonly>true</readonly>
         <executable>true</executable>
         <run_address>0x2a94</run_address>
         <size>0x7c</size>
         <alignment>0x4</alignment>
         <input_file_ref idref="fl-43"/>
      </object_component>
      <object_component id="oc-1bc">
         <name>.text.prvGetExpectedIdleTime</name>
         <load_address>0x2b10</load_address>
         <readonly>true</readonly>
         <executable>true</executable>
         <run_address>0x2b10</run_address>
         <size>0x78</size>
         <alignment>0x4</alignment>
         <input_file_ref idref="fl-18"/>
      </object_component>
      <object_component id="oc-e9">
         <name>.text.SYSCFG_DL_ADC12_0_init</name>
         <load_address>0x2b88</load_address>
         <readonly>true</readonly>
         <executable>true</executable>
         <run_address>0x2b88</run_address>
         <size>0x74</size>
         <alignment>0x4</alignment>
         <input_file_ref idref="fl-2"/>
      </object_component>
      <object_component id="oc-1f5">
         <name>.text.vTaskPlaceOnEventListRestricted</name>
         <load_address>0x2bfc</load_address>
         <readonly>true</readonly>
         <executable>true</executable>
         <run_address>0x2bfc</run_address>
         <size>0x74</size>
         <alignment>0x4</alignment>
         <input_file_ref idref="fl-18"/>
      </object_component>
      <object_component id="oc-e2">
         <name>.text.SYSCFG_DL_GPIO_init</name>
         <load_address>0x2c70</load_address>
         <readonly>true</readonly>
         <executable>true</executable>
         <run_address>0x2c70</run_address>
         <size>0x6c</size>
         <alignment>0x4</alignment>
         <input_file_ref idref="fl-2"/>
      </object_component>
      <object_component id="oc-176">
         <name>.text.prvCheckForValidListAndQueue</name>
         <load_address>0x2cdc</load_address>
         <readonly>true</readonly>
         <executable>true</executable>
         <run_address>0x2cdc</run_address>
         <size>0x6c</size>
         <alignment>0x4</alignment>
         <input_file_ref idref="fl-19"/>
      </object_component>
      <object_component id="oc-1f0">
         <name>.text.vListInsert</name>
         <load_address>0x2d48</load_address>
         <readonly>true</readonly>
         <executable>true</executable>
         <run_address>0x2d48</run_address>
         <size>0x6c</size>
         <alignment>0x2</alignment>
         <input_file_ref idref="fl-20"/>
      </object_component>
      <object_component id="oc-1e6">
         <name>.text.vQueueWaitForMessageRestricted</name>
         <load_address>0x2db4</load_address>
         <readonly>true</readonly>
         <executable>true</executable>
         <run_address>0x2db4</run_address>
         <size>0x6a</size>
         <alignment>0x2</alignment>
         <input_file_ref idref="fl-21"/>
      </object_component>
      <object_component id="oc-ee">
         <name>.text.vTaskStartScheduler</name>
         <load_address>0x2e20</load_address>
         <readonly>true</readonly>
         <executable>true</executable>
         <run_address>0x2e20</run_address>
         <size>0x68</size>
         <alignment>0x4</alignment>
         <input_file_ref idref="fl-18"/>
      </object_component>
      <object_component id="oc-e0">
         <name>.text:memset</name>
         <load_address>0x2e88</load_address>
         <readonly>true</readonly>
         <executable>true</executable>
         <run_address>0x2e88</run_address>
         <size>0x62</size>
         <alignment>0x1</alignment>
         <input_file_ref idref="fl-112"/>
      </object_component>
      <object_component id="oc-e7">
         <name>.text.SYSCFG_DL_UART_0_init</name>
         <load_address>0x2eec</load_address>
         <readonly>true</readonly>
         <executable>true</executable>
         <run_address>0x2eec</run_address>
         <size>0x60</size>
         <alignment>0x4</alignment>
         <input_file_ref idref="fl-2"/>
      </object_component>
      <object_component id="oc-e1">
         <name>.text.SYSCFG_DL_initPower</name>
         <load_address>0x2f4c</load_address>
         <readonly>true</readonly>
         <executable>true</executable>
         <run_address>0x2f4c</run_address>
         <size>0x60</size>
         <alignment>0x4</alignment>
         <input_file_ref idref="fl-2"/>
      </object_component>
      <object_component id="oc-1db">
         <name>.text.pvTaskGetThreadLocalStoragePointer</name>
         <load_address>0x2fac</load_address>
         <readonly>true</readonly>
         <executable>true</executable>
         <run_address>0x2fac</run_address>
         <size>0x60</size>
         <alignment>0x4</alignment>
         <input_file_ref idref="fl-18"/>
      </object_component>
      <object_component id="oc-1d5">
         <name>.text.DL_I2C_fillControllerTXFIFO</name>
         <load_address>0x300c</load_address>
         <readonly>true</readonly>
         <executable>true</executable>
         <run_address>0x300c</run_address>
         <size>0x5e</size>
         <alignment>0x2</alignment>
         <input_file_ref idref="fl-24"/>
      </object_component>
      <object_component id="oc-174">
         <name>.text.prvIdleTask</name>
         <load_address>0x306c</load_address>
         <readonly>true</readonly>
         <executable>true</executable>
         <run_address>0x306c</run_address>
         <size>0x5c</size>
         <alignment>0x4</alignment>
         <input_file_ref idref="fl-18"/>
      </object_component>
      <object_component id="oc-e6">
         <name>.text.SYSCFG_DL_I2C_1_init</name>
         <load_address>0x30c8</load_address>
         <readonly>true</readonly>
         <executable>true</executable>
         <run_address>0x30c8</run_address>
         <size>0x54</size>
         <alignment>0x4</alignment>
         <input_file_ref idref="fl-2"/>
      </object_component>
      <object_component id="oc-e5">
         <name>.text.SYSCFG_DL_TIMER_0_init</name>
         <load_address>0x311c</load_address>
         <readonly>true</readonly>
         <executable>true</executable>
         <run_address>0x311c</run_address>
         <size>0x54</size>
         <alignment>0x4</alignment>
         <input_file_ref idref="fl-2"/>
      </object_component>
      <object_component id="oc-17e">
         <name>.text.vPortSetupTimerInterrupt</name>
         <load_address>0x3170</load_address>
         <readonly>true</readonly>
         <executable>true</executable>
         <run_address>0x3170</run_address>
         <size>0x54</size>
         <alignment>0x4</alignment>
         <input_file_ref idref="fl-1a"/>
      </object_component>
      <object_component id="oc-1bb">
         <name>.text.prvCheckTasksWaitingTermination</name>
         <load_address>0x31c4</load_address>
         <readonly>true</readonly>
         <executable>true</executable>
         <run_address>0x31c4</run_address>
         <size>0x50</size>
         <alignment>0x4</alignment>
         <input_file_ref idref="fl-18"/>
      </object_component>
      <object_component id="oc-19a">
         <name>.text.prvDeleteTCB</name>
         <load_address>0x3214</load_address>
         <readonly>true</readonly>
         <executable>true</executable>
         <run_address>0x3214</run_address>
         <size>0x50</size>
         <alignment>0x2</alignment>
         <input_file_ref idref="fl-18"/>
      </object_component>
      <object_component id="oc-1e5">
         <name>.text.prvProcessExpiredTimer</name>
         <load_address>0x3264</load_address>
         <readonly>true</readonly>
         <executable>true</executable>
         <run_address>0x3264</run_address>
         <size>0x50</size>
         <alignment>0x4</alignment>
         <input_file_ref idref="fl-19"/>
      </object_component>
      <object_component id="oc-19d">
         <name>.text.vTaskDelay</name>
         <load_address>0x32b4</load_address>
         <readonly>true</readonly>
         <executable>true</executable>
         <run_address>0x32b4</run_address>
         <size>0x50</size>
         <alignment>0x4</alignment>
         <input_file_ref idref="fl-18"/>
      </object_component>
      <object_component id="oc-172">
         <name>.text.xTaskCreateStatic</name>
         <load_address>0x3304</load_address>
         <readonly>true</readonly>
         <executable>true</executable>
         <run_address>0x3304</run_address>
         <size>0x4c</size>
         <alignment>0x2</alignment>
         <input_file_ref idref="fl-18"/>
      </object_component>
      <object_component id="oc-121">
         <name>.text.DL_UART_init</name>
         <load_address>0x3350</load_address>
         <readonly>true</readonly>
         <executable>true</executable>
         <run_address>0x3350</run_address>
         <size>0x48</size>
         <alignment>0x4</alignment>
         <input_file_ref idref="fl-26"/>
      </object_component>
      <object_component id="oc-18f">
         <name>.text.uxListRemove</name>
         <load_address>0x3398</load_address>
         <readonly>true</readonly>
         <executable>true</executable>
         <run_address>0x3398</run_address>
         <size>0x48</size>
         <alignment>0x2</alignment>
         <input_file_ref idref="fl-20"/>
      </object_component>
      <object_component id="oc-ed">
         <name>.text.xTaskCreate</name>
         <load_address>0x33e0</load_address>
         <readonly>true</readonly>
         <executable>true</executable>
         <run_address>0x33e0</run_address>
         <size>0x48</size>
         <alignment>0x2</alignment>
         <input_file_ref idref="fl-18"/>
      </object_component>
      <object_component id="oc-1e1">
         <name>.text.prvInitialiseNewQueue</name>
         <load_address>0x3428</load_address>
         <readonly>true</readonly>
         <executable>true</executable>
         <run_address>0x3428</run_address>
         <size>0x46</size>
         <alignment>0x2</alignment>
         <input_file_ref idref="fl-21"/>
      </object_component>
      <object_component id="oc-44">
         <name>.text.PendSV_Handler</name>
         <load_address>0x3470</load_address>
         <readonly>true</readonly>
         <executable>true</executable>
         <run_address>0x3470</run_address>
         <size>0x44</size>
         <alignment>0x10</alignment>
         <input_file_ref idref="fl-1b"/>
      </object_component>
      <object_component id="oc-97">
         <name>.text.main</name>
         <load_address>0x34b4</load_address>
         <readonly>true</readonly>
         <executable>true</executable>
         <run_address>0x34b4</run_address>
         <size>0x44</size>
         <alignment>0x4</alignment>
         <input_file_ref idref="fl-1"/>
      </object_component>
      <object_component id="oc-1f8">
         <name>.text.prvCopyDataFromQueue</name>
         <load_address>0x34f8</load_address>
         <readonly>true</readonly>
         <executable>true</executable>
         <run_address>0x34f8</run_address>
         <size>0x44</size>
         <alignment>0x2</alignment>
         <input_file_ref idref="fl-21"/>
      </object_component>
      <object_component id="oc-1f3">
         <name>.text.prvSwitchTimerLists</name>
         <load_address>0x353c</load_address>
         <readonly>true</readonly>
         <executable>true</executable>
         <run_address>0x353c</run_address>
         <size>0x44</size>
         <alignment>0x4</alignment>
         <input_file_ref idref="fl-19"/>
      </object_component>
      <object_component id="oc-124">
         <name>.text.DL_ADC12_setClockConfig</name>
         <load_address>0x3580</load_address>
         <readonly>true</readonly>
         <executable>true</executable>
         <run_address>0x3580</run_address>
         <size>0x40</size>
         <alignment>0x4</alignment>
         <input_file_ref idref="fl-22"/>
      </object_component>
      <object_component id="oc-1ce">
         <name>.text.__aeabi_uidivmod</name>
         <load_address>0x35c0</load_address>
         <readonly>true</readonly>
         <executable>true</executable>
         <run_address>0x35c0</run_address>
         <size>0x40</size>
         <alignment>0x4</alignment>
         <input_file_ref idref="fl-10a"/>
      </object_component>
      <object_component id="oc-bb">
         <name>.text.app_main</name>
         <load_address>0x3600</load_address>
         <readonly>true</readonly>
         <executable>true</executable>
         <run_address>0x3600</run_address>
         <size>0x40</size>
         <alignment>0x4</alignment>
         <input_file_ref idref="fl-7"/>
      </object_component>
      <object_component id="oc-1d8">
         <name>.text.DL_I2C_flushControllerTXFIFO</name>
         <load_address>0x3640</load_address>
         <readonly>true</readonly>
         <executable>true</executable>
         <run_address>0x3640</run_address>
         <size>0x3c</size>
         <alignment>0x4</alignment>
         <input_file_ref idref="fl-24"/>
      </object_component>
      <object_component id="oc-1e4">
         <name>.text.prvSampleTimeNow</name>
         <load_address>0x367c</load_address>
         <readonly>true</readonly>
         <executable>true</executable>
         <run_address>0x367c</run_address>
         <size>0x3c</size>
         <alignment>0x4</alignment>
         <input_file_ref idref="fl-19"/>
      </object_component>
      <object_component id="oc-c8">
         <name>.text:__TI_auto_init_nobinit_nopinit</name>
         <load_address>0x36b8</load_address>
         <readonly>true</readonly>
         <executable>true</executable>
         <run_address>0x36b8</run_address>
         <size>0x3c</size>
         <alignment>0x4</alignment>
         <input_file_ref idref="fl-3e"/>
      </object_component>
      <object_component id="oc-194">
         <name>.text.vListInsertEnd</name>
         <load_address>0x36f4</load_address>
         <readonly>true</readonly>
         <executable>true</executable>
         <run_address>0x36f4</run_address>
         <size>0x3a</size>
         <alignment>0x2</alignment>
         <input_file_ref idref="fl-20"/>
      </object_component>
      <object_component id="oc-1cb">
         <name>.text.prvGetNextExpireTime</name>
         <load_address>0x3730</load_address>
         <readonly>true</readonly>
         <executable>true</executable>
         <run_address>0x3730</run_address>
         <size>0x38</size>
         <alignment>0x4</alignment>
         <input_file_ref idref="fl-19"/>
      </object_component>
      <object_component id="oc-1f7">
         <name>.text.xTaskGetSchedulerState</name>
         <load_address>0x3768</load_address>
         <readonly>true</readonly>
         <executable>true</executable>
         <run_address>0x3768</run_address>
         <size>0x38</size>
         <alignment>0x4</alignment>
         <input_file_ref idref="fl-18"/>
      </object_component>
      <object_component id="oc-18a">
         <name>.text.icm_set_accel_fsr</name>
         <load_address>0x37a0</load_address>
         <readonly>true</readonly>
         <executable>true</executable>
         <run_address>0x37a0</run_address>
         <size>0x36</size>
         <alignment>0x2</alignment>
         <input_file_ref idref="fl-3"/>
      </object_component>
      <object_component id="oc-1e9">
         <name>.text.prvReloadTimer</name>
         <load_address>0x37d6</load_address>
         <readonly>true</readonly>
         <executable>true</executable>
         <run_address>0x37d6</run_address>
         <size>0x36</size>
         <alignment>0x2</alignment>
         <input_file_ref idref="fl-19"/>
      </object_component>
      <object_component id="oc-1fd">
         <name>.text.vTaskPlaceOnEventList</name>
         <load_address>0x380c</load_address>
         <readonly>true</readonly>
         <executable>true</executable>
         <run_address>0x380c</run_address>
         <size>0x34</size>
         <alignment>0x4</alignment>
         <input_file_ref idref="fl-18"/>
      </object_component>
      <object_component id="oc-b6">
         <name>.text.SYSCFG_DL_init</name>
         <load_address>0x3840</load_address>
         <readonly>true</readonly>
         <executable>true</executable>
         <run_address>0x3840</run_address>
         <size>0x30</size>
         <alignment>0x4</alignment>
         <input_file_ref idref="fl-2"/>
      </object_component>
      <object_component id="oc-45">
         <name>.text.SysTick_Handler</name>
         <load_address>0x3870</load_address>
         <readonly>true</readonly>
         <executable>true</executable>
         <run_address>0x3870</run_address>
         <size>0x30</size>
         <alignment>0x4</alignment>
         <input_file_ref idref="fl-1a"/>
      </object_component>
      <object_component id="oc-a5">
         <name>.text.prvResetNextTaskUnblockTime</name>
         <load_address>0x38a0</load_address>
         <readonly>true</readonly>
         <executable>true</executable>
         <run_address>0x38a0</run_address>
         <size>0x30</size>
         <alignment>0x4</alignment>
         <input_file_ref idref="fl-18"/>
      </object_component>
      <object_component id="oc-180">
         <name>.text.prvTaskExitError</name>
         <load_address>0x38d0</load_address>
         <readonly>true</readonly>
         <executable>true</executable>
         <run_address>0x38d0</run_address>
         <size>0x30</size>
         <alignment>0x4</alignment>
         <input_file_ref idref="fl-1a"/>
      </object_component>
      <object_component id="oc-20">
         <name>.text.vPortSVCHandler_C</name>
         <load_address>0x3900</load_address>
         <readonly>true</readonly>
         <executable>true</executable>
         <run_address>0x3900</run_address>
         <size>0x2e</size>
         <alignment>0x2</alignment>
         <input_file_ref idref="fl-1a"/>
      </object_component>
      <object_component id="oc-1b1">
         <name>.text.vListInitialise</name>
         <load_address>0x392e</load_address>
         <readonly>true</readonly>
         <executable>true</executable>
         <run_address>0x392e</run_address>
         <size>0x2c</size>
         <alignment>0x2</alignment>
         <input_file_ref idref="fl-20"/>
      </object_component>
      <object_component id="oc-169">
         <name>.text.vPortExitCritical</name>
         <load_address>0x395c</load_address>
         <readonly>true</readonly>
         <executable>true</executable>
         <run_address>0x395c</run_address>
         <size>0x2c</size>
         <alignment>0x4</alignment>
         <input_file_ref idref="fl-1a"/>
      </object_component>
      <object_component id="oc-1fc">
         <name>.text.prvIsQueueEmpty</name>
         <load_address>0x3988</load_address>
         <readonly>true</readonly>
         <executable>true</executable>
         <run_address>0x3988</run_address>
         <size>0x2a</size>
         <alignment>0x2</alignment>
         <input_file_ref idref="fl-21"/>
      </object_component>
      <object_component id="oc-16d">
         <name>.text.vApplicationGetIdleTaskMemory</name>
         <load_address>0x39b4</load_address>
         <readonly>true</readonly>
         <executable>true</executable>
         <run_address>0x39b4</run_address>
         <size>0x28</size>
         <alignment>0x4</alignment>
         <input_file_ref idref="fl-1e"/>
      </object_component>
      <object_component id="oc-177">
         <name>.text.vApplicationGetTimerTaskMemory</name>
         <load_address>0x39dc</load_address>
         <readonly>true</readonly>
         <executable>true</executable>
         <run_address>0x39dc</run_address>
         <size>0x28</size>
         <alignment>0x4</alignment>
         <input_file_ref idref="fl-1e"/>
      </object_component>
      <object_component id="oc-75">
         <name>.text:_c_int00_noargs</name>
         <load_address>0x3a04</load_address>
         <readonly>true</readonly>
         <executable>true</executable>
         <run_address>0x3a04</run_address>
         <size>0x28</size>
         <alignment>0x4</alignment>
         <input_file_ref idref="fl-3c"/>
      </object_component>
      <object_component id="oc-114">
         <name>.text.DL_I2C_setClockConfig</name>
         <load_address>0x3a2c</load_address>
         <readonly>true</readonly>
         <executable>true</executable>
         <run_address>0x3a2c</run_address>
         <size>0x26</size>
         <alignment>0x2</alignment>
         <input_file_ref idref="fl-24"/>
      </object_component>
      <object_component id="oc-ef">
         <name>.text.INIT</name>
         <load_address>0x3a54</load_address>
         <readonly>true</readonly>
         <executable>true</executable>
         <run_address>0x3a54</run_address>
         <size>0x24</size>
         <alignment>0x4</alignment>
         <input_file_ref idref="fl-6"/>
      </object_component>
      <object_component id="oc-195">
         <name>.text.PTLS_taskDeleteHook</name>
         <load_address>0x3a78</load_address>
         <readonly>true</readonly>
         <executable>true</executable>
         <run_address>0x3a78</run_address>
         <size>0x24</size>
         <alignment>0x2</alignment>
         <input_file_ref idref="fl-1c"/>
      </object_component>
      <object_component id="oc-3a">
         <name>.text.Reset_Handler</name>
         <load_address>0x3a9c</load_address>
         <readonly>true</readonly>
         <executable>true</executable>
         <run_address>0x3a9c</run_address>
         <size>0x4</size>
         <alignment>0x2</alignment>
         <input_file_ref idref="fl-5"/>
      </object_component>
      <object_component id="oc-3f">
         <name>.text.SVC_Handler</name>
         <load_address>0x3aa0</load_address>
         <readonly>true</readonly>
         <executable>true</executable>
         <run_address>0x3aa0</run_address>
         <size>0x24</size>
         <alignment>0x10</alignment>
         <input_file_ref idref="fl-1b"/>
      </object_component>
      <object_component id="oc-8e">
         <name>.text.__aeabi_memclr</name>
         <load_address>0x3ac4</load_address>
         <readonly>true</readonly>
         <executable>true</executable>
         <run_address>0x3ac4</run_address>
         <size>0xc</size>
         <alignment>0x4</alignment>
         <input_file_ref idref="fl-109"/>
      </object_component>
      <object_component id="oc-59">
         <name>.text.vRestoreContextOfFirstTask</name>
         <load_address>0x3ad0</load_address>
         <readonly>true</readonly>
         <executable>true</executable>
         <run_address>0x3ad0</run_address>
         <size>0x24</size>
         <alignment>0x10</alignment>
         <input_file_ref idref="fl-1b"/>
      </object_component>
      <object_component id="oc-1fa">
         <name>.text.vTaskInternalSetTimeOutState</name>
         <load_address>0x3af4</load_address>
         <readonly>true</readonly>
         <executable>true</executable>
         <run_address>0x3af4</run_address>
         <size>0x20</size>
         <alignment>0x4</alignment>
         <input_file_ref idref="fl-18"/>
      </object_component>
      <object_component id="oc-179">
         <name>.text.prvTimerTask</name>
         <load_address>0x3b14</load_address>
         <readonly>true</readonly>
         <executable>true</executable>
         <run_address>0x3b14</run_address>
         <size>0x1e</size>
         <alignment>0x2</alignment>
         <input_file_ref idref="fl-19"/>
      </object_component>
      <object_component id="oc-10b">
         <name>.text.DL_Timer_setClockConfig</name>
         <load_address>0x3b34</load_address>
         <readonly>true</readonly>
         <executable>true</executable>
         <run_address>0x3b34</run_address>
         <size>0x1c</size>
         <alignment>0x4</alignment>
         <input_file_ref idref="fl-25"/>
      </object_component>
      <object_component id="oc-e3">
         <name>.text.SYSCFG_DL_SYSCTL_init</name>
         <load_address>0x3b50</load_address>
         <readonly>true</readonly>
         <executable>true</executable>
         <run_address>0x3b50</run_address>
         <size>0x1c</size>
         <alignment>0x4</alignment>
         <input_file_ref idref="fl-2"/>
      </object_component>
      <object_component id="oc-167">
         <name>.text.vPortEnterCritical</name>
         <load_address>0x3b6c</load_address>
         <readonly>true</readonly>
         <executable>true</executable>
         <run_address>0x3b6c</run_address>
         <size>0x18</size>
         <alignment>0x4</alignment>
         <input_file_ref idref="fl-1a"/>
      </object_component>
      <object_component id="oc-16a">
         <name>.text.vPortYield</name>
         <load_address>0x3b84</load_address>
         <readonly>true</readonly>
         <executable>true</executable>
         <run_address>0x3b84</run_address>
         <size>0x18</size>
         <alignment>0x4</alignment>
         <input_file_ref idref="fl-1a"/>
      </object_component>
      <object_component id="oc-1f2">
         <name>.text.xTaskGetTickCount</name>
         <load_address>0x3b9c</load_address>
         <readonly>true</readonly>
         <executable>true</executable>
         <run_address>0x3b9c</run_address>
         <size>0x14</size>
         <alignment>0x4</alignment>
         <input_file_ref idref="fl-18"/>
      </object_component>
      <object_component id="oc-11b">
         <name>.text.DL_UART_setClockConfig</name>
         <load_address>0x3bb0</load_address>
         <readonly>true</readonly>
         <executable>true</executable>
         <run_address>0x3bb0</run_address>
         <size>0x12</size>
         <alignment>0x2</alignment>
         <input_file_ref idref="fl-26"/>
      </object_component>
      <object_component id="oc-2b">
         <name>.text:decompress:none</name>
         <load_address>0x3bc2</load_address>
         <readonly>true</readonly>
         <executable>true</executable>
         <run_address>0x3bc2</run_address>
         <size>0x12</size>
         <alignment>0x2</alignment>
         <input_file_ref idref="fl-42"/>
      </object_component>
      <object_component id="oc-148">
         <name>.text.delay_ms</name>
         <load_address>0x3bd4</load_address>
         <readonly>true</readonly>
         <executable>true</executable>
         <run_address>0x3bd4</run_address>
         <size>0xc</size>
         <alignment>0x2</alignment>
         <input_file_ref idref="fl-8"/>
      </object_component>
      <object_component id="oc-17f">
         <name>.text.vStartFirstTask</name>
         <load_address>0x3be0</load_address>
         <readonly>true</readonly>
         <executable>true</executable>
         <run_address>0x3be0</run_address>
         <size>0x10</size>
         <alignment>0x10</alignment>
         <input_file_ref idref="fl-1b"/>
      </object_component>
      <object_component id="oc-1a1">
         <name>.text.vTaskSuspendAll</name>
         <load_address>0x3bf0</load_address>
         <readonly>true</readonly>
         <executable>true</executable>
         <run_address>0x3bf0</run_address>
         <size>0x10</size>
         <alignment>0x4</alignment>
         <input_file_ref idref="fl-18"/>
      </object_component>
      <object_component id="oc-72">
         <name>.text:decompress:ZI</name>
         <load_address>0x3c00</load_address>
         <readonly>true</readonly>
         <executable>true</executable>
         <run_address>0x3c00</run_address>
         <size>0x10</size>
         <alignment>0x2</alignment>
         <input_file_ref idref="fl-41"/>
      </object_component>
      <object_component id="oc-1ae">
         <name>.text.__aeabi_memset</name>
         <load_address>0x3c10</load_address>
         <readonly>true</readonly>
         <executable>true</executable>
         <run_address>0x3c10</run_address>
         <size>0xe</size>
         <alignment>0x4</alignment>
         <input_file_ref idref="fl-109"/>
      </object_component>
      <object_component id="oc-1af">
         <name>.text.vListInitialiseItem</name>
         <load_address>0x3c1e</load_address>
         <readonly>true</readonly>
         <executable>true</executable>
         <run_address>0x3c1e</run_address>
         <size>0xe</size>
         <alignment>0x2</alignment>
         <input_file_ref idref="fl-20"/>
      </object_component>
      <object_component id="oc-201">
         <name>.text.vTaskMissedYield</name>
         <load_address>0x3c2c</load_address>
         <readonly>true</readonly>
         <executable>true</executable>
         <run_address>0x3c2c</run_address>
         <size>0xc</size>
         <alignment>0x4</alignment>
         <input_file_ref idref="fl-18"/>
      </object_component>
      <object_component id="oc-107">
         <name>.text.DL_Common_delayCycles</name>
         <load_address>0x3c38</load_address>
         <readonly>true</readonly>
         <executable>true</executable>
         <run_address>0x3c38</run_address>
         <size>0xa</size>
         <alignment>0x2</alignment>
         <input_file_ref idref="fl-23"/>
      </object_component>
      <object_component id="oc-51">
         <name>.text.vApplicationStackOverflowHook</name>
         <load_address>0x3c42</load_address>
         <readonly>true</readonly>
         <executable>true</executable>
         <run_address>0x3c42</run_address>
         <size>0xa</size>
         <alignment>0x2</alignment>
         <input_file_ref idref="fl-1d"/>
      </object_component>
      <object_component id="oc-65">
         <name>.text.__aeabi_memcpy</name>
         <load_address>0x3c4c</load_address>
         <readonly>true</readonly>
         <executable>true</executable>
         <run_address>0x3c4c</run_address>
         <size>0x8</size>
         <alignment>0x4</alignment>
         <input_file_ref idref="fl-108"/>
      </object_component>
      <object_component id="oc-7e">
         <name>.text.ulSetInterruptMask</name>
         <load_address>0x3c54</load_address>
         <readonly>true</readonly>
         <executable>true</executable>
         <run_address>0x3c54</run_address>
         <size>0x8</size>
         <alignment>0x2</alignment>
         <input_file_ref idref="fl-1b"/>
      </object_component>
      <object_component id="oc-80">
         <name>.text.vClearInterruptMask</name>
         <load_address>0x3c5c</load_address>
         <readonly>true</readonly>
         <executable>true</executable>
         <run_address>0x3c5c</run_address>
         <size>0x6</size>
         <alignment>0x2</alignment>
         <input_file_ref idref="fl-1b"/>
      </object_component>
      <object_component id="oc-93">
         <name>.text._system_pre_init</name>
         <load_address>0x3c62</load_address>
         <readonly>true</readonly>
         <executable>true</executable>
         <run_address>0x3c62</run_address>
         <size>0x4</size>
         <alignment>0x2</alignment>
         <input_file_ref idref="fl-3f"/>
      </object_component>
      <object_component id="oc-c1">
         <name>.text:abort</name>
         <load_address>0x3c66</load_address>
         <readonly>true</readonly>
         <executable>true</executable>
         <run_address>0x3c66</run_address>
         <size>0x4</size>
         <alignment>0x2</alignment>
         <input_file_ref idref="fl-49"/>
      </object_component>
      <object_component id="oc-243">
         <name>.cinit..data.load</name>
         <load_address>0x3cd8</load_address>
         <readonly>true</readonly>
         <run_address>0x3cd8</run_address>
         <size>0x11</size>
         <alignment>0x1</alignment>
      </object_component>
      <object_component id="oc-241">
         <name>__TI_handler_table</name>
         <load_address>0x3cec</load_address>
         <readonly>true</readonly>
         <run_address>0x3cec</run_address>
         <size>0xc</size>
         <alignment>0x4</alignment>
      </object_component>
      <object_component id="oc-244">
         <name>.cinit..bss.load</name>
         <load_address>0x3cf8</load_address>
         <readonly>true</readonly>
         <run_address>0x3cf8</run_address>
         <size>0x8</size>
         <alignment>0x4</alignment>
      </object_component>
      <object_component id="oc-242">
         <name>__TI_cinit_table</name>
         <load_address>0x3d00</load_address>
         <readonly>true</readonly>
         <run_address>0x3d00</run_address>
         <size>0x10</size>
         <alignment>0x4</alignment>
      </object_component>
      <object_component id="oc-113">
         <name>.rodata.gTIMER_0TimerConfig</name>
         <load_address>0x3c70</load_address>
         <readonly>true</readonly>
         <run_address>0x3c70</run_address>
         <size>0x14</size>
         <alignment>0x4</alignment>
         <input_file_ref idref="fl-2"/>
      </object_component>
      <object_component id="oc-144">
         <name>.rodata.str1.146141448721544478951</name>
         <load_address>0x3c84</load_address>
         <readonly>true</readonly>
         <run_address>0x3c84</run_address>
         <size>0xb</size>
         <alignment>0x1</alignment>
         <input_file_ref idref="fl-6"/>
      </object_component>
      <object_component id="oc-123">
         <name>.rodata.gUART_0Config</name>
         <load_address>0x3c90</load_address>
         <readonly>true</readonly>
         <run_address>0x3c90</run_address>
         <size>0xa</size>
         <alignment>0x2</alignment>
         <input_file_ref idref="fl-2"/>
      </object_component>
      <object_component id="oc-145">
         <name>.rodata.str1.73782474251800427221</name>
         <load_address>0x3c9a</load_address>
         <readonly>true</readonly>
         <run_address>0x3c9a</run_address>
         <size>0x9</size>
         <alignment>0x1</alignment>
         <input_file_ref idref="fl-6"/>
      </object_component>
      <object_component id="oc-12b">
         <name>.rodata.gADC12_0ClockConfig</name>
         <load_address>0x3ca4</load_address>
         <readonly>true</readonly>
         <run_address>0x3ca4</run_address>
         <size>0x8</size>
         <alignment>0x4</alignment>
         <input_file_ref idref="fl-2"/>
      </object_component>
      <object_component id="oc-12a">
         <name>.rodata.gADC12_1ClockConfig</name>
         <load_address>0x3cac</load_address>
         <readonly>true</readonly>
         <run_address>0x3cac</run_address>
         <size>0x8</size>
         <alignment>0x4</alignment>
         <input_file_ref idref="fl-2"/>
      </object_component>
      <object_component id="oc-17a">
         <name>.rodata.str1.53415827308603926481</name>
         <load_address>0x3cb4</load_address>
         <readonly>true</readonly>
         <run_address>0x3cb4</run_address>
         <size>0x8</size>
         <alignment>0x1</alignment>
         <input_file_ref idref="fl-19"/>
      </object_component>
      <object_component id="oc-f5">
         <name>.rodata.str1.102314835061523723351</name>
         <load_address>0x3cbc</load_address>
         <readonly>true</readonly>
         <run_address>0x3cbc</run_address>
         <size>0x5</size>
         <alignment>0x1</alignment>
         <input_file_ref idref="fl-7"/>
      </object_component>
      <object_component id="oc-173">
         <name>.rodata.str1.73579643323719718941</name>
         <load_address>0x3cc1</load_address>
         <readonly>true</readonly>
         <run_address>0x3cc1</run_address>
         <size>0x5</size>
         <alignment>0x1</alignment>
         <input_file_ref idref="fl-18"/>
      </object_component>
      <object_component id="oc-f7">
         <name>.rodata.str1.130157923656512685641</name>
         <load_address>0x3cc6</load_address>
         <readonly>true</readonly>
         <run_address>0x3cc6</run_address>
         <size>0x4</size>
         <alignment>0x1</alignment>
         <input_file_ref idref="fl-7"/>
      </object_component>
      <object_component id="oc-11a">
         <name>.rodata.gI2C_1ClockConfig</name>
         <load_address>0x3cca</load_address>
         <readonly>true</readonly>
         <run_address>0x3cca</run_address>
         <size>0x2</size>
         <alignment>0x1</alignment>
         <input_file_ref idref="fl-2"/>
      </object_component>
      <object_component id="oc-136">
         <name>.rodata.uxTopUsedPriority</name>
[...]
      </symbol>
      <symbol id="sm-a5">
         <name>HardFault_Handler</name>
         <value>0x20f7</value>
         <object_component_ref idref="oc-3e"/>
      </symbol>
      <symbol id="sm-a6">
         <name>GROUP0_IRQHandler</name>
         <value>0x20f7</value>
         <object_component_ref idref="oc-3e"/>
      </symbol>
      <symbol id="sm-a7">
         <name>GROUP1_IRQHandler</name>
         <value>0x20f7</value>
         <object_component_ref idref="oc-3e"/>
      </symbol>
      <symbol id="sm-a8">
         <name>TIMG8_IRQHandler</name>
         <value>0x20f7</value>
         <object_component_ref idref="oc-3e"/>
      </symbol>
      <symbol id="sm-a9">
         <name>UART3_IRQHandler</name>
         <value>0x20f7</value>
         <object_component_ref idref="oc-3e"/>
      </symbol>
      <symbol id="sm-aa">
         <name>CANFD0_IRQHandler</name>
         <value>0x20f7</value>
         <object_component_ref idref="oc-3e"/>
      </symbol>
      <symbol id="sm-ab">
         <name>DAC0_IRQHandler</name>
         <value>0x20f7</value>
         <object_component_ref idref="oc-3e"/>
      </symbol>
      <symbol id="sm-ac">
         <name>SPI0_IRQHandler</name>
         <value>0x20f7</value>
         <object_component_ref idref="oc-3e"/>
      </symbol>
      <symbol id="sm-ad">
         <name>SPI1_IRQHandler</name>
         <value>0x20f7</value>
         <object_component_ref idref="oc-3e"/>
      </symbol>
      <symbol id="sm-ae">
         <name>UART1_IRQHandler</name>
         <value>0x20f7</value>
         <object_component_ref idref="oc-3e"/>
      </symbol>
      <symbol id="sm-af">
         <name>UART2_IRQHandler</name>
         <value>0x20f7</value>
         <object_component_ref idref="oc-3e"/>
      </symbol>
      <symbol id="sm-b0">
         <name>UART0_IRQHandler</name>
         <value>0x20f7</value>
         <object_component_ref idref="oc-3e"/>
      </symbol>
      <symbol id="sm-b1">
         <name>TIMG0_IRQHandler</name>
         <value>0x20f7</value>
         <object_component_ref idref="oc-3e"/>
      </symbol>
      <symbol id="sm-b2">
         <name>TIMG6_IRQHandler</name>
         <value>0x20f7</value>
         <object_component_ref idref="oc-3e"/>
      </symbol>
      <symbol id="sm-b3">
         <name>TIMA0_IRQHandler</name>
         <value>0x20f7</value>
         <object_component_ref idref="oc-3e"/>
      </symbol>
      <symbol id="sm-b4">
         <name>TIMA1_IRQHandler</name>
         <value>0x20f7</value>
         <object_component_ref idref="oc-3e"/>
      </symbol>
      <symbol id="sm-b5">
         <name>TIMG7_IRQHandler</name>
         <value>0x20f7</value>
         <object_component_ref idref="oc-3e"/>
      </symbol>
      <symbol id="sm-b6">
         <name>TIMG12_IRQHandler</name>
         <value>0x20f7</value>
         <object_component_ref idref="oc-3e"/>
      </symbol>
      <symbol id="sm-b7">
         <name>I2C0_IRQHandler</name>
         <value>0x20f7</value>
         <object_component_ref idref="oc-3e"/>
      </symbol>
      <symbol id="sm-b8">
         <name>I2C1_IRQHandler</name>
         <value>0x20f7</value>
         <object_component_ref idref="oc-3e"/>
      </symbol>
      <symbol id="sm-b9">
         <name>AES_IRQHandler</name>
         <value>0x20f7</value>
         <object_component_ref idref="oc-3e"/>
      </symbol>
      <symbol id="sm-ba">
         <name>RTC_IRQHandler</name>
         <value>0x20f7</value>
         <object_component_ref idref="oc-3e"/>
      </symbol>
      <symbol id="sm-bb">
         <name>DMA_IRQHandler</name>
         <value>0x20f7</value>
         <object_component_ref idref="oc-3e"/>
      </symbol>
      <symbol id="sm-cb">
         <name>LED</name>
         <value>0x24dd</value>
         <object_component_ref idref="oc-f6"/>
      </symbol>
      <symbol id="sm-cc">
         <name>INIT</name>
         <value>0x3a55</value>
         <object_component_ref idref="oc-ef"/>
      </symbol>
      <symbol id="sm-d7">
         <name>app_main</name>
         <value>0x3601</value>
         <object_component_ref idref="oc-bb"/>
      </symbol>
      <symbol id="sm-e0">
         <name>delay_ms</name>
         <value>0x3bd5</value>
         <object_component_ref idref="oc-148"/>
      </symbol>
      <symbol id="sm-ee">
         <name>i2c_SendByte</name>
         <value>0x355</value>
         <object_component_ref idref="oc-189"/>
      </symbol>
      <symbol id="sm-ef">
         <name>i2c_ReadByte</name>
         <value>0x1f79</value>
         <object_component_ref idref="oc-183"/>
      </symbol>
      <symbol id="sm-fd">
         <name>uart_SendByte</name>
         <value>0xbb5</value>
         <object_component_ref idref="oc-182"/>
      </symbol>
      <symbol id="sm-fe">
         <name>uart_SendString</name>
         <value>0x7c1</value>
         <object_component_ref idref="oc-13d"/>
      </symbol>
      <symbol id="sm-ff">
         <name>__TI_ATRegion0_src_addr</name>
         <value>0x0</value>
      </symbol>
      <symbol id="sm-100">
         <name>__TI_ATRegion0_trg_addr</name>
         <value>0x0</value>
      </symbol>
      <symbol id="sm-101">
         <name>__TI_ATRegion0_region_sz</name>
         <value>0x0</value>
      </symbol>
      <symbol id="sm-102">
         <name>__TI_ATRegion1_src_addr</name>
         <value>0x0</value>
      </symbol>
      <symbol id="sm-103">
         <name>__TI_ATRegion1_trg_addr</name>
         <value>0x0</value>
      </symbol>
      <symbol id="sm-104">
         <name>__TI_ATRegion1_region_sz</name>
         <value>0x0</value>
      </symbol>
      <symbol id="sm-105">
         <name>__TI_ATRegion2_src_addr</name>
         <value>0x0</value>
      </symbol>
      <symbol id="sm-106">
         <name>__TI_ATRegion2_trg_addr</name>
         <value>0x0</value>
      </symbol>
      <symbol id="sm-107">
         <name>__TI_ATRegion2_region_sz</name>
         <value>0x0</value>
      </symbol>
      <symbol id="sm-19f">
         <name>xTaskCreateStatic</name>
         <value>0x3305</value>
         <object_component_ref idref="oc-172"/>
      </symbol>
      <symbol id="sm-1a0">
         <name>pxCurrentTCB</name>
         <value>0x202013d8</value>
         <object_component_ref idref="oc-1a"/>
      </symbol>
      <symbol id="sm-1a1">
         <name>xTaskCreate</name>
         <value>0x33e1</value>
         <object_component_ref idref="oc-ed"/>
      </symbol>
      <symbol id="sm-1a2">
         <name>vTaskDelete</name>
         <value>0x14b1</value>
         <object_component_ref idref="oc-143"/>
      </symbol>
      <symbol id="sm-1a3">
         <name>vTaskSuspendAll</name>
         <value>0x3bf1</value>
         <object_component_ref idref="oc-1a1"/>
      </symbol>
      <symbol id="sm-1a4">
         <name>xTaskResumeAll</name>
         <value>0x9bd</value>
         <object_component_ref idref="oc-1a3"/>
      </symbol>
      <symbol id="sm-1a5">
         <name>xTaskIncrementTick</name>
         <value>0x5b1</value>
         <object_component_ref idref="oc-7f"/>
      </symbol>
      <symbol id="sm-1a6">
         <name>vTaskDelay</name>
         <value>0x32b5</value>
         <object_component_ref idref="oc-19d"/>
      </symbol>
      <symbol id="sm-1a7">
         <name>vTaskSwitchContext</name>
         <value>0x17ed</value>
         <object_component_ref idref="oc-1c"/>
      </symbol>
      <symbol id="sm-1a8">
         <name>vTaskStartScheduler</name>
         <value>0x2e21</value>
         <object_component_ref idref="oc-ee"/>
      </symbol>
      <symbol id="sm-1a9">
         <name>xTaskGetTickCount</name>
         <value>0x3b9d</value>
         <object_component_ref idref="oc-1f2"/>
      </symbol>
      <symbol id="sm-1aa">
         <name>vTaskStepTick</name>
         <value>0x27a1</value>
         <object_component_ref idref="oc-1e0"/>
      </symbol>
      <symbol id="sm-1ab">
         <name>vTaskPlaceOnEventList</name>
         <value>0x380d</value>
         <object_component_ref idref="oc-1fd"/>
      </symbol>
      <symbol id="sm-1ac">
         <name>vTaskPlaceOnEventListRestricted</name>
         <value>0x2bfd</value>
         <object_component_ref idref="oc-1f5"/>
      </symbol>
      <symbol id="sm-1ad">
         <name>xTaskRemoveFromEventList</name>
         <value>0x109d</value>
         <object_component_ref idref="oc-1f9"/>
      </symbol>
      <symbol id="sm-1ae">
         <name>vTaskInternalSetTimeOutState</name>
         <value>0x3af5</value>
         <object_component_ref idref="oc-1fa"/>
      </symbol>
      <symbol id="sm-1af">
         <name>xTaskCheckForTimeOut</name>
         <value>0x20f9</value>
         <object_component_ref idref="oc-1fb"/>
      </symbol>
      <symbol id="sm-1b0">
         <name>vTaskMissedYield</name>
         <value>0x3c2d</value>
         <object_component_ref idref="oc-201"/>
      </symbol>
      <symbol id="sm-1b1">
         <name>eTaskConfirmSleepModeStatus</name>
         <value>0x2921</value>
         <object_component_ref idref="oc-1df"/>
      </symbol>
      <symbol id="sm-1b2">
         <name>pvTaskGetThreadLocalStoragePointer</name>
         <value>0x2fad</value>
         <object_component_ref idref="oc-1db"/>
      </symbol>
      <symbol id="sm-1b3">
         <name>xTaskGetSchedulerState</name>
         <value>0x3769</value>
         <object_component_ref idref="oc-1f7"/>
      </symbol>
      <symbol id="sm-1f8">
         <name>xTimerCreateTimerTask</name>
         <value>0x2a19</value>
         <object_component_ref idref="oc-12f"/>
      </symbol>
      <symbol id="sm-225">
         <name>vPortSuppressTicksAndSleep</name>
         <value>0xefd</value>
         <object_component_ref idref="oc-1bd"/>
      </symbol>
      <symbol id="sm-226">
         <name>vPortSetupTimerInterrupt</name>
         <value>0x3171</value>
         <object_component_ref idref="oc-17e"/>
      </symbol>
      <symbol id="sm-227">
         <name>vPortYield</name>
         <value>0x3b85</value>
         <object_component_ref idref="oc-16a"/>
      </symbol>
      <symbol id="sm-228">
         <name>vPortEnterCritical</name>
         <value>0x3b6d</value>
         <object_component_ref idref="oc-167"/>
      </symbol>
      <symbol id="sm-229">
         <name>vPortExitCritical</name>
         <value>0x395d</value>
         <object_component_ref idref="oc-169"/>
      </symbol>
      <symbol id="sm-22a">
         <name>SysTick_Handler</name>
         <value>0x3871</value>
         <object_component_ref idref="oc-45"/>
      </symbol>
      <symbol id="sm-22b">
         <name>vPortSVCHandler_C</name>
         <value>0x3901</value>
         <object_component_ref idref="oc-20"/>
      </symbol>
      <symbol id="sm-22c">
         <name>pxPortInitialiseStack</name>
         <value>0x15cd</value>
         <object_component_ref idref="oc-1b0"/>
      </symbol>
      <symbol id="sm-22d">
         <name>xPortStartScheduler</name>
         <value>0x2825</value>
         <object_component_ref idref="oc-134"/>
      </symbol>
      <symbol id="sm-245">
         <name>vRestoreContextOfFirstTask</name>
         <value>0x3ad1</value>
         <object_component_ref idref="oc-59"/>
      </symbol>
      <symbol id="sm-246">
         <name>vStartFirstTask</name>
         <value>0x3be1</value>
         <object_component_ref idref="oc-17f"/>
      </symbol>
      <symbol id="sm-247">
         <name>ulSetInterruptMask</name>
         <value>0x3c55</value>
         <object_component_ref idref="oc-7e"/>
      </symbol>
      <symbol id="sm-248">
         <name>vClearInterruptMask</name>
         <value>0x3c5d</value>
         <object_component_ref idref="oc-80"/>
      </symbol>
      <symbol id="sm-249">
         <name>PendSV_Handler</name>
         <value>0x3471</value>
         <object_component_ref idref="oc-44"/>
      </symbol>
      <symbol id="sm-24a">
         <name>SVC_Handler</name>
         <value>0x3aa1</value>
         <object_component_ref idref="oc-3f"/>
      </symbol>
      <symbol id="sm-253">
         <name>PTLS_taskDeleteHook</name>
         <value>0x3a79</value>
         <object_component_ref idref="oc-195"/>
      </symbol>
      <symbol id="sm-25b">
         <name>vApplicationStackOverflowHook</name>
         <value>0x3c43</value>
         <object_component_ref idref="oc-51"/>
      </symbol>
      <symbol id="sm-270">
         <name>vApplicationGetIdleTaskMemory</name>
         <value>0x39b5</value>
         <object_component_ref idref="oc-16d"/>
      </symbol>
      <symbol id="sm-271">
         <name>vApplicationGetTimerTaskMemory</name>
         <value>0x39dd</value>
         <object_component_ref idref="oc-177"/>
      </symbol>
      <symbol id="sm-294">
         <name>pvPortMalloc</name>
         <value>0xc1</value>
         <object_component_ref idref="oc-160"/>
      </symbol>
      <symbol id="sm-295">
         <name>vPortFree</name>
         <value>0x1af9</value>
         <object_component_ref idref="oc-165"/>
      </symbol>
      <symbol id="sm-2a6">
         <name>vListInitialise</name>
         <value>0x392f</value>
         <object_component_ref idref="oc-1b1"/>
      </symbol>
      <symbol id="sm-2a7">
         <name>vListInitialiseItem</name>
         <value>0x3c1f</value>
         <object_component_ref idref="oc-1af"/>
      </symbol>
      <symbol id="sm-2a8">
         <name>vListInsertEnd</name>
         <value>0x36f5</value>
         <object_component_ref idref="oc-194"/>
      </symbol>
      <symbol id="sm-2a9">
         <name>vListInsert</name>
         <value>0x2d49</value>
         <object_component_ref idref="oc-1f0"/>
      </symbol>
      <symbol id="sm-2aa">
         <name>uxListRemove</name>
         <value>0x3399</value>
         <object_component_ref idref="oc-18f"/>
      </symbol>
      <symbol id="sm-2c5">
         <name>xQueueGenericReset</name>
         <value>0x1dc9</value>
         <object_component_ref idref="oc-1f1"/>
      </symbol>
      <symbol id="sm-2c6">
         <name>xQueueGenericCreateStatic</name>
         <value>0x23a1</value>
         <object_component_ref idref="oc-1be"/>
      </symbol>
      <symbol id="sm-2c7">
         <name>xQueueReceive</name>
         <value>0xd59</value>
         <object_component_ref idref="oc-1e7"/>
      </symbol>
      <symbol id="sm-2c8">
         <name>vQueueWaitForMessageRestricted</name>
         <value>0x2db5</value>
         <object_component_ref idref="oc-1e6"/>
      </symbol>
      <symbol id="sm-2d3">
         <name>DL_ADC12_setClockConfig</name>
         <value>0x3581</value>
         <object_component_ref idref="oc-124"/>
      </symbol>
      <symbol id="sm-2dc">
         <name>DL_Common_delayCycles</name>
         <value>0x3c39</value>
         <object_component_ref idref="oc-107"/>
      </symbol>
      <symbol id="sm-2eb">
         <name>DL_I2C_setClockConfig</name>
         <value>0x3a2d</value>
         <object_component_ref idref="oc-114"/>
      </symbol>
      <symbol id="sm-2ec">
         <name>DL_I2C_fillControllerTXFIFO</name>
         <value>0x300d</value>
         <object_component_ref idref="oc-1d5"/>
      </symbol>
      <symbol id="sm-2ed">
         <name>DL_I2C_flushControllerTXFIFO</name>
         <value>0x3641</value>
         <object_component_ref idref="oc-1d8"/>
      </symbol>
      <symbol id="sm-2fd">
         <name>DL_Timer_setClockConfig</name>
         <value>0x3b35</value>
         <object_component_ref idref="oc-10b"/>
      </symbol>
      <symbol id="sm-2fe">
         <name>DL_Timer_initTimerMode</name>
         <value>0x19fd</value>
         <object_component_ref idref="oc-111"/>
      </symbol>
      <symbol id="sm-30b">
         <name>DL_UART_init</name>
         <value>0x3351</value>
         <object_component_ref idref="oc-121"/>
      </symbol>
      <symbol id="sm-30c">
         <name>DL_UART_setClockConfig</name>
         <value>0x3bb1</value>
         <object_component_ref idref="oc-11b"/>
      </symbol>
      <symbol id="sm-318">
         <name>_c_int00_noargs</name>
         <value>0x3a05</value>
         <object_component_ref idref="oc-75"/>
      </symbol>
      <symbol id="sm-319">
         <name>__stack</name>
         <value>0x20207e00</value>
         <object_component_ref idref="oc-25"/>
      </symbol>
      <symbol id="sm-325">
         <name>__TI_auto_init_nobinit_nopinit</name>
         <value>0x36b9</value>
         <object_component_ref idref="oc-c8"/>
      </symbol>
      <symbol id="sm-32d">
         <name>_system_pre_init</name>
         <value>0x3c63</value>
         <object_component_ref idref="oc-93"/>
      </symbol>
      <symbol id="sm-338">
         <name>__TI_zero_init</name>
         <value>0x3c01</value>
         <object_component_ref idref="oc-72"/>
      </symbol>
      <symbol id="sm-341">
         <name>__TI_decompress_none</name>
         <value>0x3bc3</value>
         <object_component_ref idref="oc-2b"/>
      </symbol>
      <symbol id="sm-34c">
         <name>__TI_decompress_lzss</name>
         <value>0x2a95</value>
         <object_component_ref idref="oc-27"/>
      </symbol>
      <symbol id="sm-35b">
         <name>abort</name>
         <value>0x3c67</value>
         <object_component_ref idref="oc-c1"/>
      </symbol>
      <symbol id="sm-35c">
         <name>C$$EXIT</name>
         <value>0x3c66</value>
         <object_component_ref idref="oc-c1"/>
      </symbol>
      <symbol id="sm-381">
         <name>__aeabi_memcpy</name>
         <value>0x3c4d</value>
         <object_component_ref idref="oc-65"/>
      </symbol>
      <symbol id="sm-382">
         <name>__aeabi_memcpy4</name>
         <value>0x3c4d</value>
         <object_component_ref idref="oc-65"/>
      </symbol>
      <symbol id="sm-383">
         <name>__aeabi_memcpy8</name>
         <value>0x3c4d</value>
         <object_component_ref idref="oc-65"/>
      </symbol>
      <symbol id="sm-38c">
         <name>__aeabi_memset</name>
         <value>0x3c11</value>
         <object_component_ref idref="oc-1ae"/>
      </symbol>
      <symbol id="sm-38d">
         <name>__aeabi_memset4</name>
         <value>0x3c11</value>
         <object_component_ref idref="oc-1ae"/>
      </symbol>
      <symbol id="sm-38e">
         <name>__aeabi_memset8</name>
         <value>0x3c11</value>
         <object_component_ref idref="oc-1ae"/>
      </symbol>
      <symbol id="sm-38f">
         <name>__aeabi_memclr</name>
         <value>0x3ac5</value>
         <object_component_ref idref="oc-8e"/>
      </symbol>
      <symbol id="sm-390">
         <name>__aeabi_memclr4</name>
         <value>0x3ac5</value>
         <object_component_ref idref="oc-8e"/>
      </symbol>
      <symbol id="sm-391">
         <name>__aeabi_memclr8</name>
         <value>0x3ac5</value>
         <object_component_ref idref="oc-8e"/>
      </symbol>
      <symbol id="sm-397">
         <name>__aeabi_uidiv</name>
         <value>0x35c1</value>
         <object_component_ref idref="oc-1ce"/>
      </symbol>
      <symbol id="sm-398">
         <name>__aeabi_uidivmod</name>
         <value>0x35c1</value>
         <object_component_ref idref="oc-1ce"/>
      </symbol>
      <symbol id="sm-3a3">
         <name>__aeabi_idiv0</name>
         <value>0x24db</value>
         <object_component_ref idref="oc-1ea"/>
      </symbol>
      <symbol id="sm-3bd">
         <name>memcpy</name>
         <value>0x2441</value>
         <object_component_ref idref="oc-b1"/>
      </symbol>
      <symbol id="sm-3cc">
         <name>memset</name>
         <value>0x2e89</value>
         <object_component_ref idref="oc-e0"/>
      </symbol>
      <symbol id="sm-3cd">
         <name>__TI_static_base__</name>
         <value>0x0</value>
      </symbol>
      <symbol id="sm-3d0">
         <name>__mpu_init</name>
         <value>0x0</value>
      </symbol>
      <symbol id="sm-3d1">
         <name>_system_post_cinit</name>
         <value>0x0</value>
      </symbol>
   </symbol_table>
   <title>Link successful</title>
</link_info>
