******************************************************************************
            TI ARM Clang Linker PC v4.0.0                      
******************************************************************************
>> Linked Wed May 13 18:54:20 2026

OUTPUT FILE NAME:   <car.out>
ENTRY POINT SYMBOL: "_c_int00_noargs"  address: 00003981


MEMORY CONFIGURATION

         name            origin    length      used     unused   attr    fill
----------------------  --------  ---------  --------  --------  ----  --------
  FLASH                 00000000   00020000  00003c70  0001c390  R  X
  SRAM                  20200000   00008000  000017e6  0000681a  RW X
  BCR_CONFIG            41c00000   000000ff  00000000  000000ff  R   
  BSL_CONFIG            41c00100   00000080  00000000  00000080  R   


SEGMENT ALLOCATION MAP

run origin  load origin   length   init length attrs members
----------  ----------- ---------- ----------- ----- -------
00000000    00000000    00003c70   00003c70    r-x
  00000000    00000000    000000c0   000000c0    r-- .intvecs
  000000c0    000000c0    00003b30   00003b30    r-x .text
  00003bf0    00003bf0    00000048   00000048    r-- .rodata
  00003c38    00003c38    00000038   00000038    r-- .cinit
20200000    20200000    000015e6   00000000    rw-
  20200000    20200000    00001580   00000000    rw- .bss
  20201580    20201580    00000066   00000000    rw- .data
20207e00    20207e00    00000200   00000000    rw-
  20207e00    20207e00    00000200   00000000    rw- .stack


SECTION ALLOCATION MAP

 output                                  attributes/
section   page    origin      length       input sections
--------  ----  ----------  ----------   ----------------
.intvecs   0    00000000    000000c0     
                  00000000    000000c0     startup_mspm0g350x_ticlang.o (.intvecs)

.text      0    000000c0    00003b30     
                  000000c0    00000294     freertos_builds_LP_MSPM0G3507_release_ticlang.lib : heap_4.o (.text.pvPortMalloc)
                  00000354    00000210                                                       : tasks.o (.text.xTaskIncrementTick)
                  00000564    000001f8                                                       : tasks.o (.text.xTaskResumeAll)
                  0000075c    000001d2                                                       : queue.o (.text.xQueueGenericSend)
                  0000092e    000001a4                                                       : queue.o (.text.xQueueReceive)
                  00000ad2    00000002     startup_mspm0g350x_ticlang.o (.text.Default_Handler)
                  00000ad4    000001a0     freertos_builds_LP_MSPM0G3507_release_ticlang.lib : port.o (.text.vPortSuppressTicksAndSleep)
                  00000c74    00000190                                                       : tasks.o (.text.xTaskRemoveFromEventList)
                  00000e04    0000015c                                                       : timers.o (.text.prvProcessReceivedCommands)
                  00000f60    00000138     pid.o (.text.pid_cal)
                  00001098    00000128     freertos_builds_LP_MSPM0G3507_release_ticlang.lib : tasks.o (.text.prvAddNewTaskToReadyList)
                  000011c0    00000114                                                       : port.o (.text.pxPortInitialiseStack)
                  000012d4    0000010c                                                       : heap_4.o (.text.prvInsertBlockIntoFreeList)
                  000013e0    0000010c                                                       : tasks.o (.text.vTaskSwitchContext)
                  000014ec    00000108                                                       : tasks.o (.text.xTaskPriorityDisinherit)
                  000015f4    00000104     driverlib.a : dl_timer.o (.text.DL_Timer_initFourCCPWMMode)
                  000016f8    00000104     freertos_builds_LP_MSPM0G3507_release_ticlang.lib : tasks.o (.text.prvInitialiseNewTask)
                  000017fc    000000fc     driverlib.a : dl_timer.o (.text.DL_Timer_initTimerMode)
                  000018f8    000000f8     freertos_builds_LP_MSPM0G3507_release_ticlang.lib : heap_4.o (.text.vPortFree)
                  000019f0    000000e4                                                       : tasks.o (.text.prvAddCurrentTaskToDelayedList)
                  00001ad4    000000e4                                                       : queue.o (.text.xQueueGenericReset)
                  00001bb8    000000dc                                                       : tasks.o (.text.xTaskDelayUntil)
                  00001c94    000000d8     libclang_rt.builtins.a : addsf3.S.obj (.text)
                  00001d6c    000000d4     freertos_builds_LP_MSPM0G3507_release_ticlang.lib : queue.o (.text.prvCopyDataToQueue)
                  00001e40    000000cc     uart.o (.text.UART0_IRQHandler)
                  00001f0c    000000cc     freertos_builds_LP_MSPM0G3507_release_ticlang.lib : tasks.o (.text.prvCreateIdleTasks)
                  00001fd8    000000b6                                                       : queue.o (.text.prvUnlockQueue)
                  0000208e    00000002     libclang_rt.builtins.a : aeabi_div0.c.obj (.text.__aeabi_idiv0)
                  00002090    000000b4     freertos_builds_LP_MSPM0G3507_release_ticlang.lib : tasks.o (.text.xTaskCheckForTimeOut)
                  00002144    000000a0     ti_msp_dl_config.o (.text.SYSCFG_DL_UART_0_init)
                  000021e4    000000a0     freertos_builds_LP_MSPM0G3507_release_ticlang.lib : heap_4.o (.text.prvHeapInit)
                  00002284    000000a0                                                       : queue.o (.text.xQueueGenericCreateStatic)
                  00002324    0000009c     ti_msp_dl_config.o (.text.SYSCFG_DL_PWM_0_init)
                  000023c0    0000009a     libc.a : memcpy16.S.obj (.text:memcpy)
                  0000245a    00000098     freertos_builds_LP_MSPM0G3507_release_ticlang.lib : tasks.o (.text.prvCreateStaticTask)
                  000024f2    00000094                                                       : queue.o (.text.xQueueGenericCreate)
                  00002586    00000002     main.o (.text.vApplicationStackOverflowHook)
                  00002588    0000008c     libclang_rt.builtins.a : mulsf3.S.obj (.text.__mulsf3)
                  00002614    0000008c     freertos_builds_LP_MSPM0G3507_release_ticlang.lib : timers.o (.text.prvProcessTimerOrBlockTask)
                  000026a0    00000084                                                       : tasks.o (.text.prvCreateTask)
                  00002724    00000084                                                       : timers.o (.text.prvInsertTimerInActiveList)
                  000027a8    00000084                                                       : tasks.o (.text.vTaskStepTick)
                  0000282c    00000080                                                       : port.o (.text.xPortStartScheduler)
                  000028ac    0000007c                                                       : tasks.o (.text.eTaskConfirmSleepModeStatus)
                  00002928    0000007c                                                       : tasks.o (.text.prvInitialiseTaskLists)
                  000029a4    0000007c                                                       : timers.o (.text.xTimerCreateTimerTask)
                  00002a20    0000007c     libc.a : copy_decompress_lzss.c.obj (.text:decompress:lzss)
                  00002a9c    00000078     freertos_builds_LP_MSPM0G3507_release_ticlang.lib : tasks.o (.text.prvGetExpectedIdleTime)
                  00002b14    00000074                                                       : tasks.o (.text.vTaskPlaceOnEventListRestricted)
                  00002b88    0000006c                                                       : timers.o (.text.prvCheckForValidListAndQueue)
                  00002bf4    0000006c     main-blinky.o (.text.prvQueueSendTask)
                  00002c60    0000006c     freertos_builds_LP_MSPM0G3507_release_ticlang.lib : list.o (.text.vListInsert)
                  00002ccc    0000006a                                                       : queue.o (.text.vQueueWaitForMessageRestricted)
                  00002d36    00000002     --HOLE-- [fill = 0]
                  00002d38    00000068                                                       : tasks.o (.text.vTaskStartScheduler)
                  00002da0    00000064     ti_msp_dl_config.o (.text.SYSCFG_DL_GPIO_init)
                  00002e04    00000062     libclang_rt.builtins.a : aeabi_fcmp.S.obj (.text.__aeabi_fcmp)
                  00002e66    00000062     libc.a : memset16.S.obj (.text:memset)
                  00002ec8    0000005c     ti_msp_dl_config.o (.text.SYSCFG_DL_I2C_0_init)
                  00002f24    0000005c     main-blinky.o (.text.main_blinky)
                  00002f80    0000005c     freertos_builds_LP_MSPM0G3507_release_ticlang.lib : tasks.o (.text.prvIdleTask)
                  00002fdc    00000054     ti_msp_dl_config.o (.text.SYSCFG_DL_initPower)
                  00003030    00000054     freertos_builds_LP_MSPM0G3507_release_ticlang.lib : port.o (.text.vPortSetupTimerInterrupt)
                  00003084    00000050     ti_msp_dl_config.o (.text.SYSCFG_DL_TIMER_0_init)
                  000030d4    00000050     freertos_builds_LP_MSPM0G3507_release_ticlang.lib : tasks.o (.text.prvCheckTasksWaitingTermination)
                  00003124    00000050                                                       : tasks.o (.text.prvDeleteTCB)
                  00003174    00000050                                                       : timers.o (.text.prvProcessExpiredTimer)
                  000031c4    00000050                                                       : tasks.o (.text.vTaskDelay)
                  00003214    0000004c                                                       : tasks.o (.text.xTaskCreateStatic)
                  00003260    00000048     driverlib.a : dl_uart.o (.text.DL_UART_init)
                  000032a8    00000048     pid.o (.text.TIMA1_IRQHandler)
                  000032f0    00000048     freertos_builds_LP_MSPM0G3507_release_ticlang.lib : list.o (.text.uxListRemove)
                  00003338    00000048                                                       : tasks.o (.text.xTaskCreate)
                  00003380    00000046                                                       : queue.o (.text.prvInitialiseNewQueue)
                  000033c6    0000000a     driverlib.a : dl_common.o (.text.DL_Common_delayCycles)
                  000033d0    00000044     freertos_builds_LP_MSPM0G3507_release_ticlang.lib : portasm.o (.text.PendSV_Handler)
                  00003414    00000044                                                       : queue.o (.text.prvCopyDataFromQueue)
                  00003458    00000044                                                       : timers.o (.text.prvSwitchTimerLists)
                  0000349c    00000040     libclang_rt.builtins.a : aeabi_uidivmod.S.obj (.text.__aeabi_uidivmod)
                  000034dc    0000003c                            : comparesf2.S.obj (.text.__gtsf2)
                  00003518    0000003c     main-blinky.o (.text.prvQueueReceiveTask)
                  00003554    0000003c     freertos_builds_LP_MSPM0G3507_release_ticlang.lib : timers.o (.text.prvSampleTimeNow)
                  00003590    0000003c     libc.a : autoinit.c.obj (.text:__TI_auto_init_nobinit_nopinit)
                  000035cc    0000003a     libclang_rt.builtins.a : comparesf2.S.obj (.text.__eqsf2)
                  00003606    00000002     --HOLE-- [fill = 0]
                  00003608    0000003a                            : muldsi3.S.obj (.text.__muldsi3)
                  00003642    00000002     --HOLE-- [fill = 0]
                  00003644    00000038                            : fixsfsi.S.obj (.text.__fixsfsi)
                  0000367c    00000038     freertos_builds_LP_MSPM0G3507_release_ticlang.lib : timers.o (.text.prvGetNextExpireTime)
                  000036b4    00000038                                                       : tasks.o (.text.xTaskGetSchedulerState)
                  000036ec    00000036                                                       : timers.o (.text.prvReloadTimer)
                  00003722    00000002     --HOLE-- [fill = 0]
                  00003724    00000034     ti_msp_dl_config.o (.text.SYSCFG_DL_init)
                  00003758    00000034     freertos_builds_LP_MSPM0G3507_release_ticlang.lib : tasks.o (.text.vTaskPlaceOnEventList)
                  0000378c    00000032     libclang_rt.builtins.a : fixunssfsi.S.obj (.text.__fixunssfsi)
                  000037be    00000002     --HOLE-- [fill = 0]
                  000037c0    00000030     freertos_builds_LP_MSPM0G3507_release_ticlang.lib : port.o (.text.SysTick_Handler)
                  000037f0    00000030                                                       : tasks.o (.text.prvResetNextTaskUnblockTime)
                  00003820    00000030                                                       : port.o (.text.prvTaskExitError)
                  00003850    0000002e                                                       : queue.o (.text.prvIsQueueFull)
                  0000387e    0000002e                                                       : port.o (.text.vPortSVCHandler_C)
                  000038ac    0000002c                                                       : list.o (.text.vListInitialise)
                  000038d8    0000002c                                                       : port.o (.text.vPortExitCritical)
                  00003904    0000002a                                                       : queue.o (.text.prvIsQueueEmpty)
                  0000392e    00000002     --HOLE-- [fill = 0]
                  00003930    00000028                                                       : StaticAllocs_freertos.o (.text.vApplicationGetIdleTaskMemory)
                  00003958    00000028                                                       : StaticAllocs_freertos.o (.text.vApplicationGetTimerTaskMemory)
                  00003980    00000028     libc.a : boot_cortex_m.c.obj (.text:_c_int00_noargs)
                  000039a8    00000026     driverlib.a : dl_i2c.o (.text.DL_I2C_setClockConfig)
                  000039ce    00000002     --HOLE-- [fill = 0]
                  000039d0    00000024     freertos_builds_LP_MSPM0G3507_release_ticlang.lib : portasm.o (.text.SVC_Handler)
                  000039f4    0000000c     libclang_rt.builtins.a : aeabi_memset.S.obj (.text.__aeabi_memclr)
                  00003a00    00000024     freertos_builds_LP_MSPM0G3507_release_ticlang.lib : portasm.o (.text.vRestoreContextOfFirstTask)
                  00003a24    00000020                                                       : tasks.o (.text.vTaskInternalSetTimeOutState)
                  00003a44    0000001e                                                       : timers.o (.text.prvTimerTask)
                  00003a62    00000002     --HOLE-- [fill = 0]
                  00003a64    0000001c     driverlib.a : dl_timer.o (.text.DL_Timer_setCaptCompUpdateMethod)
                  00003a80    0000001c                 : dl_timer.o (.text.DL_Timer_setClockConfig)
                  00003a9c    0000001c                 : dl_uart.o (.text.DL_UART_receiveDataCheck)
                  00003ab8    0000001c     ti_msp_dl_config.o (.text.SYSCFG_DL_SYSCTL_init)
                  00003ad4    00000018     driverlib.a : dl_timer.o (.text.DL_Timer_setCaptureCompareOutCtl)
                  00003aec    00000018     freertos_builds_LP_MSPM0G3507_release_ticlang.lib : port.o (.text.vPortEnterCritical)
                  00003b04    00000018                                                       : port.o (.text.vPortYield)
                  00003b1c    00000014                                                       : tasks.o (.text.xTaskGetTickCount)
                  00003b30    00000012     driverlib.a : dl_uart.o (.text.DL_UART_setClockConfig)
                  00003b42    00000012     libc.a : copy_decompress_none.c.obj (.text:decompress:none)
                  00003b54    00000010     driverlib.a : dl_timer.o (.text.DL_Timer_setCaptureCompareValue)
                  00003b64    0000000c     freertos_builds_LP_MSPM0G3507_release_ticlang.lib : tasks.o (.text.vTaskMissedYield)
                  00003b70    00000010                                                       : portasm.o (.text.vStartFirstTask)
                  00003b80    00000010                                                       : tasks.o (.text.vTaskSuspendAll)
                  00003b90    00000010     libc.a : copy_zero_init.c.obj (.text:decompress:ZI)
                  00003ba0    0000000e     libclang_rt.builtins.a : aeabi_memset.S.obj (.text.__aeabi_memset)
                  00003bae    0000000e     main.o (.text.main)
                  00003bbc    0000000e     freertos_builds_LP_MSPM0G3507_release_ticlang.lib : list.o (.text.vListInitialiseItem)
                  00003bca    00000002     --HOLE-- [fill = 0]
                  00003bcc    00000008     libclang_rt.builtins.a : aeabi_memcpy.S.obj (.text.__aeabi_memcpy)
                  00003bd4    00000008     freertos_builds_LP_MSPM0G3507_release_ticlang.lib : portasm.o (.text.ulSetInterruptMask)
                  00003bdc    00000006                                                       : portasm.o (.text.vClearInterruptMask)
                  00003be2    00000004     startup_mspm0g350x_ticlang.o (.text.Reset_Handler)
                  00003be6    00000004     libc.a : pre_init.c.obj (.text._system_pre_init)
                  00003bea    00000004            : exit.c.obj (.text:abort)
                  00003bee    00000002     --HOLE-- [fill = 0]

.cinit     0    00003c38    00000038     
                  00003c38    0000000f     (.cinit..data.load) [load image, compression = lzss]
                  00003c47    00000001     --HOLE-- [fill = 0]
                  00003c48    0000000c     (__TI_handler_table)
                  00003c54    00000008     (.cinit..bss.load) [load image, compression = zero_init]
                  00003c5c    00000010     (__TI_cinit_table)
                  00003c6c    00000004     --HOLE-- [fill = 0]

.rodata    0    00003bf0    00000048     
                  00003bf0    00000014     ti_msp_dl_config.o (.rodata.gTIMER_0TimerConfig)
                  00003c04    0000000a     ti_msp_dl_config.o (.rodata.gUART_0Config)
                  00003c0e    00000002     ti_msp_dl_config.o (.rodata.gI2C_0ClockConfig)
                  00003c10    00000008     ti_msp_dl_config.o (.rodata.gPWM_0Config)
                  00003c18    00000008     freertos_builds_LP_MSPM0G3507_release_ticlang.lib : timers.o (.rodata.str1.53415827308603926481)
                  00003c20    00000005                                                       : tasks.o (.rodata.str1.73579643323719718941)
                  00003c25    00000003     ti_msp_dl_config.o (.rodata.gPWM_0ClockConfig)
                  00003c28    00000004     freertos_builds_LP_MSPM0G3507_release_ticlang.lib : tasks.o (.rodata.uxTopUsedPriority)
                  00003c2c    00000003     ti_msp_dl_config.o (.rodata.gTIMER_0ClockConfig)
                  00003c2f    00000003     main-blinky.o (.rodata.str1.166475540086047641991)
                  00003c32    00000003     main-blinky.o (.rodata.str1.38259374225337789821)
                  00003c35    00000002     ti_msp_dl_config.o (.rodata.gUART_0ClockConfig)
                  00003c37    00000001     --HOLE-- [fill = 0]

.init_array 
*          0    00000000    00000000     UNINITIALIZED

.binit     0    00000000    00000000     

.bss       0    20200000    00001580     UNINITIALIZED
                  20200000    00000c00     freertos_builds_LP_MSPM0G3507_release_ticlang.lib : heap_4.o (.bss.ucHeap)
                  20200c00    00000200                                                       : StaticAllocs_freertos.o (.bss.vApplicationGetIdleTaskMemory.uxIdleTaskStack)
                  20200e00    00000200                                                       : StaticAllocs_freertos.o (.bss.vApplicationGetTimerTaskMemory.uxTimerTaskStack)
                  20201000    00000100     (.common:uart_data)
                  20201100    000000c8                                                       : tasks.o (.bss.pxReadyTasksLists)
                  202011c8    000000bc     (.common:gPWM_0Backup)
                  20201284    000000bc     (.common:gTIMER_0Backup)
                  20201340    00000078                                                       : timers.o (.bss.prvCheckForValidListAndQueue.ucStaticTimerQueueStorage)
                  202013b8    00000068                                                       : StaticAllocs_freertos.o (.bss.vApplicationGetIdleTaskMemory.xIdleTaskTCB)
                  20201420    00000068                                                       : StaticAllocs_freertos.o (.bss.vApplicationGetTimerTaskMemory.xTimerTaskTCB)
                  20201488    00000050                                                       : timers.o (.bss.prvCheckForValidListAndQueue.xStaticTimerQueue)
                  202014d8    00000014                                                       : timers.o (.bss.xActiveTimerList1)
                  202014ec    00000014                                                       : timers.o (.bss.xActiveTimerList2)
                  20201500    00000014                                                       : tasks.o (.bss.xDelayedTaskList1)
                  20201514    00000014                                                       : tasks.o (.bss.xDelayedTaskList2)
                  20201528    00000014                                                       : tasks.o (.bss.xPendingReadyList)
                  2020153c    00000014                                                       : tasks.o (.bss.xSuspendedTaskList)
                  20201550    00000014                                                       : tasks.o (.bss.xTasksWaitingTermination)
                  20201564    00000008                                                       : heap_4.o (.bss.xStart)
                  2020156c    00000004                                                       : timers.o (.bss.pxCurrentTimerList)
                  20201570    00000004                                                       : tasks.o (.bss.pxDelayedTaskList)
                  20201574    00000004                                                       : tasks.o (.bss.pxOverflowDelayedTaskList)
                  20201578    00000004                                                       : timers.o (.bss.pxOverflowTimerList)
                  2020157c    00000004                                                       : tasks.o (.bss.xIdleTaskHandles)

.data      0    20201580    00000066     UNINITIALIZED
                  20201580    00000004     freertos_builds_LP_MSPM0G3507_release_ticlang.lib : timers.o (.data.prvSampleTimeNow.xLastTime)
                  20201584    00000004                                                       : tasks.o (.data.pxCurrentTCB)
                  20201588    00000004                                                       : heap_4.o (.data.pxEnd)
                  2020158c    00000004                                                       : port.o (.data.ulCriticalNesting)
                  20201590    00000004                                                       : port.o (.data.ulStoppedTimerCompensation)
                  20201594    00000004                                                       : port.o (.data.ulTimerCountsForOneTick)
                  20201598    00000004                                                       : tasks.o (.data.uxCurrentNumberOfTasks)
                  2020159c    00000004                                                       : tasks.o (.data.uxDeletedTasksWaitingCleanUp)
                  202015a0    00000004                                                       : tasks.o (.data.uxSchedulerSuspended)
                  202015a4    00000004                                                       : tasks.o (.data.uxTaskNumber)
                  202015a8    00000004                                                       : tasks.o (.data.uxTopReadyPriority)
                  202015ac    00000004                                                       : heap_4.o (.data.xFreeBytesRemaining)
                  202015b0    00000004                                                       : port.o (.data.xMaximumPossibleSuppressedTicks)
                  202015b4    00000004                                                       : heap_4.o (.data.xMinimumEverFreeBytesRemaining)
                  202015b8    00000004                                                       : tasks.o (.data.xNextTaskUnblockTime)
                  202015bc    00000004                                                       : tasks.o (.data.xNumOfOverflows)
                  202015c0    00000004                                                       : heap_4.o (.data.xNumberOfSuccessfulAllocations)
                  202015c4    00000004                                                       : heap_4.o (.data.xNumberOfSuccessfulFrees)
                  202015c8    00000004                                                       : tasks.o (.data.xPendedTicks)
                  202015cc    00000004     main-blinky.o (.data.xQueue)
                  202015d0    00000004     freertos_builds_LP_MSPM0G3507_release_ticlang.lib : tasks.o (.data.xSchedulerRunning)
                  202015d4    00000004                                                       : tasks.o (.data.xTickCount)
                  202015d8    00000004                                                       : timers.o (.data.xTimerQueue)
                  202015dc    00000004                                                       : timers.o (.data.xTimerTaskHandle)
                  202015e0    00000004                                                       : tasks.o (.data.xYieldPendings)
                  202015e4    00000002     uart.o (.data.uart_rx_index)

.stack     0    20207e00    00000200     UNINITIALIZED
                  20207e00    00000004     libc.a : boot_cortex_m.c.obj (.stack)
                  20207e04    000001fc     --HOLE--

__llvm_prf_cnts 
*          0    20200000    00000000     UNINITIALIZED

__llvm_prf_bits 
*          0    20200000    00000000     UNINITIALIZED

MODULE SUMMARY

       Module                         code    ro data   rw data
       ------                         ----    -------   -------
    .\
       ti_msp_dl_config.o             752     48        376    
       main-blinky.o                  260     6         4      
       main.o                         16      0         0      
    +--+------------------------------+-------+---------+---------+
       Total:                         1028    54        380    
                                                               
    .\Driver\
       uart.o                         204     0         258    
       pid.o                          384     0         0      
    +--+------------------------------+-------+---------+---------+
       Total:                         588     0         258    
                                                               
    .\freertos\ticlang\
       startup_mspm0g350x_ticlang.o   6       192       0      
    +--+------------------------------+-------+---------+---------+
       Total:                         6       192       0      
                                                               
    D:/AiliuCheng/work/DIAN_RACE/TiSDK/mspm0_sdk_2_10_00_04/source/ti/driverlib/lib/ticlang/m0p/mspm0g1x0x_g3x0x/driverlib.a
       dl_timer.o                     608     0         0      
       dl_uart.o                      118     0         0      
       dl_i2c.o                       38      0         0      
       dl_common.o                    10      0         0      
    +--+------------------------------+-------+---------+---------+
       Total:                         774     0         0      
                                                               
    D:/AiliuCheng/work/DIAN_RACE/car/freertos_builds_LP_MSPM0G3507_release_ticlang/Debug/freertos_builds_LP_MSPM0G3507_release_ticlang.lib
       tasks.o                        5072    9         360    
       heap_4.o                       1336    0         3100   
       queue.o                        2148    0         0      
       timers.o                       1200    8         260    
       StaticAllocs_freertos.o        80      0         1232   
       port.o                         1138    0         16     
       list.o                         238     0         0      
       portasm.o                      170     0         0      
    +--+------------------------------+-------+---------+---------+
       Total:                         11382   17        4968   
                                                               
    E:\MyGame\Tools\CCS\ccs\tools\compiler\ti-cgt-armllvm_4.0.0.LTS\lib\armv6m-ti-none-eabi/c/libc.a
       memcpy16.S.obj                 154     0         0      
       copy_decompress_lzss.c.obj     124     0         0      
       memset16.S.obj                 98      0         0      
       autoinit.c.obj                 60      0         0      
       boot_cortex_m.c.obj            40      0         0      
       copy_decompress_none.c.obj     18      0         0      
       copy_zero_init.c.obj           16      0         0      
       exit.c.obj                     4       0         0      
       pre_init.c.obj                 4       0         0      
    +--+------------------------------+-------+---------+---------+
       Total:                         518     0         0      
                                                               
    E:\MyGame\Tools\CCS\ccs\tools\compiler\ti-cgt-armllvm_4.0.0.LTS\lib\armv6m-ti-none-eabi/libclang_rt.builtins.a
       addsf3.S.obj                   216     0         0      
       mulsf3.S.obj                   140     0         0      
       comparesf2.S.obj               118     0         0      
       aeabi_fcmp.S.obj               98      0         0      
       aeabi_uidivmod.S.obj           64      0         0      
       muldsi3.S.obj                  58      0         0      
       fixsfsi.S.obj                  56      0         0      
       fixunssfsi.S.obj               50      0         0      
       aeabi_memset.S.obj             26      0         0      
       aeabi_memcpy.S.obj             8       0         0      
       aeabi_div0.c.obj               2       0         0      
    +--+------------------------------+-------+---------+---------+
       Total:                         836     0         0      
                                                               
       Stack:                         0       0         512    
       Linker Generated:              0       51        0      
    +--+------------------------------+-------+---------+---------+
       Grand Total:                   15132   314       6118   


LINKER GENERATED COPY TABLES

__TI_cinit_table @ 00003c5c records: 2, size/record: 8, table size: 16
	.data: load addr=00003c38, load size=0000000f bytes, run addr=20201580, run size=00000066 bytes, compression=lzss
	.bss: load addr=00003c54, load size=00000008 bytes, run addr=20200000, run size=00001580 bytes, compression=zero_init


LINKER GENERATED HANDLER TABLE

__TI_handler_table @ 00003c48 records: 3, size/record: 4, table size: 12
	index: 0, handler: __TI_decompress_lzss
	index: 1, handler: __TI_decompress_none
	index: 2, handler: __TI_zero_init


GLOBAL SYMBOLS: SORTED ALPHABETICALLY BY Name 

address   name                            
-------   ----                            
00000ad3  ADC0_IRQHandler                 
00000ad3  ADC1_IRQHandler                 
00000ad3  AES_IRQHandler                  
00003bea  C$$EXIT                         
00000ad3  CANFD0_IRQHandler               
00000ad3  DAC0_IRQHandler                 
000033c7  DL_Common_delayCycles           
000039a9  DL_I2C_setClockConfig           
000015f5  DL_Timer_initFourCCPWMMode      
000017fd  DL_Timer_initTimerMode          
00003a65  DL_Timer_setCaptCompUpdateMethod
00003ad5  DL_Timer_setCaptureCompareOutCtl
00003b55  DL_Timer_setCaptureCompareValue 
00003a81  DL_Timer_setClockConfig         
00003261  DL_UART_init                    
00003a9d  DL_UART_receiveDataCheck        
00003b31  DL_UART_setClockConfig          
00000ad3  DMA_IRQHandler                  
00000ad3  Default_Handler                 
00000ad3  GROUP0_IRQHandler               
00000ad3  GROUP1_IRQHandler               
00000ad3  HardFault_Handler               
00000ad3  I2C0_IRQHandler                 
00000ad3  I2C1_IRQHandler                 
00000ad3  NMI_Handler                     
000033d1  PendSV_Handler                  
00000ad3  RTC_IRQHandler                  
00003be3  Reset_Handler                   
00000ad3  SPI0_IRQHandler                 
00000ad3  SPI1_IRQHandler                 
000039d1  SVC_Handler                     
00002da1  SYSCFG_DL_GPIO_init             
00002ec9  SYSCFG_DL_I2C_0_init            
00002325  SYSCFG_DL_PWM_0_init            
00003ab9  SYSCFG_DL_SYSCTL_init           
00003085  SYSCFG_DL_TIMER_0_init          
00002145  SYSCFG_DL_UART_0_init           
00003725  SYSCFG_DL_init                  
00002fdd  SYSCFG_DL_initPower             
000037c1  SysTick_Handler                 
00000ad3  TIMA0_IRQHandler                
000032a9  TIMA1_IRQHandler                
00000ad3  TIMG0_IRQHandler                
00000ad3  TIMG12_IRQHandler               
00000ad3  TIMG6_IRQHandler                
00000ad3  TIMG7_IRQHandler                
00000ad3  TIMG8_IRQHandler                
00001e41  UART0_IRQHandler                
00000ad3  UART1_IRQHandler                
00000ad3  UART2_IRQHandler                
00000ad3  UART3_IRQHandler                
20208000  __STACK_END                     
00000200  __STACK_SIZE                    
00000000  __TI_ATRegion0_region_sz        
00000000  __TI_ATRegion0_src_addr         
00000000  __TI_ATRegion0_trg_addr         
00000000  __TI_ATRegion1_region_sz        
00000000  __TI_ATRegion1_src_addr         
00000000  __TI_ATRegion1_trg_addr         
00000000  __TI_ATRegion2_region_sz        
00000000  __TI_ATRegion2_src_addr         
00000000  __TI_ATRegion2_trg_addr         
00003c5c  __TI_CINIT_Base                 
00003c6c  __TI_CINIT_Limit                
00003c6c  __TI_CINIT_Warm                 
00003c48  __TI_Handler_Table_Base         
00003c54  __TI_Handler_Table_Limit        
00003591  __TI_auto_init_nobinit_nopinit  
00002a21  __TI_decompress_lzss            
00003b43  __TI_decompress_none            
ffffffff  __TI_pprof_out_hndl             
ffffffff  __TI_prof_data_size             
ffffffff  __TI_prof_data_start            
00000000  __TI_static_base__              
00003b91  __TI_zero_init                  
00001c9f  __addsf3                        
00003645  __aeabi_f2iz                    
0000378d  __aeabi_f2uiz                   
00001c9f  __aeabi_fadd                    
00002e05  __aeabi_fcmpeq                  
00002e41  __aeabi_fcmpge                  
00002e55  __aeabi_fcmpgt                  
00002e2d  __aeabi_fcmple                  
00002e19  __aeabi_fcmplt                  
00002589  __aeabi_fmul                    
00001c95  __aeabi_fsub                    
0000208f  __aeabi_idiv0                   
000039f5  __aeabi_memclr                  
000039f5  __aeabi_memclr4                 
000039f5  __aeabi_memclr8                 
00003bcd  __aeabi_memcpy                  
00003bcd  __aeabi_memcpy4                 
00003bcd  __aeabi_memcpy8                 
00003ba1  __aeabi_memset                  
00003ba1  __aeabi_memset4                 
00003ba1  __aeabi_memset8                 
0000349d  __aeabi_uidiv                   
0000349d  __aeabi_uidivmod                
ffffffff  __binit__                       
000035cd  __cmpsf2                        
000035cd  __eqsf2                         
00003645  __fixsfsi                       
0000378d  __fixunssfsi                    
000034dd  __gesf2                         
000034dd  __gtsf2                         
000035cd  __lesf2                         
000035cd  __ltsf2                         
UNDEFED   __mpu_init                      
00003609  __muldsi3                       
00002589  __mulsf3                        
000035cd  __nesf2                         
20207e00  __stack                         
20200000  __start___llvm_prf_bits         
20200000  __start___llvm_prf_cnts         
20200000  __stop___llvm_prf_bits          
20200000  __stop___llvm_prf_cnts          
00001c95  __subsf3                        
00003981  _c_int00_noargs                 
UNDEFED   _system_post_cinit              
00003be7  _system_pre_init                
00003beb  abort                           
ffffffff  binit                           
000028ad  eTaskConfirmSleepModeStatus     
202011c8  gPWM_0Backup                    
20201284  gTIMER_0Backup                  
00000000  interruptVectors                
00003baf  main                            
00002f25  main_blinky                     
000023c1  memcpy                          
00002e67  memset                          
00000f61  pid_cal                         
UNDEFED   pid_left                        
UNDEFED   pid_right                       
000000c1  pvPortMalloc                    
20201584  pxCurrentTCB                    
000011c1  pxPortInitialiseStack           
20201000  uart_data                       
202015e4  uart_rx_index                   
00003bd5  ulSetInterruptMask              
000032f1  uxListRemove                    
00003931  vApplicationGetIdleTaskMemory   
00003959  vApplicationGetTimerTaskMemory  
00002587  vApplicationStackOverflowHook   
00003bdd  vClearInterruptMask             
000038ad  vListInitialise                 
00003bbd  vListInitialiseItem             
00002c61  vListInsert                     
00003aed  vPortEnterCritical              
000038d9  vPortExitCritical               
000018f9  vPortFree                       
0000387f  vPortSVCHandler_C               
00003031  vPortSetupTimerInterrupt        
00000ad5  vPortSuppressTicksAndSleep      
00003b05  vPortYield                      
00002ccd  vQueueWaitForMessageRestricted  
00003a01  vRestoreContextOfFirstTask      
00003b71  vStartFirstTask                 
000031c5  vTaskDelay                      
00003a25  vTaskInternalSetTimeOutState    
00003b65  vTaskMissedYield                
00003759  vTaskPlaceOnEventList           
00002b15  vTaskPlaceOnEventListRestricted 
00002d39  vTaskStartScheduler             
000027a9  vTaskStepTick                   
00003b81  vTaskSuspendAll                 
000013e1  vTaskSwitchContext              
0000282d  xPortStartScheduler             
000024f3  xQueueGenericCreate             
00002285  xQueueGenericCreateStatic       
00001ad5  xQueueGenericReset              
0000075d  xQueueGenericSend               
0000092f  xQueueReceive                   
00002091  xTaskCheckForTimeOut            
00003339  xTaskCreate                     
00003215  xTaskCreateStatic               
00001bb9  xTaskDelayUntil                 
000036b5  xTaskGetSchedulerState          
00003b1d  xTaskGetTickCount               
00000355  xTaskIncrementTick              
000014ed  xTaskPriorityDisinherit         
00000c75  xTaskRemoveFromEventList        
00000565  xTaskResumeAll                  
000029a5  xTimerCreateTimerTask           


GLOBAL SYMBOLS: SORTED BY Symbol Address 

address   name                            
-------   ----                            
00000000  __TI_ATRegion0_region_sz        
00000000  __TI_ATRegion0_src_addr         
00000000  __TI_ATRegion0_trg_addr         
00000000  __TI_ATRegion1_region_sz        
00000000  __TI_ATRegion1_src_addr         
00000000  __TI_ATRegion1_trg_addr         
00000000  __TI_ATRegion2_region_sz        
00000000  __TI_ATRegion2_src_addr         
00000000  __TI_ATRegion2_trg_addr         
00000000  __TI_static_base__              
00000000  interruptVectors                
000000c1  pvPortMalloc                    
00000200  __STACK_SIZE                    
00000355  xTaskIncrementTick              
00000565  xTaskResumeAll                  
0000075d  xQueueGenericSend               
0000092f  xQueueReceive                   
00000ad3  ADC0_IRQHandler                 
00000ad3  ADC1_IRQHandler                 
00000ad3  AES_IRQHandler                  
00000ad3  CANFD0_IRQHandler               
00000ad3  DAC0_IRQHandler                 
00000ad3  DMA_IRQHandler                  
00000ad3  Default_Handler                 
00000ad3  GROUP0_IRQHandler               
00000ad3  GROUP1_IRQHandler               
00000ad3  HardFault_Handler               
00000ad3  I2C0_IRQHandler                 
00000ad3  I2C1_IRQHandler                 
00000ad3  NMI_Handler                     
00000ad3  RTC_IRQHandler                  
00000ad3  SPI0_IRQHandler                 
00000ad3  SPI1_IRQHandler                 
00000ad3  TIMA0_IRQHandler                
00000ad3  TIMG0_IRQHandler                
00000ad3  TIMG12_IRQHandler               
00000ad3  TIMG6_IRQHandler                
00000ad3  TIMG7_IRQHandler                
00000ad3  TIMG8_IRQHandler                
00000ad3  UART1_IRQHandler                
00000ad3  UART2_IRQHandler                
00000ad3  UART3_IRQHandler                
00000ad5  vPortSuppressTicksAndSleep      
00000c75  xTaskRemoveFromEventList        
00000f61  pid_cal                         
000011c1  pxPortInitialiseStack           
000013e1  vTaskSwitchContext              
000014ed  xTaskPriorityDisinherit         
000015f5  DL_Timer_initFourCCPWMMode      
000017fd  DL_Timer_initTimerMode          
000018f9  vPortFree                       
00001ad5  xQueueGenericReset              
00001bb9  xTaskDelayUntil                 
00001c95  __aeabi_fsub                    
00001c95  __subsf3                        
00001c9f  __addsf3                        
00001c9f  __aeabi_fadd                    
00001e41  UART0_IRQHandler                
0000208f  __aeabi_idiv0                   
00002091  xTaskCheckForTimeOut            
00002145  SYSCFG_DL_UART_0_init           
00002285  xQueueGenericCreateStatic       
00002325  SYSCFG_DL_PWM_0_init            
000023c1  memcpy                          
000024f3  xQueueGenericCreate             
00002587  vApplicationStackOverflowHook   
00002589  __aeabi_fmul                    
00002589  __mulsf3                        
000027a9  vTaskStepTick                   
0000282d  xPortStartScheduler             
000028ad  eTaskConfirmSleepModeStatus     
000029a5  xTimerCreateTimerTask           
00002a21  __TI_decompress_lzss            
00002b15  vTaskPlaceOnEventListRestricted 
00002c61  vListInsert                     
00002ccd  vQueueWaitForMessageRestricted  
00002d39  vTaskStartScheduler             
00002da1  SYSCFG_DL_GPIO_init             
00002e05  __aeabi_fcmpeq                  
00002e19  __aeabi_fcmplt                  
00002e2d  __aeabi_fcmple                  
00002e41  __aeabi_fcmpge                  
00002e55  __aeabi_fcmpgt                  
00002e67  memset                          
00002ec9  SYSCFG_DL_I2C_0_init            
00002f25  main_blinky                     
00002fdd  SYSCFG_DL_initPower             
00003031  vPortSetupTimerInterrupt        
00003085  SYSCFG_DL_TIMER_0_init          
000031c5  vTaskDelay                      
00003215  xTaskCreateStatic               
00003261  DL_UART_init                    
000032a9  TIMA1_IRQHandler                
000032f1  uxListRemove                    
00003339  xTaskCreate                     
000033c7  DL_Common_delayCycles           
000033d1  PendSV_Handler                  
0000349d  __aeabi_uidiv                   
0000349d  __aeabi_uidivmod                
000034dd  __gesf2                         
000034dd  __gtsf2                         
00003591  __TI_auto_init_nobinit_nopinit  
000035cd  __cmpsf2                        
000035cd  __eqsf2                         
000035cd  __lesf2                         
000035cd  __ltsf2                         
000035cd  __nesf2                         
00003609  __muldsi3                       
00003645  __aeabi_f2iz                    
00003645  __fixsfsi                       
000036b5  xTaskGetSchedulerState          
00003725  SYSCFG_DL_init                  
00003759  vTaskPlaceOnEventList           
0000378d  __aeabi_f2uiz                   
0000378d  __fixunssfsi                    
000037c1  SysTick_Handler                 
0000387f  vPortSVCHandler_C               
000038ad  vListInitialise                 
000038d9  vPortExitCritical               
00003931  vApplicationGetIdleTaskMemory   
00003959  vApplicationGetTimerTaskMemory  
00003981  _c_int00_noargs                 
000039a9  DL_I2C_setClockConfig           
000039d1  SVC_Handler                     
000039f5  __aeabi_memclr                  
000039f5  __aeabi_memclr4                 
000039f5  __aeabi_memclr8                 
00003a01  vRestoreContextOfFirstTask      
00003a25  vTaskInternalSetTimeOutState    
00003a65  DL_Timer_setCaptCompUpdateMethod
00003a81  DL_Timer_setClockConfig         
00003a9d  DL_UART_receiveDataCheck        
00003ab9  SYSCFG_DL_SYSCTL_init           
00003ad5  DL_Timer_setCaptureCompareOutCtl
00003aed  vPortEnterCritical              
00003b05  vPortYield                      
00003b1d  xTaskGetTickCount               
00003b31  DL_UART_setClockConfig          
00003b43  __TI_decompress_none            
00003b55  DL_Timer_setCaptureCompareValue 
00003b65  vTaskMissedYield                
00003b71  vStartFirstTask                 
00003b81  vTaskSuspendAll                 
00003b91  __TI_zero_init                  
00003ba1  __aeabi_memset                  
00003ba1  __aeabi_memset4                 
00003ba1  __aeabi_memset8                 
00003baf  main                            
00003bbd  vListInitialiseItem             
00003bcd  __aeabi_memcpy                  
00003bcd  __aeabi_memcpy4                 
00003bcd  __aeabi_memcpy8                 
00003bd5  ulSetInterruptMask              
00003bdd  vClearInterruptMask             
00003be3  Reset_Handler                   
00003be7  _system_pre_init                
00003bea  C$$EXIT                         
00003beb  abort                           
00003c48  __TI_Handler_Table_Base         
00003c54  __TI_Handler_Table_Limit        
00003c5c  __TI_CINIT_Base                 
00003c6c  __TI_CINIT_Limit                
00003c6c  __TI_CINIT_Warm                 
20200000  __start___llvm_prf_bits         
20200000  __start___llvm_prf_cnts         
20200000  __stop___llvm_prf_bits          
20200000  __stop___llvm_prf_cnts          
20201000  uart_data                       
202011c8  gPWM_0Backup                    
20201284  gTIMER_0Backup                  
20201584  pxCurrentTCB                    
202015e4  uart_rx_index                   
20207e00  __stack                         
20208000  __STACK_END                     
ffffffff  __TI_pprof_out_hndl             
ffffffff  __TI_prof_data_size             
ffffffff  __TI_prof_data_start            
ffffffff  __binit__                       
ffffffff  binit                           
UNDEFED   __mpu_init                      
UNDEFED   _system_post_cinit              
UNDEFED   pid_left                        
UNDEFED   pid_right                       

[183 symbols]
