<?xml version="1.0" encoding="ISO-8859-1" ?>
<link_info>
   <banner>TI ARM Clang Linker PC v4.0.0.LTS</banner>
   <copyright>Copyright (c) 1996-2018 Texas Instruments Incorporated</copyright>
   <command_line>E:\MyGame\Tools\CCS\ccs\tools\compiler\ti-cgt-armllvm_4.0.0.LTS\bin\tiarmlnk -IE:\MyGame\Tools\CCS\ccs\tools\compiler\ti-cgt-armllvm_4.0.0.LTS\lib -o car.out -mcar.map -iD:/AiliuCheng/work/DIAN_RACE/car/freertos_builds_LP_MSPM0G3507_release_ticlang/Debug -iD:/AiliuCheng/work/DIAN_RACE/TiSDK/mspm0_sdk_2_10_00_04/source -iD:/AiliuCheng/work/DIAN_RACE/car/car -iD:/AiliuCheng/work/DIAN_RACE/car/car/Debug/syscfg -iE:/MyGame/Tools/CCS/ccs/tools/compiler/ti-cgt-armllvm_4.0.0.LTS/lib --diag_wrap=off --display_error_number --warn_sections --xml_link_info=car_linkInfo.xml --rom_model ./ti_msp_dl_config.o ./main-blinky.o ./main.o ./Driver/I2C.o ./Driver/pid.o ./Driver/sys.o ./Driver/uart.o ./freertos/ticlang/startup_mspm0g350x_ticlang.o ../mspm0g3507.cmd -lfreertos_builds_LP_MSPM0G3507_release_ticlang.lib -lD:/AiliuCheng/work/DIAN_RACE/TiSDK/mspm0_sdk_2_10_00_04/source/ti/driverlib/lib/ticlang/m0p/mspm0g1x0x_g3x0x/driverlib.a -llibc.a --start-group -llibc++.a -llibc++abi.a -llibc.a -llibsys.a -llibsysbm.a -llibclang_rt.builtins.a -llibclang_rt.profile.a --end-group --cg_opt_level=2</command_line>
   <link_time>0x6a04585c</link_time>
   <link_errors>0x1</link_errors>
   <output_file>D:\AiliuCheng\work\DIAN_RACE\car\car\Debug\car.out</output_file>
   <entry_point>
      <name>_c_int00_noargs</name>
      <address>0x3981</address>
   </entry_point>
   <input_file_list>
      <input_file id="fl-1">
         <path>D:\AiliuCheng\work\DIAN_RACE\car\car\Debug\.\</path>
         <kind>object</kind>
         <file>ti_msp_dl_config.o</file>
         <name>ti_msp_dl_config.o</name>
      </input_file>
      <input_file id="fl-2">
         <path>D:\AiliuCheng\work\DIAN_RACE\car\car\Debug\.\</path>
         <kind>object</kind>
         <file>main-blinky.o</file>
         <name>main-blinky.o</name>
      </input_file>
      <input_file id="fl-3">
         <path>D:\AiliuCheng\work\DIAN_RACE\car\car\Debug\.\</path>
         <kind>object</kind>
         <file>main.o</file>
         <name>main.o</name>
      </input_file>
      <input_file id="fl-4">
         <path>D:\AiliuCheng\work\DIAN_RACE\car\car\Debug\.\Driver\</path>
         <kind>object</kind>
         <file>I2C.o</file>
         <name>I2C.o</name>
      </input_file>
      <input_file id="fl-5">
         <path>D:\AiliuCheng\work\DIAN_RACE\car\car\Debug\.\Driver\</path>
         <kind>object</kind>
         <file>pid.o</file>
         <name>pid.o</name>
      </input_file>
      <input_file id="fl-6">
         <path>D:\AiliuCheng\work\DIAN_RACE\car\car\Debug\.\Driver\</path>
         <kind>object</kind>
         <file>sys.o</file>
         <name>sys.o</name>
      </input_file>
      <input_file id="fl-7">
         <path>D:\AiliuCheng\work\DIAN_RACE\car\car\Debug\.\Driver\</path>
         <kind>object</kind>
         <file>uart.o</file>
         <name>uart.o</name>
      </input_file>
      <input_file id="fl-8">
         <path>D:\AiliuCheng\work\DIAN_RACE\car\car\Debug\.\freertos\ticlang\</path>
         <kind>object</kind>
         <file>startup_mspm0g350x_ticlang.o</file>
         <name>startup_mspm0g350x_ticlang.o</name>
      </input_file>
      <input_file id="fl-15">
         <path>D:\AiliuCheng\work\DIAN_RACE\car\car\Debug\</path>
         <kind>object</kind>
         <file>&lt;internal&gt;</file>
         <name>&lt;internal&gt;</name>
      </input_file>
      <input_file id="fl-16">
         <path>D:\AiliuCheng\work\DIAN_RACE\car\freertos_builds_LP_MSPM0G3507_release_ticlang\Debug\</path>
         <kind>archive</kind>
         <file>freertos_builds_LP_MSPM0G3507_release_ticlang.lib</file>
         <name>queue.o</name>
      </input_file>
      <input_file id="fl-17">
         <path>D:\AiliuCheng\work\DIAN_RACE\car\freertos_builds_LP_MSPM0G3507_release_ticlang\Debug\</path>
         <kind>archive</kind>
         <file>freertos_builds_LP_MSPM0G3507_release_ticlang.lib</file>
         <name>tasks.o</name>
      </input_file>
      <input_file id="fl-18">
         <path>D:\AiliuCheng\work\DIAN_RACE\car\freertos_builds_LP_MSPM0G3507_release_ticlang\Debug\</path>
         <kind>archive</kind>
         <file>freertos_builds_LP_MSPM0G3507_release_ticlang.lib</file>
         <name>timers.o</name>
      </input_file>
      <input_file id="fl-19">
         <path>D:\AiliuCheng\work\DIAN_RACE\car\freertos_builds_LP_MSPM0G3507_release_ticlang\Debug\</path>
         <kind>archive</kind>
         <file>freertos_builds_LP_MSPM0G3507_release_ticlang.lib</file>
         <name>port.o</name>
      </input_file>
      <input_file id="fl-1a">
         <path>D:\AiliuCheng\work\DIAN_RACE\car\freertos_builds_LP_MSPM0G3507_release_ticlang\Debug\</path>
         <kind>archive</kind>
         <file>freertos_builds_LP_MSPM0G3507_release_ticlang.lib</file>
         <name>portasm.o</name>
      </input_file>
      <input_file id="fl-1b">
         <path>D:\AiliuCheng\work\DIAN_RACE\car\freertos_builds_LP_MSPM0G3507_release_ticlang\Debug\</path>
         <kind>archive</kind>
         <file>freertos_builds_LP_MSPM0G3507_release_ticlang.lib</file>
         <name>PTLS.o</name>
      </input_file>
      <input_file id="fl-1c">
         <path>D:\AiliuCheng\work\DIAN_RACE\car\freertos_builds_LP_MSPM0G3507_release_ticlang\Debug\</path>
         <kind>archive</kind>
         <file>freertos_builds_LP_MSPM0G3507_release_ticlang.lib</file>
         <name>StaticAllocs_freertos.o</name>
      </input_file>
      <input_file id="fl-1d">
         <path>D:\AiliuCheng\work\DIAN_RACE\car\freertos_builds_LP_MSPM0G3507_release_ticlang\Debug\</path>
         <kind>archive</kind>
         <file>freertos_builds_LP_MSPM0G3507_release_ticlang.lib</file>
         <name>heap_4.o</name>
      </input_file>
      <input_file id="fl-1e">
         <path>D:\AiliuCheng\work\DIAN_RACE\car\freertos_builds_LP_MSPM0G3507_release_ticlang\Debug\</path>
         <kind>archive</kind>
         <file>freertos_builds_LP_MSPM0G3507_release_ticlang.lib</file>
         <name>list.o</name>
      </input_file>
      <input_file id="fl-1f">
         <path>D:\AiliuCheng\work\DIAN_RACE\TiSDK\mspm0_sdk_2_10_00_04\source\ti\driverlib\lib\ticlang\m0p\mspm0g1x0x_g3x0x\</path>
         <kind>archive</kind>
         <file>driverlib.a</file>
         <name>dl_common.o</name>
      </input_file>
      <input_file id="fl-20">
         <path>D:\AiliuCheng\work\DIAN_RACE\TiSDK\mspm0_sdk_2_10_00_04\source\ti\driverlib\lib\ticlang\m0p\mspm0g1x0x_g3x0x\</path>
         <kind>archive</kind>
         <file>driverlib.a</file>
         <name>dl_i2c.o</name>
      </input_file>
      <input_file id="fl-21">
         <path>D:\AiliuCheng\work\DIAN_RACE\TiSDK\mspm0_sdk_2_10_00_04\source\ti\driverlib\lib\ticlang\m0p\mspm0g1x0x_g3x0x\</path>
         <kind>archive</kind>
         <file>driverlib.a</file>
         <name>dl_timer.o</name>
      </input_file>
      <input_file id="fl-22">
         <path>D:\AiliuCheng\work\DIAN_RACE\TiSDK\mspm0_sdk_2_10_00_04\source\ti\driverlib\lib\ticlang\m0p\mspm0g1x0x_g3x0x\</path>
         <kind>archive</kind>
         <file>driverlib.a</file>
         <name>dl_uart.o</name>
      </input_file>
      <input_file id="fl-37">
         <path>E:\MyGame\Tools\CCS\ccs\tools\compiler\ti-cgt-armllvm_4.0.0.LTS\lib\armv6m-ti-none-eabi\c\</path>
         <kind>archive</kind>
         <file>libc.a</file>
         <name>boot_cortex_m.c.obj</name>
      </input_file>
      <input_file id="fl-38">
         <path>E:\MyGame\Tools\CCS\ccs\tools\compiler\ti-cgt-armllvm_4.0.0.LTS\lib\armv6m-ti-none-eabi\c\</path>
         <kind>archive</kind>
         <file>libc.a</file>
         <name>mathacl_init.c.obj</name>
      </input_file>
      <input_file id="fl-39">
         <path>E:\MyGame\Tools\CCS\ccs\tools\compiler\ti-cgt-armllvm_4.0.0.LTS\lib\armv6m-ti-none-eabi\c\</path>
         <kind>archive</kind>
         <file>libc.a</file>
         <name>autoinit.c.obj</name>
      </input_file>
      <input_file id="fl-3a">
         <path>E:\MyGame\Tools\CCS\ccs\tools\compiler\ti-cgt-armllvm_4.0.0.LTS\lib\armv6m-ti-none-eabi\c\</path>
         <kind>archive</kind>
         <file>libc.a</file>
         <name>pre_init.c.obj</name>
      </input_file>
      <input_file id="fl-3b">
         <path>E:\MyGame\Tools\CCS\ccs\tools\compiler\ti-cgt-armllvm_4.0.0.LTS\lib\armv6m-ti-none-eabi\c\</path>
         <kind>archive</kind>
         <file>libc.a</file>
         <name>cpy_tbl.c.obj</name>
      </input_file>
      <input_file id="fl-3c">
         <path>E:\MyGame\Tools\CCS\ccs\tools\compiler\ti-cgt-armllvm_4.0.0.LTS\lib\armv6m-ti-none-eabi\c\</path>
         <kind>archive</kind>
         <file>libc.a</file>
         <name>copy_zero_init.c.obj</name>
      </input_file>
      <input_file id="fl-3d">
         <path>E:\MyGame\Tools\CCS\ccs\tools\compiler\ti-cgt-armllvm_4.0.0.LTS\lib\armv6m-ti-none-eabi\c\</path>
         <kind>archive</kind>
         <file>libc.a</file>
         <name>copy_decompress_none.c.obj</name>
      </input_file>
      <input_file id="fl-3e">
         <path>E:\MyGame\Tools\CCS\ccs\tools\compiler\ti-cgt-armllvm_4.0.0.LTS\lib\armv6m-ti-none-eabi\c\</path>
         <kind>archive</kind>
         <file>libc.a</file>
         <name>copy_decompress_lzss.c.obj</name>
      </input_file>
      <input_file id="fl-3f">
         <path>E:\MyGame\Tools\CCS\ccs\tools\compiler\ti-cgt-armllvm_4.0.0.LTS\lib\armv6m-ti-none-eabi\c\</path>
         <kind>archive</kind>
         <file>libc.a</file>
         <name>exit.c.obj</name>
      </input_file>
      <input_file id="fl-40">
         <path>E:\MyGame\Tools\CCS\ccs\tools\compiler\ti-cgt-armllvm_4.0.0.LTS\lib\armv6m-ti-none-eabi\c\</path>
         <kind>archive</kind>
         <file>libc.a</file>
         <name>_lock.c.obj</name>
      </input_file>
      <input_file id="fl-41">
         <path>E:\MyGame\Tools\CCS\ccs\tools\compiler\ti-cgt-armllvm_4.0.0.LTS\lib\armv6m-ti-none-eabi\c\</path>
         <kind>archive</kind>
         <file>libc.a</file>
         <name>args_main.c.obj</name>
      </input_file>
      <input_file id="fl-d7">
         <path>E:\MyGame\Tools\CCS\ccs\tools\compiler\ti-cgt-armllvm_4.0.0.LTS\lib\armv6m-ti-none-eabi\</path>
         <kind>archive</kind>
         <file>libclang_rt.builtins.a</file>
         <name>addsf3.S.obj</name>
      </input_file>
      <input_file id="fl-d8">
         <path>E:\MyGame\Tools\CCS\ccs\tools\compiler\ti-cgt-armllvm_4.0.0.LTS\lib\armv6m-ti-none-eabi\</path>
         <kind>archive</kind>
         <file>libclang_rt.builtins.a</file>
         <name>mulsf3.S.obj</name>
      </input_file>
      <input_file id="fl-d9">
         <path>E:\MyGame\Tools\CCS\ccs\tools\compiler\ti-cgt-armllvm_4.0.0.LTS\lib\armv6m-ti-none-eabi\</path>
         <kind>archive</kind>
         <file>libclang_rt.builtins.a</file>
         <name>fixunssfsi.S.obj</name>
      </input_file>
      <input_file id="fl-da">
         <path>E:\MyGame\Tools\CCS\ccs\tools\compiler\ti-cgt-armllvm_4.0.0.LTS\lib\armv6m-ti-none-eabi\</path>
         <kind>archive</kind>
         <file>libclang_rt.builtins.a</file>
         <name>aeabi_fcmp.S.obj</name>
      </input_file>
      <input_file id="fl-db">
         <path>E:\MyGame\Tools\CCS\ccs\tools\compiler\ti-cgt-armllvm_4.0.0.LTS\lib\armv6m-ti-none-eabi\</path>
         <kind>archive</kind>
         <file>libclang_rt.builtins.a</file>
         <name>aeabi_memcpy.S.obj</name>
      </input_file>
      <input_file id="fl-dc">
         <path>E:\MyGame\Tools\CCS\ccs\tools\compiler\ti-cgt-armllvm_4.0.0.LTS\lib\armv6m-ti-none-eabi\</path>
         <kind>archive</kind>
         <file>libclang_rt.builtins.a</file>
         <name>aeabi_memset.S.obj</name>
      </input_file>
      <input_file id="fl-dd">
         <path>E:\MyGame\Tools\CCS\ccs\tools\compiler\ti-cgt-armllvm_4.0.0.LTS\lib\armv6m-ti-none-eabi\</path>
         <kind>archive</kind>
         <file>libclang_rt.builtins.a</file>
         <name>aeabi_uidivmod.S.obj</name>
      </input_file>
      <input_file id="fl-de">
         <path>E:\MyGame\Tools\CCS\ccs\tools\compiler\ti-cgt-armllvm_4.0.0.LTS\lib\armv6m-ti-none-eabi\</path>
         <kind>archive</kind>
         <file>libclang_rt.builtins.a</file>
         <name>comparesf2.S.obj</name>
      </input_file>
      <input_file id="fl-df">
         <path>E:\MyGame\Tools\CCS\ccs\tools\compiler\ti-cgt-armllvm_4.0.0.LTS\lib\armv6m-ti-none-eabi\</path>
         <kind>archive</kind>
         <file>libclang_rt.builtins.a</file>
         <name>muldsi3.S.obj</name>
      </input_file>
      <input_file id="fl-e0">
         <path>E:\MyGame\Tools\CCS\ccs\tools\compiler\ti-cgt-armllvm_4.0.0.LTS\lib\armv6m-ti-none-eabi\</path>
         <kind>archive</kind>
         <file>libclang_rt.builtins.a</file>
         <name>fixsfsi.S.obj</name>
      </input_file>
      <input_file id="fl-e1">
         <path>E:\MyGame\Tools\CCS\ccs\tools\compiler\ti-cgt-armllvm_4.0.0.LTS\lib\armv6m-ti-none-eabi\</path>
         <kind>archive</kind>
         <file>libclang_rt.builtins.a</file>
         <name>aeabi_div0.c.obj</name>
      </input_file>
      <input_file id="fl-e2">
         <path>E:\MyGame\Tools\CCS\ccs\tools\compiler\ti-cgt-armllvm_4.0.0.LTS\lib\armv6m-ti-none-eabi\c\</path>
         <kind>archive</kind>
         <file>libc.a</file>
         <name>memcpy16.S.obj</name>
      </input_file>
      <input_file id="fl-e3">
         <path>E:\MyGame\Tools\CCS\ccs\tools\compiler\ti-cgt-armllvm_4.0.0.LTS\lib\armv6m-ti-none-eabi\c\</path>
         <kind>archive</kind>
         <file>libc.a</file>
         <name>memset16.S.obj</name>
      </input_file>
   </input_file_list>
   <object_component_list>
      <object_component id="oc-18">
         <name>.intvecs</name>
         <load_address>0x0</load_address>
         <readonly>true</readonly>
         <run_address>0x0</run_address>
         <size>0xc0</size>
         <alignment>0x4</alignment>
         <input_file_ref idref="fl-8"/>
      </object_component>
      <object_component id="oc-15c">
         <name>.text.pvPortMalloc</name>
         <load_address>0xc0</load_address>
         <readonly>true</readonly>
         <executable>true</executable>
         <run_address>0xc0</run_address>
         <size>0x294</size>
         <alignment>0x4</alignment>
         <input_file_ref idref="fl-1d"/>
      </object_component>
      <object_component id="oc-84">
         <name>.text.xTaskIncrementTick</name>
         <load_address>0x354</load_address>
         <readonly>true</readonly>
         <executable>true</executable>
         <run_address>0x354</run_address>
         <size>0x210</size>
         <alignment>0x4</alignment>
         <input_file_ref idref="fl-17"/>
      </object_component>
      <object_component id="oc-18a">
         <name>.text.xTaskResumeAll</name>
         <load_address>0x564</load_address>
         <readonly>true</readonly>
         <executable>true</executable>
         <run_address>0x564</run_address>
         <size>0x1f8</size>
         <alignment>0x4</alignment>
         <input_file_ref idref="fl-17"/>
      </object_component>
      <object_component id="oc-173">
         <name>.text.xQueueGenericSend</name>
         <load_address>0x75c</load_address>
         <readonly>true</readonly>
         <executable>true</executable>
         <run_address>0x75c</run_address>
         <size>0x1d2</size>
         <alignment>0x2</alignment>
         <input_file_ref idref="fl-16"/>
      </object_component>
      <object_component id="oc-16f">
         <name>.text.xQueueReceive</name>
         <load_address>0x92e</load_address>
         <readonly>true</readonly>
         <executable>true</executable>
         <run_address>0x92e</run_address>
         <size>0x1a4</size>
         <alignment>0x2</alignment>
         <input_file_ref idref="fl-16"/>
      </object_component>
      <object_component id="oc-3e">
         <name>.text.Default_Handler</name>
         <load_address>0xad2</load_address>
         <readonly>true</readonly>
         <executable>true</executable>
         <run_address>0xad2</run_address>
         <size>0x2</size>
         <alignment>0x2</alignment>
         <input_file_ref idref="fl-8"/>
      </object_component>
      <object_component id="oc-1d5">
         <name>.text.vPortSuppressTicksAndSleep</name>
         <load_address>0xad4</load_address>
         <readonly>true</readonly>
         <executable>true</executable>
         <run_address>0xad4</run_address>
         <size>0x1a0</size>
         <alignment>0x4</alignment>
         <input_file_ref idref="fl-19"/>
      </object_component>
      <object_component id="oc-1b3">
         <name>.text.xTaskRemoveFromEventList</name>
         <load_address>0xc74</load_address>
         <readonly>true</readonly>
         <executable>true</executable>
         <run_address>0xc74</run_address>
         <size>0x190</size>
         <alignment>0x4</alignment>
         <input_file_ref idref="fl-17"/>
      </object_component>
      <object_component id="oc-1e1">
         <name>.text.prvProcessReceivedCommands</name>
         <load_address>0xe04</load_address>
         <readonly>true</readonly>
         <executable>true</executable>
         <run_address>0xe04</run_address>
         <size>0x15c</size>
         <alignment>0x4</alignment>
         <input_file_ref idref="fl-18"/>
      </object_component>
      <object_component id="oc-95">
         <name>.text.pid_cal</name>
         <load_address>0xf60</load_address>
         <readonly>true</readonly>
         <executable>true</executable>
         <run_address>0xf60</run_address>
         <size>0x138</size>
         <alignment>0x4</alignment>
         <input_file_ref idref="fl-5"/>
      </object_component>
      <object_component id="oc-165">
         <name>.text.prvAddNewTaskToReadyList</name>
         <load_address>0x1098</load_address>
         <readonly>true</readonly>
         <executable>true</executable>
         <run_address>0x1098</run_address>
         <size>0x128</size>
         <alignment>0x4</alignment>
         <input_file_ref idref="fl-17"/>
      </object_component>
      <object_component id="oc-1c9">
         <name>.text.pxPortInitialiseStack</name>
         <load_address>0x11c0</load_address>
         <readonly>true</readonly>
         <executable>true</executable>
         <run_address>0x11c0</run_address>
         <size>0x114</size>
         <alignment>0x4</alignment>
         <input_file_ref idref="fl-19"/>
      </object_component>
      <object_component id="oc-1c5">
         <name>.text.prvInsertBlockIntoFreeList</name>
         <load_address>0x12d4</load_address>
         <readonly>true</readonly>
         <executable>true</executable>
         <run_address>0x12d4</run_address>
         <size>0x10c</size>
         <alignment>0x4</alignment>
         <input_file_ref idref="fl-1d"/>
      </object_component>
      <object_component id="oc-1c">
         <name>.text.vTaskSwitchContext</name>
         <load_address>0x13e0</load_address>
         <readonly>true</readonly>
         <executable>true</executable>
         <run_address>0x13e0</run_address>
         <size>0x10c</size>
         <alignment>0x4</alignment>
         <input_file_ref idref="fl-17"/>
      </object_component>
      <object_component id="oc-1e8">
         <name>.text.xTaskPriorityDisinherit</name>
         <load_address>0x14ec</load_address>
         <readonly>true</readonly>
         <executable>true</executable>
         <run_address>0x14ec</run_address>
         <size>0x108</size>
         <alignment>0x4</alignment>
         <input_file_ref idref="fl-17"/>
      </object_component>
      <object_component id="oc-145">
         <name>.text.DL_Timer_initFourCCPWMMode</name>
         <load_address>0x15f4</load_address>
         <readonly>true</readonly>
         <executable>true</executable>
         <run_address>0x15f4</run_address>
         <size>0x104</size>
         <alignment>0x4</alignment>
         <input_file_ref idref="fl-21"/>
      </object_component>
      <object_component id="oc-195">
         <name>.text.prvInitialiseNewTask</name>
         <load_address>0x16f8</load_address>
         <readonly>true</readonly>
         <executable>true</executable>
         <run_address>0x16f8</run_address>
         <size>0x104</size>
         <alignment>0x2</alignment>
         <input_file_ref idref="fl-17"/>
      </object_component>
      <object_component id="oc-14a">
         <name>.text.DL_Timer_initTimerMode</name>
         <load_address>0x17fc</load_address>
         <readonly>true</readonly>
         <executable>true</executable>
         <run_address>0x17fc</run_address>
         <size>0xfc</size>
         <alignment>0x4</alignment>
         <input_file_ref idref="fl-21"/>
      </object_component>
      <object_component id="oc-194">
         <name>.text.vPortFree</name>
         <load_address>0x18f8</load_address>
         <readonly>true</readonly>
         <executable>true</executable>
         <run_address>0x18f8</run_address>
         <size>0xf8</size>
         <alignment>0x4</alignment>
         <input_file_ref idref="fl-1d"/>
      </object_component>
      <object_component id="oc-1b9">
         <name>.text.prvAddCurrentTaskToDelayedList</name>
         <load_address>0x19f0</load_address>
         <readonly>true</readonly>
         <executable>true</executable>
         <run_address>0x19f0</run_address>
         <size>0xe4</size>
         <alignment>0x4</alignment>
         <input_file_ref idref="fl-17"/>
      </object_component>
      <object_component id="oc-193">
         <name>.text.xQueueGenericReset</name>
         <load_address>0x1ad4</load_address>
         <readonly>true</readonly>
         <executable>true</executable>
         <run_address>0x1ad4</run_address>
         <size>0xe4</size>
         <alignment>0x2</alignment>
         <input_file_ref idref="fl-16"/>
      </object_component>
      <object_component id="oc-172">
         <name>.text.xTaskDelayUntil</name>
         <load_address>0x1bb8</load_address>
         <readonly>true</readonly>
         <executable>true</executable>
         <run_address>0x1bb8</run_address>
         <size>0xdc</size>
         <alignment>0x4</alignment>
         <input_file_ref idref="fl-17"/>
      </object_component>
      <object_component id="oc-c3">
         <name>.text</name>
         <load_address>0x1c94</load_address>
         <readonly>true</readonly>
         <executable>true</executable>
         <run_address>0x1c94</run_address>
         <size>0xd8</size>
         <alignment>0x4</alignment>
         <input_file_ref idref="fl-d7"/>
      </object_component>
      <object_component id="oc-1ba">
         <name>.text.prvCopyDataToQueue</name>
         <load_address>0x1d6c</load_address>
         <readonly>true</readonly>
         <executable>true</executable>
         <run_address>0x1d6c</run_address>
         <size>0xd4</size>
         <alignment>0x2</alignment>
         <input_file_ref idref="fl-16"/>
      </object_component>
      <object_component id="oc-46">
         <name>.text.UART0_IRQHandler</name>
         <load_address>0x1e40</load_address>
         <readonly>true</readonly>
         <executable>true</executable>
         <run_address>0x1e40</run_address>
         <size>0xcc</size>
         <alignment>0x4</alignment>
         <input_file_ref idref="fl-7"/>
      </object_component>
      <object_component id="oc-166">
         <name>.text.prvCreateIdleTasks</name>
         <load_address>0x1f0c</load_address>
         <readonly>true</readonly>
         <executable>true</executable>
         <run_address>0x1f0c</run_address>
         <size>0xcc</size>
         <alignment>0x4</alignment>
         <input_file_ref idref="fl-17"/>
      </object_component>
      <object_component id="oc-1b8">
         <name>.text.prvUnlockQueue</name>
         <load_address>0x1fd8</load_address>
         <readonly>true</readonly>
         <executable>true</executable>
         <run_address>0x1fd8</run_address>
         <size>0xb6</size>
         <alignment>0x2</alignment>
         <input_file_ref idref="fl-16"/>
      </object_component>
      <object_component id="oc-182">
         <name>.text.__aeabi_idiv0</name>
         <load_address>0x208e</load_address>
         <readonly>true</readonly>
         <executable>true</executable>
         <run_address>0x208e</run_address>
         <size>0x2</size>
         <alignment>0x2</alignment>
         <input_file_ref idref="fl-e1"/>
      </object_component>
      <object_component id="oc-1b5">
         <name>.text.xTaskCheckForTimeOut</name>
         <load_address>0x2090</load_address>
         <readonly>true</readonly>
         <executable>true</executable>
         <run_address>0x2090</run_address>
         <size>0xb4</size>
         <alignment>0x4</alignment>
         <input_file_ref idref="fl-17"/>
      </object_component>
      <object_component id="oc-11d">
         <name>.text.SYSCFG_DL_UART_0_init</name>
         <load_address>0x2144</load_address>
         <readonly>true</readonly>
         <executable>true</executable>
         <run_address>0x2144</run_address>
         <size>0xa0</size>
         <alignment>0x4</alignment>
         <input_file_ref idref="fl-1"/>
      </object_component>
      <object_component id="oc-189">
         <name>.text.prvHeapInit</name>
         <load_address>0x21e4</load_address>
         <readonly>true</readonly>
         <executable>true</executable>
         <run_address>0x21e4</run_address>
         <size>0xa0</size>
         <alignment>0x4</alignment>
         <input_file_ref idref="fl-1d"/>
      </object_component>
      <object_component id="oc-1d6">
         <name>.text.xQueueGenericCreateStatic</name>
         <load_address>0x2284</load_address>
         <readonly>true</readonly>
         <executable>true</executable>
         <run_address>0x2284</run_address>
         <size>0xa0</size>
         <alignment>0x2</alignment>
         <input_file_ref idref="fl-16"/>
      </object_component>
      <object_component id="oc-11a">
         <name>.text.SYSCFG_DL_PWM_0_init</name>
         <load_address>0x2324</load_address>
         <readonly>true</readonly>
         <executable>true</executable>
         <run_address>0x2324</run_address>
         <size>0x9c</size>
         <alignment>0x4</alignment>
         <input_file_ref idref="fl-1"/>
      </object_component>
      <object_component id="oc-db">
         <name>.text:memcpy</name>
         <load_address>0x23c0</load_address>
         <readonly>true</readonly>
         <executable>true</executable>
         <run_address>0x23c0</run_address>
         <size>0x9a</size>
         <alignment>0x1</alignment>
         <input_file_ref idref="fl-e2"/>
      </object_component>
      <object_component id="oc-1d2">
         <name>.text.prvCreateStaticTask</name>
         <load_address>0x245a</load_address>
         <readonly>true</readonly>
         <executable>true</executable>
         <run_address>0x245a</run_address>
         <size>0x98</size>
         <alignment>0x2</alignment>
         <input_file_ref idref="fl-17"/>
      </object_component>
      <object_component id="oc-122">
         <name>.text.xQueueGenericCreate</name>
         <load_address>0x24f2</load_address>
         <readonly>true</readonly>
         <executable>true</executable>
         <run_address>0x24f2</run_address>
         <size>0x94</size>
         <alignment>0x2</alignment>
         <input_file_ref idref="fl-16"/>
      </object_component>
      <object_component id="oc-55">
         <name>.text.vApplicationStackOverflowHook</name>
         <load_address>0x2586</load_address>
         <readonly>true</readonly>
         <executable>true</executable>
         <run_address>0x2586</run_address>
         <size>0x2</size>
         <alignment>0x2</alignment>
         <input_file_ref idref="fl-3"/>
      </object_component>
      <object_component id="oc-cb">
         <name>.text.__mulsf3</name>
         <load_address>0x2588</load_address>
         <readonly>true</readonly>
         <executable>true</executable>
         <run_address>0x2588</run_address>
         <size>0x8c</size>
         <alignment>0x4</alignment>
         <input_file_ref idref="fl-d8"/>
      </object_component>
      <object_component id="oc-1e0">
         <name>.text.prvProcessTimerOrBlockTask</name>
         <load_address>0x2614</load_address>
         <readonly>true</readonly>
         <executable>true</executable>
         <run_address>0x2614</run_address>
         <size>0x8c</size>
         <alignment>0x4</alignment>
         <input_file_ref idref="fl-18"/>
      </object_component>
      <object_component id="oc-164">
         <name>.text.prvCreateTask</name>
         <load_address>0x26a0</load_address>
         <readonly>true</readonly>
         <executable>true</executable>
         <run_address>0x26a0</run_address>
         <size>0x84</size>
         <alignment>0x2</alignment>
         <input_file_ref idref="fl-17"/>
      </object_component>
      <object_component id="oc-1f2">
         <name>.text.prvInsertTimerInActiveList</name>
         <load_address>0x2724</load_address>
         <readonly>true</readonly>
         <executable>true</executable>
         <run_address>0x2724</run_address>
         <size>0x84</size>
         <alignment>0x4</alignment>
         <input_file_ref idref="fl-18"/>
      </object_component>
      <object_component id="oc-1ee">
         <name>.text.vTaskStepTick</name>
         <load_address>0x27a8</load_address>
         <readonly>true</readonly>
         <executable>true</executable>
         <run_address>0x27a8</run_address>
         <size>0x84</size>
         <alignment>0x4</alignment>
         <input_file_ref idref="fl-17"/>
      </object_component>
      <object_component id="oc-16c">
         <name>.text.xPortStartScheduler</name>
         <load_address>0x282c</load_address>
         <readonly>true</readonly>
         <executable>true</executable>
         <run_address>0x282c</run_address>
         <size>0x80</size>
         <alignment>0x4</alignment>
         <input_file_ref idref="fl-19"/>
      </object_component>
      <object_component id="oc-1ed">
         <name>.text.eTaskConfirmSleepModeStatus</name>
         <load_address>0x28ac</load_address>
         <readonly>true</readonly>
         <executable>true</executable>
         <run_address>0x28ac</run_address>
         <size>0x7c</size>
         <alignment>0x4</alignment>
         <input_file_ref idref="fl-17"/>
      </object_component>
      <object_component id="oc-197">
         <name>.text.prvInitialiseTaskLists</name>
         <load_address>0x2928</load_address>
         <readonly>true</readonly>
         <executable>true</executable>
         <run_address>0x2928</run_address>
         <size>0x7c</size>
         <alignment>0x4</alignment>
         <input_file_ref idref="fl-17"/>
      </object_component>
      <object_component id="oc-167">
         <name>.text.xTimerCreateTimerTask</name>
         <load_address>0x29a4</load_address>
         <readonly>true</readonly>
         <executable>true</executable>
         <run_address>0x29a4</run_address>
         <size>0x7c</size>
         <alignment>0x4</alignment>
         <input_file_ref idref="fl-18"/>
      </object_component>
      <object_component id="oc-27">
         <name>.text:decompress:lzss</name>
         <load_address>0x2a20</load_address>
         <readonly>true</readonly>
         <executable>true</executable>
         <run_address>0x2a20</run_address>
         <size>0x7c</size>
         <alignment>0x4</alignment>
         <input_file_ref idref="fl-3e"/>
      </object_component>
      <object_component id="oc-1d4">
         <name>.text.prvGetExpectedIdleTime</name>
         <load_address>0x2a9c</load_address>
         <readonly>true</readonly>
         <executable>true</executable>
         <run_address>0x2a9c</run_address>
         <size>0x78</size>
         <alignment>0x4</alignment>
         <input_file_ref idref="fl-17"/>
      </object_component>
      <object_component id="oc-1f6">
         <name>.text.vTaskPlaceOnEventListRestricted</name>
         <load_address>0x2b14</load_address>
         <readonly>true</readonly>
         <executable>true</executable>
         <run_address>0x2b14</run_address>
         <size>0x74</size>
         <alignment>0x4</alignment>
         <input_file_ref idref="fl-17"/>
      </object_component>
      <object_component id="oc-1a5">
         <name>.text.prvCheckForValidListAndQueue</name>
         <load_address>0x2b88</load_address>
         <readonly>true</readonly>
         <executable>true</executable>
         <run_address>0x2b88</run_address>
         <size>0x6c</size>
         <alignment>0x4</alignment>
         <input_file_ref idref="fl-18"/>
      </object_component>
      <object_component id="oc-12d">
         <name>.text.prvQueueSendTask</name>
         <load_address>0x2bf4</load_address>
         <readonly>true</readonly>
         <executable>true</executable>
         <run_address>0x2bf4</run_address>
         <size>0x6c</size>
         <alignment>0x4</alignment>
         <input_file_ref idref="fl-2"/>
      </object_component>
      <object_component id="oc-1e5">
         <name>.text.vListInsert</name>
         <load_address>0x2c60</load_address>
         <readonly>true</readonly>
         <executable>true</executable>
         <run_address>0x2c60</run_address>
         <size>0x6c</size>
         <alignment>0x2</alignment>
         <input_file_ref idref="fl-1e"/>
      </object_component>
      <object_component id="oc-1f1">
         <name>.text.vQueueWaitForMessageRestricted</name>
         <load_address>0x2ccc</load_address>
         <readonly>true</readonly>
         <executable>true</executable>
         <run_address>0x2ccc</run_address>
         <size>0x6a</size>
         <alignment>0x2</alignment>
         <input_file_ref idref="fl-16"/>
      </object_component>
      <object_component id="oc-128">
         <name>.text.vTaskStartScheduler</name>
         <load_address>0x2d38</load_address>
         <readonly>true</readonly>
         <executable>true</executable>
         <run_address>0x2d38</run_address>
         <size>0x68</size>
         <alignment>0x4</alignment>
         <input_file_ref idref="fl-17"/>
      </object_component>
      <object_component id="oc-117">
         <name>.text.SYSCFG_DL_GPIO_init</name>
         <load_address>0x2da0</load_address>
         <readonly>true</readonly>
         <executable>true</executable>
         <run_address>0x2da0</run_address>
         <size>0x64</size>
         <alignment>0x4</alignment>
         <input_file_ref idref="fl-1"/>
      </object_component>
      <object_component id="oc-c7">
         <name>.text.__aeabi_fcmp</name>
         <load_address>0x2e04</load_address>
         <readonly>true</readonly>
         <executable>true</executable>
         <run_address>0x2e04</run_address>
         <size>0x62</size>
         <alignment>0x4</alignment>
         <input_file_ref idref="fl-da"/>
      </object_component>
      <object_component id="oc-106">
         <name>.text:memset</name>
         <load_address>0x2e66</load_address>
         <readonly>true</readonly>
         <executable>true</executable>
         <run_address>0x2e66</run_address>
         <size>0x62</size>
         <alignment>0x1</alignment>
         <input_file_ref idref="fl-e3"/>
      </object_component>
      <object_component id="oc-11c">
         <name>.text.SYSCFG_DL_I2C_0_init</name>
         <load_address>0x2ec8</load_address>
         <readonly>true</readonly>
         <executable>true</executable>
         <run_address>0x2ec8</run_address>
         <size>0x5c</size>
         <alignment>0x4</alignment>
         <input_file_ref idref="fl-1"/>
      </object_component>
      <object_component id="oc-e3">
         <name>.text.main_blinky</name>
         <load_address>0x2f24</load_address>
         <readonly>true</readonly>
         <executable>true</executable>
         <run_address>0x2f24</run_address>
         <size>0x5c</size>
         <alignment>0x4</alignment>
         <input_file_ref idref="fl-2"/>
      </object_component>
      <object_component id="oc-1a3">
         <name>.text.prvIdleTask</name>
         <load_address>0x2f80</load_address>
         <readonly>true</readonly>
         <executable>true</executable>
         <run_address>0x2f80</run_address>
         <size>0x5c</size>
         <alignment>0x4</alignment>
         <input_file_ref idref="fl-17"/>
      </object_component>
      <object_component id="oc-116">
         <name>.text.SYSCFG_DL_initPower</name>
         <load_address>0x2fdc</load_address>
         <readonly>true</readonly>
         <executable>true</executable>
         <run_address>0x2fdc</run_address>
         <size>0x54</size>
         <alignment>0x4</alignment>
         <input_file_ref idref="fl-1"/>
      </object_component>
      <object_component id="oc-1ad">
         <name>.text.vPortSetupTimerInterrupt</name>
         <load_address>0x3030</load_address>
         <readonly>true</readonly>
         <executable>true</executable>
         <run_address>0x3030</run_address>
         <size>0x54</size>
         <alignment>0x4</alignment>
         <input_file_ref idref="fl-19"/>
      </object_component>
      <object_component id="oc-11b">
         <name>.text.SYSCFG_DL_TIMER_0_init</name>
         <load_address>0x3084</load_address>
         <readonly>true</readonly>
         <executable>true</executable>
         <run_address>0x3084</run_address>
         <size>0x50</size>
         <alignment>0x4</alignment>
         <input_file_ref idref="fl-1"/>
      </object_component>
      <object_component id="oc-1d3">
         <name>.text.prvCheckTasksWaitingTermination</name>
         <load_address>0x30d4</load_address>
         <readonly>true</readonly>
         <executable>true</executable>
         <run_address>0x30d4</run_address>
         <size>0x50</size>
         <alignment>0x4</alignment>
         <input_file_ref idref="fl-17"/>
      </object_component>
      <object_component id="oc-1eb">
         <name>.text.prvDeleteTCB</name>
         <load_address>0x3124</load_address>
         <readonly>true</readonly>
         <executable>true</executable>
         <run_address>0x3124</run_address>
         <size>0x50</size>
         <alignment>0x2</alignment>
         <input_file_ref idref="fl-17"/>
      </object_component>
      <object_component id="oc-1f0">
         <name>.text.prvProcessExpiredTimer</name>
         <load_address>0x3174</load_address>
         <readonly>true</readonly>
         <executable>true</executable>
         <run_address>0x3174</run_address>
         <size>0x50</size>
         <alignment>0x4</alignment>
         <input_file_ref idref="fl-18"/>
      </object_component>
      <object_component id="oc-170">
         <name>.text.vTaskDelay</name>
         <load_address>0x31c4</load_address>
         <readonly>true</readonly>
         <executable>true</executable>
         <run_address>0x31c4</run_address>
         <size>0x50</size>
         <alignment>0x4</alignment>
         <input_file_ref idref="fl-17"/>
      </object_component>
      <object_component id="oc-1a1">
         <name>.text.xTaskCreateStatic</name>
         <load_address>0x3214</load_address>
         <readonly>true</readonly>
         <executable>true</executable>
         <run_address>0x3214</run_address>
         <size>0x4c</size>
         <alignment>0x2</alignment>
         <input_file_ref idref="fl-17"/>
      </object_component>
      <object_component id="oc-155">
         <name>.text.DL_UART_init</name>
         <load_address>0x3260</load_address>
         <readonly>true</readonly>
         <executable>true</executable>
         <run_address>0x3260</run_address>
         <size>0x48</size>
         <alignment>0x4</alignment>
         <input_file_ref idref="fl-22"/>
      </object_component>
      <object_component id="oc-4c">
         <name>.text.TIMA1_IRQHandler</name>
         <load_address>0x32a8</load_address>
         <readonly>true</readonly>
         <executable>true</executable>
         <run_address>0x32a8</run_address>
         <size>0x48</size>
         <alignment>0x4</alignment>
         <input_file_ref idref="fl-5"/>
      </object_component>
      <object_component id="oc-1e7">
         <name>.text.uxListRemove</name>
         <load_address>0x32f0</load_address>
         <readonly>true</readonly>
         <executable>true</executable>
         <run_address>0x32f0</run_address>
         <size>0x48</size>
         <alignment>0x2</alignment>
         <input_file_ref idref="fl-1e"/>
      </object_component>
      <object_component id="oc-127">
         <name>.text.xTaskCreate</name>
         <load_address>0x3338</load_address>
         <readonly>true</readonly>
         <executable>true</executable>
         <run_address>0x3338</run_address>
         <size>0x48</size>
         <alignment>0x2</alignment>
         <input_file_ref idref="fl-17"/>
      </object_component>
      <object_component id="oc-161">
         <name>.text.prvInitialiseNewQueue</name>
         <load_address>0x3380</load_address>
         <readonly>true</readonly>
         <executable>true</executable>
         <run_address>0x3380</run_address>
         <size>0x46</size>
         <alignment>0x2</alignment>
         <input_file_ref idref="fl-16"/>
      </object_component>
      <object_component id="oc-140">
         <name>.text.DL_Common_delayCycles</name>
         <load_address>0x33c6</load_address>
         <readonly>true</readonly>
         <executable>true</executable>
         <run_address>0x33c6</run_address>
         <size>0xa</size>
         <alignment>0x2</alignment>
         <input_file_ref idref="fl-1f"/>
      </object_component>
      <object_component id="oc-44">
         <name>.text.PendSV_Handler</name>
         <load_address>0x33d0</load_address>
         <readonly>true</readonly>
         <executable>true</executable>
         <run_address>0x33d0</run_address>
         <size>0x44</size>
         <alignment>0x10</alignment>
         <input_file_ref idref="fl-1a"/>
      </object_component>
      <object_component id="oc-1b2">
         <name>.text.prvCopyDataFromQueue</name>
         <load_address>0x3414</load_address>
         <readonly>true</readonly>
         <executable>true</executable>
         <run_address>0x3414</run_address>
         <size>0x44</size>
         <alignment>0x2</alignment>
         <input_file_ref idref="fl-16"/>
      </object_component>
      <object_component id="oc-1f4">
         <name>.text.prvSwitchTimerLists</name>
         <load_address>0x3458</load_address>
         <readonly>true</readonly>
         <executable>true</executable>
         <run_address>0x3458</run_address>
         <size>0x44</size>
         <alignment>0x4</alignment>
         <input_file_ref idref="fl-18"/>
      </object_component>
      <object_component id="oc-158">
         <name>.text.__aeabi_uidivmod</name>
         <load_address>0x349c</load_address>
         <readonly>true</readonly>
         <executable>true</executable>
         <run_address>0x349c</run_address>
         <size>0x40</size>
         <alignment>0x4</alignment>
         <input_file_ref idref="fl-dd"/>
      </object_component>
      <object_component id="oc-10d">
         <name>.text.__gtsf2</name>
         <load_address>0x34dc</load_address>
         <readonly>true</readonly>
         <executable>true</executable>
         <run_address>0x34dc</run_address>
         <size>0x3c</size>
         <alignment>0x4</alignment>
         <input_file_ref idref="fl-de"/>
      </object_component>
      <object_component id="oc-12a">
         <name>.text.prvQueueReceiveTask</name>
         <load_address>0x3518</load_address>
         <readonly>true</readonly>
         <executable>true</executable>
         <run_address>0x3518</run_address>
         <size>0x3c</size>
         <alignment>0x4</alignment>
         <input_file_ref idref="fl-2"/>
      </object_component>
      <object_component id="oc-1ef">
         <name>.text.prvSampleTimeNow</name>
         <load_address>0x3554</load_address>
         <readonly>true</readonly>
         <executable>true</executable>
         <run_address>0x3554</run_address>
         <size>0x3c</size>
         <alignment>0x4</alignment>
         <input_file_ref idref="fl-18"/>
      </object_component>
      <object_component id="oc-ef">
         <name>.text:__TI_auto_init_nobinit_nopinit</name>
         <load_address>0x3590</load_address>
         <readonly>true</readonly>
         <executable>true</executable>
         <run_address>0x3590</run_address>
         <size>0x3c</size>
         <alignment>0x4</alignment>
         <input_file_ref idref="fl-39"/>
      </object_component>
      <object_component id="oc-108">
         <name>.text.__eqsf2</name>
         <load_address>0x35cc</load_address>
         <readonly>true</readonly>
         <executable>true</executable>
         <run_address>0x35cc</run_address>
         <size>0x3a</size>
         <alignment>0x4</alignment>
         <input_file_ref idref="fl-de"/>
      </object_component>
      <object_component id="oc-10f">
         <name>.text.__muldsi3</name>
         <load_address>0x3608</load_address>
         <readonly>true</readonly>
         <executable>true</executable>
         <run_address>0x3608</run_address>
         <size>0x3a</size>
         <alignment>0x4</alignment>
         <input_file_ref idref="fl-df"/>
      </object_component>
      <object_component id="oc-cf">
         <name>.text.__fixsfsi</name>
         <load_address>0x3644</load_address>
         <readonly>true</readonly>
         <executable>true</executable>
         <run_address>0x3644</run_address>
         <size>0x38</size>
         <alignment>0x4</alignment>
         <input_file_ref idref="fl-e0"/>
      </object_component>
      <object_component id="oc-1df">
         <name>.text.prvGetNextExpireTime</name>
         <load_address>0x367c</load_address>
         <readonly>true</readonly>
         <executable>true</executable>
         <run_address>0x367c</run_address>
         <size>0x38</size>
         <alignment>0x4</alignment>
         <input_file_ref idref="fl-18"/>
      </object_component>
      <object_component id="oc-1b1">
         <name>.text.xTaskGetSchedulerState</name>
         <load_address>0x36b4</load_address>
         <readonly>true</readonly>
         <executable>true</executable>
         <run_address>0x36b4</run_address>
         <size>0x38</size>
         <alignment>0x4</alignment>
         <input_file_ref idref="fl-17"/>
      </object_component>
      <object_component id="oc-1f3">
         <name>.text.prvReloadTimer</name>
         <load_address>0x36ec</load_address>
         <readonly>true</readonly>
         <executable>true</executable>
         <run_address>0x36ec</run_address>
         <size>0x36</size>
         <alignment>0x2</alignment>
         <input_file_ref idref="fl-18"/>
      </object_component>
      <object_component id="oc-de">
         <name>.text.SYSCFG_DL_init</name>
         <load_address>0x3724</load_address>
         <readonly>true</readonly>
         <executable>true</executable>
         <run_address>0x3724</run_address>
         <size>0x34</size>
         <alignment>0x4</alignment>
         <input_file_ref idref="fl-1"/>
      </object_component>
      <object_component id="oc-1b7">
         <name>.text.vTaskPlaceOnEventList</name>
         <load_address>0x3758</load_address>
         <readonly>true</readonly>
         <executable>true</executable>
         <run_address>0x3758</run_address>
         <size>0x34</size>
         <alignment>0x4</alignment>
         <input_file_ref idref="fl-17"/>
      </object_component>
      <object_component id="oc-97">
         <name>.text.__fixunssfsi</name>
         <load_address>0x378c</load_address>
         <readonly>true</readonly>
         <executable>true</executable>
         <run_address>0x378c</run_address>
         <size>0x32</size>
         <alignment>0x4</alignment>
         <input_file_ref idref="fl-d9"/>
      </object_component>
      <object_component id="oc-45">
         <name>.text.SysTick_Handler</name>
         <load_address>0x37c0</load_address>
         <readonly>true</readonly>
         <executable>true</executable>
         <run_address>0x37c0</run_address>
         <size>0x30</size>
         <alignment>0x4</alignment>
         <input_file_ref idref="fl-19"/>
      </object_component>
      <object_component id="oc-b8">
         <name>.text.prvResetNextTaskUnblockTime</name>
         <load_address>0x37f0</load_address>
         <readonly>true</readonly>
         <executable>true</executable>
         <run_address>0x37f0</run_address>
         <size>0x30</size>
         <alignment>0x4</alignment>
         <input_file_ref idref="fl-17"/>
      </object_component>
      <object_component id="oc-1af">
         <name>.text.prvTaskExitError</name>
         <load_address>0x3820</load_address>
         <readonly>true</readonly>
         <executable>true</executable>
         <run_address>0x3820</run_address>
         <size>0x30</size>
         <alignment>0x4</alignment>
         <input_file_ref idref="fl-19"/>
      </object_component>
      <object_component id="oc-1bb">
         <name>.text.prvIsQueueFull</name>
         <load_address>0x3850</load_address>
         <readonly>true</readonly>
         <executable>true</executable>
         <run_address>0x3850</run_address>
         <size>0x2e</size>
         <alignment>0x2</alignment>
         <input_file_ref idref="fl-16"/>
      </object_component>
      <object_component id="oc-20">
         <name>.text.vPortSVCHandler_C</name>
         <load_address>0x387e</load_address>
         <readonly>true</readonly>
         <executable>true</executable>
         <run_address>0x387e</run_address>
         <size>0x2e</size>
         <alignment>0x2</alignment>
         <input_file_ref idref="fl-19"/>
      </object_component>
      <object_component id="oc-1c0">
         <name>.text.vListInitialise</name>
         <load_address>0x38ac</load_address>
         <readonly>true</readonly>
         <executable>true</executable>
         <run_address>0x38ac</run_address>
         <size>0x2c</size>
         <alignment>0x2</alignment>
         <input_file_ref idref="fl-1e"/>
      </object_component>
      <object_component id="oc-198">
         <name>.text.vPortExitCritical</name>
         <load_address>0x38d8</load_address>
         <readonly>true</readonly>
         <executable>true</executable>
         <run_address>0x38d8</run_address>
         <size>0x2c</size>
         <alignment>0x4</alignment>
         <input_file_ref idref="fl-19"/>
      </object_component>
      <object_component id="oc-1b6">
         <name>.text.prvIsQueueEmpty</name>
         <load_address>0x3904</load_address>
         <readonly>true</readonly>
         <executable>true</executable>
         <run_address>0x3904</run_address>
         <size>0x2a</size>
         <alignment>0x2</alignment>
         <input_file_ref idref="fl-16"/>
      </object_component>
      <object_component id="oc-19c">
         <name>.text.vApplicationGetIdleTaskMemory</name>
         <load_address>0x3930</load_address>
         <readonly>true</readonly>
         <executable>true</executable>
         <run_address>0x3930</run_address>
         <size>0x28</size>
         <alignment>0x4</alignment>
         <input_file_ref idref="fl-1c"/>
      </object_component>
      <object_component id="oc-1a6">
         <name>.text.vApplicationGetTimerTaskMemory</name>
         <load_address>0x3958</load_address>
         <readonly>true</readonly>
         <executable>true</executable>
         <run_address>0x3958</run_address>
         <size>0x28</size>
         <alignment>0x4</alignment>
         <input_file_ref idref="fl-1c"/>
      </object_component>
      <object_component id="oc-7a">
         <name>.text:_c_int00_noargs</name>
         <load_address>0x3980</load_address>
         <readonly>true</readonly>
         <executable>true</executable>
         <run_address>0x3980</run_address>
         <size>0x28</size>
         <alignment>0x4</alignment>
         <input_file_ref idref="fl-37"/>
      </object_component>
      <object_component id="oc-14d">
         <name>.text.DL_I2C_setClockConfig</name>
         <load_address>0x39a8</load_address>
         <readonly>true</readonly>
         <executable>true</executable>
         <run_address>0x39a8</run_address>
         <size>0x26</size>
         <alignment>0x2</alignment>
         <input_file_ref idref="fl-20"/>
      </object_component>
      <object_component id="oc-3f">
         <name>.text.SVC_Handler</name>
         <load_address>0x39d0</load_address>
         <readonly>true</readonly>
         <executable>true</executable>
         <run_address>0x39d0</run_address>
         <size>0x24</size>
         <alignment>0x10</alignment>
         <input_file_ref idref="fl-1a"/>
      </object_component>
      <object_component id="oc-8c">
         <name>.text.__aeabi_memclr</name>
         <load_address>0x39f4</load_address>
         <readonly>true</readonly>
         <executable>true</executable>
         <run_address>0x39f4</run_address>
         <size>0xc</size>
         <alignment>0x4</alignment>
         <input_file_ref idref="fl-dc"/>
      </object_component>
      <object_component id="oc-5e">
         <name>.text.vRestoreContextOfFirstTask</name>
         <load_address>0x3a00</load_address>
         <readonly>true</readonly>
         <executable>true</executable>
         <run_address>0x3a00</run_address>
         <size>0x24</size>
         <alignment>0x10</alignment>
         <input_file_ref idref="fl-1a"/>
      </object_component>
      <object_component id="oc-1b4">
         <name>.text.vTaskInternalSetTimeOutState</name>
         <load_address>0x3a24</load_address>
         <readonly>true</readonly>
         <executable>true</executable>
         <run_address>0x3a24</run_address>
         <size>0x20</size>
         <alignment>0x4</alignment>
         <input_file_ref idref="fl-17"/>
      </object_component>
      <object_component id="oc-1a8">
         <name>.text.prvTimerTask</name>
         <load_address>0x3a44</load_address>
         <readonly>true</readonly>
         <executable>true</executable>
         <run_address>0x3a44</run_address>
         <size>0x1e</size>
         <alignment>0x2</alignment>
         <input_file_ref idref="fl-18"/>
      </object_component>
      <object_component id="oc-147">
         <name>.text.DL_Timer_setCaptCompUpdateMethod</name>
         <load_address>0x3a64</load_address>
         <readonly>true</readonly>
         <executable>true</executable>
         <run_address>0x3a64</run_address>
         <size>0x1c</size>
         <alignment>0x4</alignment>
         <input_file_ref idref="fl-21"/>
      </object_component>
      <object_component id="oc-144">
         <name>.text.DL_Timer_setClockConfig</name>
         <load_address>0x3a80</load_address>
         <readonly>true</readonly>
         <executable>true</executable>
         <run_address>0x3a80</run_address>
         <size>0x1c</size>
         <alignment>0x4</alignment>
         <input_file_ref idref="fl-21"/>
      </object_component>
      <object_component id="oc-86">
         <name>.text.DL_UART_receiveDataCheck</name>
         <load_address>0x3a9c</load_address>
         <readonly>true</readonly>
         <executable>true</executable>
         <run_address>0x3a9c</run_address>
         <size>0x1c</size>
         <alignment>0x4</alignment>
         <input_file_ref idref="fl-22"/>
      </object_component>
      <object_component id="oc-118">
         <name>.text.SYSCFG_DL_SYSCTL_init</name>
         <load_address>0x3ab8</load_address>
         <readonly>true</readonly>
         <executable>true</executable>
         <run_address>0x3ab8</run_address>
         <size>0x1c</size>
         <alignment>0x4</alignment>
         <input_file_ref idref="fl-1"/>
      </object_component>
      <object_component id="oc-146">
         <name>.text.DL_Timer_setCaptureCompareOutCtl</name>
         <load_address>0x3ad4</load_address>
         <readonly>true</readonly>
         <executable>true</executable>
         <run_address>0x3ad4</run_address>
         <size>0x18</size>
         <alignment>0x4</alignment>
         <input_file_ref idref="fl-21"/>
      </object_component>
      <object_component id="oc-196">
         <name>.text.vPortEnterCritical</name>
         <load_address>0x3aec</load_address>
         <readonly>true</readonly>
         <executable>true</executable>
         <run_address>0x3aec</run_address>
         <size>0x18</size>
         <alignment>0x4</alignment>
         <input_file_ref idref="fl-19"/>
      </object_component>
      <object_component id="oc-199">
         <name>.text.vPortYield</name>
         <load_address>0x3b04</load_address>
         <readonly>true</readonly>
         <executable>true</executable>
         <run_address>0x3b04</run_address>
         <size>0x18</size>
         <alignment>0x4</alignment>
         <input_file_ref idref="fl-19"/>
      </object_component>
      <object_component id="oc-171">
         <name>.text.xTaskGetTickCount</name>
         <load_address>0x3b1c</load_address>
         <readonly>true</readonly>
         <executable>true</executable>
         <run_address>0x3b1c</run_address>
         <size>0x14</size>
         <alignment>0x4</alignment>
         <input_file_ref idref="fl-17"/>
      </object_component>
      <object_component id="oc-154">
         <name>.text.DL_UART_setClockConfig</name>
         <load_address>0x3b30</load_address>
         <readonly>true</readonly>
         <executable>true</executable>
         <run_address>0x3b30</run_address>
         <size>0x12</size>
         <alignment>0x2</alignment>
         <input_file_ref idref="fl-22"/>
      </object_component>
      <object_component id="oc-2b">
         <name>.text:decompress:none</name>
         <load_address>0x3b42</load_address>
         <readonly>true</readonly>
         <executable>true</executable>
         <run_address>0x3b42</run_address>
         <size>0x12</size>
         <alignment>0x2</alignment>
         <input_file_ref idref="fl-3d"/>
      </object_component>
      <object_component id="oc-9b">
         <name>.text.DL_Timer_setCaptureCompareValue</name>
         <load_address>0x3b54</load_address>
         <readonly>true</readonly>
         <executable>true</executable>
         <run_address>0x3b54</run_address>
         <size>0x10</size>
         <alignment>0x4</alignment>
         <input_file_ref idref="fl-21"/>
      </object_component>
      <object_component id="oc-1e6">
         <name>.text.vTaskMissedYield</name>
         <load_address>0x3b64</load_address>
         <readonly>true</readonly>
         <executable>true</executable>
         <run_address>0x3b64</run_address>
         <size>0xc</size>
         <alignment>0x4</alignment>
         <input_file_ref idref="fl-17"/>
      </object_component>
      <object_component id="oc-1ae">
         <name>.text.vStartFirstTask</name>
         <load_address>0x3b70</load_address>
         <readonly>true</readonly>
         <executable>true</executable>
         <run_address>0x3b70</run_address>
         <size>0x10</size>
         <alignment>0x10</alignment>
         <input_file_ref idref="fl-1a"/>
      </object_component>
      <object_component id="oc-188">
         <name>.text.vTaskSuspendAll</name>
         <load_address>0x3b80</load_address>
         <readonly>true</readonly>
         <executable>true</executable>
         <run_address>0x3b80</run_address>
         <size>0x10</size>
         <alignment>0x4</alignment>
         <input_file_ref idref="fl-17"/>
      </object_component>
      <object_component id="oc-77">
         <name>.text:decompress:ZI</name>
         <load_address>0x3b90</load_address>
         <readonly>true</readonly>
         <executable>true</executable>
         <run_address>0x3b90</run_address>
         <size>0x10</size>
         <alignment>0x2</alignment>
         <input_file_ref idref="fl-3c"/>
      </object_component>
      <object_component id="oc-1c7">
         <name>.text.__aeabi_memset</name>
         <load_address>0x3ba0</load_address>
         <readonly>true</readonly>
         <executable>true</executable>
         <run_address>0x3ba0</run_address>
         <size>0xe</size>
         <alignment>0x4</alignment>
         <input_file_ref idref="fl-dc"/>
      </object_component>
      <object_component id="oc-ad">
         <name>.text.main</name>
         <load_address>0x3bae</load_address>
         <readonly>true</readonly>
         <executable>true</executable>
         <run_address>0x3bae</run_address>
         <size>0xe</size>
         <alignment>0x2</alignment>
         <input_file_ref idref="fl-3"/>
      </object_component>
      <object_component id="oc-1c8">
         <name>.text.vListInitialiseItem</name>
         <load_address>0x3bbc</load_address>
         <readonly>true</readonly>
         <executable>true</executable>
         <run_address>0x3bbc</run_address>
         <size>0xe</size>
         <alignment>0x2</alignment>
         <input_file_ref idref="fl-1e"/>
      </object_component>
      <object_component id="oc-6a">
         <name>.text.__aeabi_memcpy</name>
         <load_address>0x3bcc</load_address>
         <readonly>true</readonly>
         <executable>true</executable>
         <run_address>0x3bcc</run_address>
         <size>0x8</size>
         <alignment>0x4</alignment>
         <input_file_ref idref="fl-db"/>
      </object_component>
      <object_component id="oc-83">
         <name>.text.ulSetInterruptMask</name>
         <load_address>0x3bd4</load_address>
         <readonly>true</readonly>
         <executable>true</executable>
         <run_address>0x3bd4</run_address>
         <size>0x8</size>
         <alignment>0x2</alignment>
         <input_file_ref idref="fl-1a"/>
      </object_component>
      <object_component id="oc-85">
         <name>.text.vClearInterruptMask</name>
         <load_address>0x3bdc</load_address>
         <readonly>true</readonly>
         <executable>true</executable>
         <run_address>0x3bdc</run_address>
         <size>0x6</size>
         <alignment>0x2</alignment>
         <input_file_ref idref="fl-1a"/>
      </object_component>
      <object_component id="oc-3a">
         <name>.text.Reset_Handler</name>
         <load_address>0x3be2</load_address>
         <readonly>true</readonly>
         <executable>true</executable>
         <run_address>0x3be2</run_address>
         <size>0x4</size>
         <alignment>0x2</alignment>
         <input_file_ref idref="fl-8"/>
      </object_component>
      <object_component id="oc-a9">
         <name>.text._system_pre_init</name>
         <load_address>0x3be6</load_address>
         <readonly>true</readonly>
         <executable>true</executable>
         <run_address>0x3be6</run_address>
         <size>0x4</size>
         <alignment>0x2</alignment>
         <input_file_ref idref="fl-3a"/>
      </object_component>
      <object_component id="oc-e8">
         <name>.text:abort</name>
         <load_address>0x3bea</load_address>
         <readonly>true</readonly>
         <executable>true</executable>
         <run_address>0x3bea</run_address>
         <size>0x4</size>
         <alignment>0x2</alignment>
         <input_file_ref idref="fl-3f"/>
      </object_component>
      <object_component id="oc-238">
         <name>.cinit..data.load</name>
         <load_address>0x3c38</load_address>
         <readonly>true</readonly>
         <run_address>0x3c38</run_address>
         <size>0xf</size>
         <alignment>0x1</alignment>
      </object_component>
      <object_component id="oc-236">
         <name>__TI_handler_table</name>
         <load_address>0x3c48</load_address>
         <readonly>true</readonly>
         <run_address>0x3c48</run_address>
         <size>0xc</size>
         <alignment>0x4</alignment>
      </object_component>
      <object_component id="oc-239">
         <name>.cinit..bss.load</name>
         <load_address>0x3c54</load_address>
         <readonly>true</readonly>
         <run_address>0x3c54</run_address>
         <size>0x8</size>
         <alignment>0x4</alignment>
      </object_component>
      <object_component id="oc-237">
         <name>__TI_cinit_table</name>
         <load_address>0x3c5c</load_address>
         <readonly>true</readonly>
         <run_address>0x3c5c</run_address>
         <size>0x10</size>
         <alignment>0x4</alignment>
      </object_component>
      <object_component id="oc-14c">
         <name>.rodata.gTIMER_0TimerConfig</name>
         <load_address>0x3bf0</load_address>
         <readonly>true</readonly>
         <run_address>0x3bf0</run_address>
         <size>0x14</size>
         <alignment>0x4</alignment>
         <input_file_ref idref="fl-1"/>
      </object_component>
      <object_component id="oc-157">
         <name>.rodata.gUART_0Config</name>
         <load_address>0x3c04</load_address>
         <readonly>true</readonly>
         <run_address>0x3c04</run_address>
         <size>0xa</size>
         <alignment>0x2</alignment>
         <input_file_ref idref="fl-1"/>
      </object_component>
      <object_component id="oc-153">
         <name>.rodata.gI2C_0ClockConfig</name>
         <load_address>0x3c0e</load_address>
         <readonly>true</readonly>
         <run_address>0x3c0e</run_address>
         <size>0x2</size>
         <alignment>0x1</alignment>
         <input_file_ref idref="fl-1"/>
      </object_component>
      <object_component id="oc-149">
         <name>.rodata.gPWM_0Config</name>
         <load_address>0x3c10</load_address>
         <readonly>true</readonly>
         <run_address>0x3c10</run_address>
         <size>0x8</size>
         <alignment>0x4</alignment>
         <input_file_ref idref="fl-1"/>
      </object_component>
      <object_component id="oc-1a9">
         <name>.rodata.str1.53415827308603926481</name>
         <load_address>0x3c18</load_address>
         <readonly>true</readonly>
         <run_address>0x3c18</run_address>
         <size>0x8</size>
         <alignment>0x1</alignment>
         <input_file_ref idref="fl-18"/>
      </object_component>
      <object_component id="oc-1a2">
         <name>.rodata.str1.73579643323719718941</name>
         <load_address>0x3c20</load_address>
         <readonly>true</readonly>
         <run_address>0x3c20</run_address>
         <size>0x5</size>
         <alignment>0x1</alignment>
         <input_file_ref idref="fl-17"/>
      </object_component>
      <object_component id="oc-148">
         <name>.rodata.gPWM_0ClockConfig</name>
         <load_address>0x3c25</load_address>
         <readonly>true</readonly>
         <run_address>0x3c25</run_address>
         <size>0x3</size>
         <alignment>0x1</alignment>
         <input_file_ref idref="fl-1"/>
      </object_component>
      <object_component id="oc-16e">
         <name>.rodata.uxTopUsedPriority</name>
         <load_address>0x3c28</load_address>
         <readonly>true</readonly>
         <run_address>0x3c28</run_address>
         <size>0x4</size>
         <alignment>0x4</alignment>
         <input_file_ref idref="fl-17"/>
      </object_component>
      <object_component id="oc-14b">
         <name>.rodata.gTIMER_0ClockConfig</name>
         <load_address>0x3c2c</load_address>
         <readonly>true</readonly>
         <run_address>0x3c2c</run_address>
         <size>0x3</size>
         <alignment>0x1</alignment>
         <input_file_ref idref="fl-1"/>
      </object_component>
      <object_component id="oc-12c">
         <name>.rodata.str1.166475540086047641991</name>
         <load_address>0x3c2f</load_address>
         <readonly>true</readonly>
         <run_address>0x3c2f</run_address>
         <size>0x3</size>
         <alignment>0x1</alignment>
         <input_file_ref idref="fl-2"/>
      </object_component>
      <object_component id="oc-12e">
         <name>.rodata.str1.38259374225337789821</name>
         <load_address>0x3c32</load_address>
         <readonly>true</readonly>
         <run_address>0x3c32</run_address>
         <size>0x3</size>
         <alignment>0x1</alignment>
         <input_file_ref idref="fl-2"/>
      </object_component>
      <object_component id="oc-156">
         <name>.rodata.gUART_0ClockConfig</name>
         <load_address>0x3c35</load_address>
         <readonly>true</readonly>
         <run_address>0x3c35</run_address>
         <size>0x2</size>
         <alignment>0x1</alignment>
         <input_file_ref idref="fl-1"/>
      </object_component>
      <object_component id="oc-200">
         <name>.binit</name>
         <load_address>0x0</load_address>
         <readonly>true</readonly>
         <run_address>0x0</run_address>
         <size>0x0</size>
         <alignment>0x4</alignment>
      </object_component>
      <object_component id="oc-129">
         <name>.data.xQueue</name>
         <load_address>0x202015cc</load_address>
         <readwrite>true</readwrite>
         <run_address>0x202015cc</run_address>
         <size>0x4</size>
         <alignment>0x4</alignment>
         <input_file_ref idref="fl-2"/>
      </object_component>
      <object_component id="oc-91">
         <name>.data.uart_rx_index</name>
         <load_address>0x202015e4</load_address>
         <readwrite>true</readwrite>
         <run_address>0x202015e4</run_address>
         <size>0x2</size>
         <alignment>0x2</alignment>
         <input_file_ref idref="fl-7"/>
      </object_component>
      <object_component id="oc-1a">
         <name>.data.pxCurrentTCB</name>
         <load_address>0x20201584</load_address>
         <readwrite>true</readwrite>
         <run_address>0x20201584</run_address>
         <size>0x4</size>
         <alignment>0x4</alignment>
         <input_file_ref idref="fl-17"/>
      </object_component>
      <object_component id="oc-19b">
         <name>.data.uxTaskNumber</name>
         <load_address>0x202015a4</load_address>
         <readwrite>true</readwrite>
         <run_address>0x202015a4</run_address>
         <size>0x4</size>
         <alignment>0x4</alignment>
         <input_file_ref idref="fl-17"/>
      </object_component>
      <object_component id="oc-16d">
         <name>.data.xSchedulerRunning</name>
         <load_address>0x202015d0</load_address>
         <readwrite>true</readwrite>
         <run_address>0x202015d0</run_address>
         <size>0x4</size>
         <alignment>0x4</alignment>
         <input_file_ref idref="fl-17"/>
      </object_component>
      <object_component id="oc-1ec">
         <name>.data.uxDeletedTasksWaitingCleanUp</name>
         <load_address>0x2020159c</load_address>
         <readwrite>true</readwrite>
         <run_address>0x2020159c</run_address>
         <size>0x4</size>
         <alignment>0x4</alignment>
         <input_file_ref idref="fl-17"/>
      </object_component>
      <object_component id="oc-19a">
         <name>.data.uxCurrentNumberOfTasks</name>
         <load_address>0x20201598</load_address>
         <readwrite>true</readwrite>
         <run_address>0x20201598</run_address>
         <size>0x4</size>
         <alignment>0x4</alignment>
         <input_file_ref idref="fl-17"/>
      </object_component>
      <object_component id="oc-5a">
         <name>.data.uxSchedulerSuspended</name>
         <load_address>0x202015a0</load_address>
         <readwrite>true</readwrite>
         <run_address>0x202015a0</run_address>
         <size>0x4</size>
         <alignment>0x4</alignment>
         <input_file_ref idref="fl-17"/>
      </object_component>
      <object_component id="oc-ba">
         <name>.data.xTickCount</name>
         <load_address>0x202015d4</load_address>
         <readwrite>true</readwrite>
         <run_address>0x202015d4</run_address>
         <size>0x4</size>
         <alignment>0x4</alignment>
         <input_file_ref idref="fl-17"/>
      </object_component>
      <object_component id="oc-5c">
         <name>.data.uxTopReadyPriority</name>
         <load_address>0x202015a8</load_address>
         <readwrite>true</readwrite>
         <run_address>0x202015a8</run_address>
         <size>0x4</size>
         <alignment>0x4</alignment>
         <input_file_ref idref="fl-17"/>
      </object_component>
      <object_component id="oc-be">
         <name>.data.xNextTaskUnblockTime</name>
         <load_address>0x202015b8</load_address>
         <readwrite>true</readwrite>
         <run_address>0x202015b8</run_address>
         <size>0x4</size>
         <alignment>0x4</alignment>
         <input_file_ref idref="fl-17"/>
      </object_component>
      <object_component id="oc-5b">
         <name>.data.xYieldPendings</name>
         <load_address>0x202015e0</load_address>
         <readwrite>true</readwrite>
         <run_address>0x202015e0</run_address>
         <size>0x4</size>
         <alignment>0x4</alignment>
         <input_file_ref idref="fl-17"/>
      </object_component>
      <object_component id="oc-b9">
         <name>.data.xPendedTicks</name>
         <load_address>0x202015c8</load_address>
         <readwrite>true</readwrite>
         <run_address>0x202015c8</run_address>
         <size>0x4</size>
         <alignment>0x4</alignment>
         <input_file_ref idref="fl-17"/>
      </object_component>
      <object_component id="oc-bd">
         <name>.data.xNumOfOverflows</name>
         <load_address>0x202015bc</load_address>
         <readwrite>true</readwrite>
         <run_address>0x202015bc</run_address>
         <size>0x4</size>
         <alignment>0x4</alignment>
         <input_file_ref idref="fl-17"/>
      </object_component>
      <object_component id="oc-1a7">
         <name>.data.xTimerQueue</name>
         <load_address>0x202015d8</load_address>
         <readwrite>true</readwrite>
         <run_address>0x202015d8</run_address>
         <size>0x4</size>
         <alignment>0x4</alignment>
         <input_file_ref idref="fl-18"/>
      </object_component>
      <object_component id="oc-1aa">
         <name>.data.xTimerTaskHandle</name>
         <load_address>0x202015dc</load_address>
         <readwrite>true</readwrite>
         <run_address>0x202015dc</run_address>
         <size>0x4</size>
         <alignment>0x4</alignment>
         <input_file_ref idref="fl-18"/>
      </object_component>
      <object_component id="oc-1f5">
         <name>.data.prvSampleTimeNow.xLastTime</name>
         <load_address>0x20201580</load_address>
         <readwrite>true</readwrite>
         <run_address>0x20201580</run_address>
         <size>0x4</size>
         <alignment>0x4</alignment>
         <input_file_ref idref="fl-18"/>
      </object_component>
      <object_component id="oc-1e3">
         <name>.data.xMaximumPossibleSuppressedTicks</name>
         <load_address>0x202015b0</load_address>
         <readwrite>true</readwrite>
         <run_address>0x202015b0</run_address>
         <size>0x4</size>
         <alignment>0x4</alignment>
         <input_file_ref idref="fl-19"/>
      </object_component>
      <object_component id="oc-1e2">
         <name>.data.ulTimerCountsForOneTick</name>
         <load_address>0x20201594</load_address>
         <readwrite>true</readwrite>
         <run_address>0x20201594</run_address>
         <size>0x4</size>
         <alignment>0x4</alignment>
         <input_file_ref idref="fl-19"/>
      </object_component>
      <object_component id="oc-1e4">
         <name>.data.ulStoppedTimerCompensation</name>
         <load_address>0x20201590</load_address>
         <readwrite>true</readwrite>
         <run_address>0x20201590</run_address>
         <size>0x4</size>
         <alignment>0x4</alignment>
         <input_file_ref idref="fl-19"/>
      </object_component>
      <object_component id="oc-1b0">
         <name>.data.ulCriticalNesting</name>
         <load_address>0x2020158c</load_address>
         <readwrite>true</readwrite>
         <run_address>0x2020158c</run_address>
         <size>0x4</size>
         <alignment>0x4</alignment>
         <input_file_ref idref="fl-19"/>
      </object_component>
      <object_component id="oc-18b">
         <name>.data.pxEnd</name>
         <load_address>0x20201588</load_address>
         <readwrite>true</readwrite>
         <run_address>0x20201588</run_address>
         <size>0x4</size>
         <alignment>0x4</alignment>
         <input_file_ref idref="fl-1d"/>
      </object_component>
      <object_component id="oc-18c">
         <name>.data.xFreeBytesRemaining</name>
         <load_address>0x202015ac</load_address>
         <readwrite>true</readwrite>
         <run_address>0x202015ac</run_address>
         <size>0x4</size>
         <alignment>0x4</alignment>
         <input_file_ref idref="fl-1d"/>
      </object_component>
      <object_component id="oc-18f">
         <name>.data.xMinimumEverFreeBytesRemaining</name>
         <load_address>0x202015b4</load_address>
         <readwrite>true</readwrite>
         <run_address>0x202015b4</run_address>
         <size>0x4</size>
         <alignment>0x4</alignment>
         <input_file_ref idref="fl-1d"/>
      </object_component>
      <object_component id="oc-190">
         <name>.data.xNumberOfSuccessfulAllocations</name>
         <load_address>0x202015c0</load_address>
         <readwrite>true</readwrite>
         <run_address>0x202015c0</run_address>
         <size>0x4</size>
         <alignment>0x4</alignment>
         <input_file_ref idref="fl-1d"/>
      </object_component>
      <object_component id="oc-1c6">
         <name>.data.xNumberOfSuccessfulFrees</name>
         <load_address>0x202015c4</load_address>
         <readwrite>true</readwrite>
         <run_address>0x202015c4</run_address>
         <size>0x4</size>
         <alignment>0x4</alignment>
         <input_file_ref idref="fl-1d"/>
      </object_component>
      <object_component id="oc-1cc">
         <name>.bss.xTasksWaitingTermination</name>
         <uninitialized>true</uninitialized>
         <readwrite>true</readwrite>
         <run_address>0x20201550</run_address>
         <size>0x14</size>
         <alignment>0x4</alignment>
         <input_file_ref idref="fl-17"/>
      </object_component>
      <object_component id="oc-bb">
         <name>.bss.pxDelayedTaskList</name>
         <uninitialized>true</uninitialized>
         <readwrite>true</readwrite>
         <run_address>0x20201570</run_address>
         <size>0x4</size>
         <alignment>0x4</alignment>
         <input_file_ref idref="fl-17"/>
      </object_component>
      <object_component id="oc-bc">
         <name>.bss.pxOverflowDelayedTaskList</name>
         <uninitialized>true</uninitialized>
         <readwrite>true</readwrite>
         <run_address>0x20201574</run_address>
         <size>0x4</size>
         <alignment>0x4</alignment>
         <input_file_ref idref="fl-17"/>
      </object_component>
      <object_component id="oc-1bf">
         <name>.bss.xPendingReadyList</name>
         <uninitialized>true</uninitialized>
         <readwrite>true</readwrite>
         <run_address>0x20201528</run_address>
         <size>0x14</size>
         <alignment>0x4</alignment>
         <input_file_ref idref="fl-17"/>
      </object_component>
      <object_component id="oc-1cd">
         <name>.bss.xSuspendedTaskList</name>
         <uninitialized>true</uninitialized>
         <readwrite>true</readwrite>
         <run_address>0x2020153c</run_address>
         <size>0x14</size>
         <alignment>0x4</alignment>
         <input_file_ref idref="fl-17"/>
      </object_component>
      <object_component id="oc-5d">
         <name>.bss.pxReadyTasksLists</name>
         <uninitialized>true</uninitialized>
         <readwrite>true</readwrite>
[...]
      <symbol id="sm-ca">
         <name>TIMG12_IRQHandler</name>
         <value>0xad3</value>
         <object_component_ref idref="oc-3e"/>
      </symbol>
      <symbol id="sm-cb">
         <name>I2C0_IRQHandler</name>
         <value>0xad3</value>
         <object_component_ref idref="oc-3e"/>
      </symbol>
      <symbol id="sm-cc">
         <name>I2C1_IRQHandler</name>
         <value>0xad3</value>
         <object_component_ref idref="oc-3e"/>
      </symbol>
      <symbol id="sm-cd">
         <name>AES_IRQHandler</name>
         <value>0xad3</value>
         <object_component_ref idref="oc-3e"/>
      </symbol>
      <symbol id="sm-ce">
         <name>RTC_IRQHandler</name>
         <value>0xad3</value>
         <object_component_ref idref="oc-3e"/>
      </symbol>
      <symbol id="sm-cf">
         <name>DMA_IRQHandler</name>
         <value>0xad3</value>
         <object_component_ref idref="oc-3e"/>
      </symbol>
      <symbol id="sm-d0">
         <name>__TI_ATRegion0_src_addr</name>
         <value>0x0</value>
      </symbol>
      <symbol id="sm-d1">
         <name>__TI_ATRegion0_trg_addr</name>
         <value>0x0</value>
      </symbol>
      <symbol id="sm-d2">
         <name>__TI_ATRegion0_region_sz</name>
         <value>0x0</value>
      </symbol>
      <symbol id="sm-d3">
         <name>__TI_ATRegion1_src_addr</name>
         <value>0x0</value>
      </symbol>
      <symbol id="sm-d4">
         <name>__TI_ATRegion1_trg_addr</name>
         <value>0x0</value>
      </symbol>
      <symbol id="sm-d5">
         <name>__TI_ATRegion1_region_sz</name>
         <value>0x0</value>
      </symbol>
      <symbol id="sm-d6">
         <name>__TI_ATRegion2_src_addr</name>
         <value>0x0</value>
      </symbol>
      <symbol id="sm-d7">
         <name>__TI_ATRegion2_trg_addr</name>
         <value>0x0</value>
      </symbol>
      <symbol id="sm-d8">
         <name>__TI_ATRegion2_region_sz</name>
         <value>0x0</value>
      </symbol>
      <symbol id="sm-fd">
         <name>xQueueGenericReset</name>
         <value>0x1ad5</value>
         <object_component_ref idref="oc-193"/>
      </symbol>
      <symbol id="sm-fe">
         <name>xQueueGenericCreateStatic</name>
         <value>0x2285</value>
         <object_component_ref idref="oc-1d6"/>
      </symbol>
      <symbol id="sm-ff">
         <name>xQueueGenericCreate</name>
         <value>0x24f3</value>
         <object_component_ref idref="oc-122"/>
      </symbol>
      <symbol id="sm-100">
         <name>xQueueGenericSend</name>
         <value>0x75d</value>
         <object_component_ref idref="oc-173"/>
      </symbol>
      <symbol id="sm-101">
         <name>xQueueReceive</name>
         <value>0x92f</value>
         <object_component_ref idref="oc-16f"/>
      </symbol>
      <symbol id="sm-102">
         <name>vQueueWaitForMessageRestricted</name>
         <value>0x2ccd</value>
         <object_component_ref idref="oc-1f1"/>
      </symbol>
      <symbol id="sm-19a">
         <name>xTaskCreateStatic</name>
         <value>0x3215</value>
         <object_component_ref idref="oc-1a1"/>
      </symbol>
      <symbol id="sm-19b">
         <name>pxCurrentTCB</name>
         <value>0x20201584</value>
         <object_component_ref idref="oc-1a"/>
      </symbol>
      <symbol id="sm-19c">
         <name>xTaskCreate</name>
         <value>0x3339</value>
         <object_component_ref idref="oc-127"/>
      </symbol>
      <symbol id="sm-19d">
         <name>xTaskDelayUntil</name>
         <value>0x1bb9</value>
         <object_component_ref idref="oc-172"/>
      </symbol>
      <symbol id="sm-19e">
         <name>vTaskSuspendAll</name>
         <value>0x3b81</value>
         <object_component_ref idref="oc-188"/>
      </symbol>
      <symbol id="sm-19f">
         <name>xTaskResumeAll</name>
         <value>0x565</value>
         <object_component_ref idref="oc-18a"/>
      </symbol>
      <symbol id="sm-1a0">
         <name>xTaskIncrementTick</name>
         <value>0x355</value>
         <object_component_ref idref="oc-84"/>
      </symbol>
      <symbol id="sm-1a1">
         <name>vTaskDelay</name>
         <value>0x31c5</value>
         <object_component_ref idref="oc-170"/>
      </symbol>
      <symbol id="sm-1a2">
         <name>vTaskSwitchContext</name>
         <value>0x13e1</value>
         <object_component_ref idref="oc-1c"/>
      </symbol>
      <symbol id="sm-1a3">
         <name>vTaskStartScheduler</name>
         <value>0x2d39</value>
         <object_component_ref idref="oc-128"/>
      </symbol>
      <symbol id="sm-1a4">
         <name>xTaskGetTickCount</name>
         <value>0x3b1d</value>
         <object_component_ref idref="oc-171"/>
      </symbol>
      <symbol id="sm-1a5">
         <name>vTaskStepTick</name>
         <value>0x27a9</value>
         <object_component_ref idref="oc-1ee"/>
      </symbol>
      <symbol id="sm-1a6">
         <name>vTaskPlaceOnEventList</name>
         <value>0x3759</value>
         <object_component_ref idref="oc-1b7"/>
      </symbol>
      <symbol id="sm-1a7">
         <name>vTaskPlaceOnEventListRestricted</name>
         <value>0x2b15</value>
         <object_component_ref idref="oc-1f6"/>
      </symbol>
      <symbol id="sm-1a8">
         <name>xTaskRemoveFromEventList</name>
         <value>0xc75</value>
         <object_component_ref idref="oc-1b3"/>
      </symbol>
      <symbol id="sm-1a9">
         <name>vTaskInternalSetTimeOutState</name>
         <value>0x3a25</value>
         <object_component_ref idref="oc-1b4"/>
      </symbol>
      <symbol id="sm-1aa">
         <name>xTaskCheckForTimeOut</name>
         <value>0x2091</value>
         <object_component_ref idref="oc-1b5"/>
      </symbol>
      <symbol id="sm-1ab">
         <name>vTaskMissedYield</name>
         <value>0x3b65</value>
         <object_component_ref idref="oc-1e6"/>
      </symbol>
      <symbol id="sm-1ac">
         <name>eTaskConfirmSleepModeStatus</name>
         <value>0x28ad</value>
         <object_component_ref idref="oc-1ed"/>
      </symbol>
      <symbol id="sm-1ad">
         <name>xTaskGetSchedulerState</name>
         <value>0x36b5</value>
         <object_component_ref idref="oc-1b1"/>
      </symbol>
      <symbol id="sm-1ae">
         <name>xTaskPriorityDisinherit</name>
         <value>0x14ed</value>
         <object_component_ref idref="oc-1e8"/>
      </symbol>
      <symbol id="sm-1f3">
         <name>xTimerCreateTimerTask</name>
         <value>0x29a5</value>
         <object_component_ref idref="oc-167"/>
      </symbol>
      <symbol id="sm-220">
         <name>vPortSuppressTicksAndSleep</name>
         <value>0xad5</value>
         <object_component_ref idref="oc-1d5"/>
      </symbol>
      <symbol id="sm-221">
         <name>vPortSetupTimerInterrupt</name>
         <value>0x3031</value>
         <object_component_ref idref="oc-1ad"/>
      </symbol>
      <symbol id="sm-222">
         <name>vPortYield</name>
         <value>0x3b05</value>
         <object_component_ref idref="oc-199"/>
      </symbol>
      <symbol id="sm-223">
         <name>vPortEnterCritical</name>
         <value>0x3aed</value>
         <object_component_ref idref="oc-196"/>
      </symbol>
      <symbol id="sm-224">
         <name>vPortExitCritical</name>
         <value>0x38d9</value>
         <object_component_ref idref="oc-198"/>
      </symbol>
      <symbol id="sm-225">
         <name>SysTick_Handler</name>
         <value>0x37c1</value>
         <object_component_ref idref="oc-45"/>
      </symbol>
      <symbol id="sm-226">
         <name>vPortSVCHandler_C</name>
         <value>0x387f</value>
         <object_component_ref idref="oc-20"/>
      </symbol>
      <symbol id="sm-227">
         <name>pxPortInitialiseStack</name>
         <value>0x11c1</value>
         <object_component_ref idref="oc-1c9"/>
      </symbol>
      <symbol id="sm-228">
         <name>xPortStartScheduler</name>
         <value>0x282d</value>
         <object_component_ref idref="oc-16c"/>
      </symbol>
      <symbol id="sm-240">
         <name>vRestoreContextOfFirstTask</name>
         <value>0x3a01</value>
         <object_component_ref idref="oc-5e"/>
      </symbol>
      <symbol id="sm-241">
         <name>vStartFirstTask</name>
         <value>0x3b71</value>
         <object_component_ref idref="oc-1ae"/>
      </symbol>
      <symbol id="sm-242">
         <name>ulSetInterruptMask</name>
         <value>0x3bd5</value>
         <object_component_ref idref="oc-83"/>
      </symbol>
      <symbol id="sm-243">
         <name>vClearInterruptMask</name>
         <value>0x3bdd</value>
         <object_component_ref idref="oc-85"/>
      </symbol>
      <symbol id="sm-244">
         <name>PendSV_Handler</name>
         <value>0x33d1</value>
         <object_component_ref idref="oc-44"/>
      </symbol>
      <symbol id="sm-245">
         <name>SVC_Handler</name>
         <value>0x39d1</value>
         <object_component_ref idref="oc-3f"/>
      </symbol>
      <symbol id="sm-25b">
         <name>vApplicationGetIdleTaskMemory</name>
         <value>0x3931</value>
         <object_component_ref idref="oc-19c"/>
      </symbol>
      <symbol id="sm-25c">
         <name>vApplicationGetTimerTaskMemory</name>
         <value>0x3959</value>
         <object_component_ref idref="oc-1a6"/>
      </symbol>
      <symbol id="sm-27f">
         <name>pvPortMalloc</name>
         <value>0xc1</value>
         <object_component_ref idref="oc-15c"/>
      </symbol>
      <symbol id="sm-280">
         <name>vPortFree</name>
         <value>0x18f9</value>
         <object_component_ref idref="oc-194"/>
      </symbol>
      <symbol id="sm-28f">
         <name>vListInitialise</name>
         <value>0x38ad</value>
         <object_component_ref idref="oc-1c0"/>
      </symbol>
      <symbol id="sm-290">
         <name>vListInitialiseItem</name>
         <value>0x3bbd</value>
         <object_component_ref idref="oc-1c8"/>
      </symbol>
      <symbol id="sm-291">
         <name>vListInsert</name>
         <value>0x2c61</value>
         <object_component_ref idref="oc-1e5"/>
      </symbol>
      <symbol id="sm-292">
         <name>uxListRemove</name>
         <value>0x32f1</value>
         <object_component_ref idref="oc-1e7"/>
      </symbol>
      <symbol id="sm-29b">
         <name>DL_Common_delayCycles</name>
         <value>0x33c7</value>
         <object_component_ref idref="oc-140"/>
      </symbol>
      <symbol id="sm-2a5">
         <name>DL_I2C_setClockConfig</name>
         <value>0x39a9</value>
         <object_component_ref idref="oc-14d"/>
      </symbol>
      <symbol id="sm-2c1">
         <name>DL_Timer_setClockConfig</name>
         <value>0x3a81</value>
         <object_component_ref idref="oc-144"/>
      </symbol>
      <symbol id="sm-2c2">
         <name>DL_Timer_initTimerMode</name>
         <value>0x17fd</value>
         <object_component_ref idref="oc-14a"/>
      </symbol>
      <symbol id="sm-2c3">
         <name>DL_Timer_setCaptureCompareValue</name>
         <value>0x3b55</value>
         <object_component_ref idref="oc-9b"/>
      </symbol>
      <symbol id="sm-2c4">
         <name>DL_Timer_setCaptCompUpdateMethod</name>
         <value>0x3a65</value>
         <object_component_ref idref="oc-147"/>
      </symbol>
      <symbol id="sm-2c5">
         <name>DL_Timer_setCaptureCompareOutCtl</name>
         <value>0x3ad5</value>
         <object_component_ref idref="oc-146"/>
      </symbol>
      <symbol id="sm-2c6">
         <name>DL_Timer_initFourCCPWMMode</name>
         <value>0x15f5</value>
         <object_component_ref idref="oc-145"/>
      </symbol>
      <symbol id="sm-2d6">
         <name>DL_UART_init</name>
         <value>0x3261</value>
         <object_component_ref idref="oc-155"/>
      </symbol>
      <symbol id="sm-2d7">
         <name>DL_UART_setClockConfig</name>
         <value>0x3b31</value>
         <object_component_ref idref="oc-154"/>
      </symbol>
      <symbol id="sm-2d8">
         <name>DL_UART_receiveDataCheck</name>
         <value>0x3a9d</value>
         <object_component_ref idref="oc-86"/>
      </symbol>
      <symbol id="sm-2e3">
         <name>_c_int00_noargs</name>
         <value>0x3981</value>
         <object_component_ref idref="oc-7a"/>
      </symbol>
      <symbol id="sm-2e4">
         <name>__stack</name>
         <value>0x20207e00</value>
         <object_component_ref idref="oc-25"/>
      </symbol>
      <symbol id="sm-2f0">
         <name>__TI_auto_init_nobinit_nopinit</name>
         <value>0x3591</value>
         <object_component_ref idref="oc-ef"/>
      </symbol>
      <symbol id="sm-2f8">
         <name>_system_pre_init</name>
         <value>0x3be7</value>
         <object_component_ref idref="oc-a9"/>
      </symbol>
      <symbol id="sm-303">
         <name>__TI_zero_init</name>
         <value>0x3b91</value>
         <object_component_ref idref="oc-77"/>
      </symbol>
      <symbol id="sm-30c">
         <name>__TI_decompress_none</name>
         <value>0x3b43</value>
         <object_component_ref idref="oc-2b"/>
      </symbol>
      <symbol id="sm-317">
         <name>__TI_decompress_lzss</name>
         <value>0x2a21</value>
         <object_component_ref idref="oc-27"/>
      </symbol>
      <symbol id="sm-321">
         <name>abort</name>
         <value>0x3beb</value>
         <object_component_ref idref="oc-e8"/>
      </symbol>
      <symbol id="sm-322">
         <name>C$$EXIT</name>
         <value>0x3bea</value>
         <object_component_ref idref="oc-e8"/>
      </symbol>
      <symbol id="sm-32a">
         <name>__aeabi_fadd</name>
         <value>0x1c9f</value>
         <object_component_ref idref="oc-c3"/>
      </symbol>
      <symbol id="sm-32b">
         <name>__addsf3</name>
         <value>0x1c9f</value>
         <object_component_ref idref="oc-c3"/>
      </symbol>
      <symbol id="sm-32c">
         <name>__aeabi_fsub</name>
         <value>0x1c95</value>
         <object_component_ref idref="oc-c3"/>
      </symbol>
      <symbol id="sm-32d">
         <name>__subsf3</name>
         <value>0x1c95</value>
         <object_component_ref idref="oc-c3"/>
      </symbol>
      <symbol id="sm-333">
         <name>__aeabi_fmul</name>
         <value>0x2589</value>
         <object_component_ref idref="oc-cb"/>
      </symbol>
      <symbol id="sm-334">
         <name>__mulsf3</name>
         <value>0x2589</value>
         <object_component_ref idref="oc-cb"/>
      </symbol>
      <symbol id="sm-33a">
         <name>__aeabi_f2uiz</name>
         <value>0x378d</value>
         <object_component_ref idref="oc-97"/>
      </symbol>
      <symbol id="sm-33b">
         <name>__fixunssfsi</name>
         <value>0x378d</value>
         <object_component_ref idref="oc-97"/>
      </symbol>
      <symbol id="sm-341">
         <name>__aeabi_fcmpeq</name>
         <value>0x2e05</value>
         <object_component_ref idref="oc-c7"/>
      </symbol>
      <symbol id="sm-342">
         <name>__aeabi_fcmplt</name>
         <value>0x2e19</value>
         <object_component_ref idref="oc-c7"/>
      </symbol>
      <symbol id="sm-343">
         <name>__aeabi_fcmple</name>
         <value>0x2e2d</value>
         <object_component_ref idref="oc-c7"/>
      </symbol>
      <symbol id="sm-344">
         <name>__aeabi_fcmpge</name>
         <value>0x2e41</value>
         <object_component_ref idref="oc-c7"/>
      </symbol>
      <symbol id="sm-345">
         <name>__aeabi_fcmpgt</name>
         <value>0x2e55</value>
         <object_component_ref idref="oc-c7"/>
      </symbol>
      <symbol id="sm-34b">
         <name>__aeabi_memcpy</name>
         <value>0x3bcd</value>
         <object_component_ref idref="oc-6a"/>
      </symbol>
      <symbol id="sm-34c">
         <name>__aeabi_memcpy4</name>
         <value>0x3bcd</value>
         <object_component_ref idref="oc-6a"/>
      </symbol>
      <symbol id="sm-34d">
         <name>__aeabi_memcpy8</name>
         <value>0x3bcd</value>
         <object_component_ref idref="oc-6a"/>
      </symbol>
      <symbol id="sm-356">
         <name>__aeabi_memset</name>
         <value>0x3ba1</value>
         <object_component_ref idref="oc-1c7"/>
      </symbol>
      <symbol id="sm-357">
         <name>__aeabi_memset4</name>
         <value>0x3ba1</value>
         <object_component_ref idref="oc-1c7"/>
      </symbol>
      <symbol id="sm-358">
         <name>__aeabi_memset8</name>
         <value>0x3ba1</value>
         <object_component_ref idref="oc-1c7"/>
      </symbol>
      <symbol id="sm-359">
         <name>__aeabi_memclr</name>
         <value>0x39f5</value>
         <object_component_ref idref="oc-8c"/>
      </symbol>
      <symbol id="sm-35a">
         <name>__aeabi_memclr4</name>
         <value>0x39f5</value>
         <object_component_ref idref="oc-8c"/>
      </symbol>
      <symbol id="sm-35b">
         <name>__aeabi_memclr8</name>
         <value>0x39f5</value>
         <object_component_ref idref="oc-8c"/>
      </symbol>
      <symbol id="sm-361">
         <name>__aeabi_uidiv</name>
         <value>0x349d</value>
         <object_component_ref idref="oc-158"/>
      </symbol>
      <symbol id="sm-362">
         <name>__aeabi_uidivmod</name>
         <value>0x349d</value>
         <object_component_ref idref="oc-158"/>
      </symbol>
      <symbol id="sm-36b">
         <name>__eqsf2</name>
         <value>0x35cd</value>
         <object_component_ref idref="oc-108"/>
      </symbol>
      <symbol id="sm-36c">
         <name>__lesf2</name>
         <value>0x35cd</value>
         <object_component_ref idref="oc-108"/>
      </symbol>
      <symbol id="sm-36d">
         <name>__ltsf2</name>
         <value>0x35cd</value>
         <object_component_ref idref="oc-108"/>
      </symbol>
      <symbol id="sm-36e">
         <name>__nesf2</name>
         <value>0x35cd</value>
         <object_component_ref idref="oc-108"/>
      </symbol>
      <symbol id="sm-36f">
         <name>__cmpsf2</name>
         <value>0x35cd</value>
         <object_component_ref idref="oc-108"/>
      </symbol>
      <symbol id="sm-370">
         <name>__gtsf2</name>
         <value>0x34dd</value>
         <object_component_ref idref="oc-10d"/>
      </symbol>
      <symbol id="sm-371">
         <name>__gesf2</name>
         <value>0x34dd</value>
         <object_component_ref idref="oc-10d"/>
      </symbol>
      <symbol id="sm-377">
         <name>__muldsi3</name>
         <value>0x3609</value>
         <object_component_ref idref="oc-10f"/>
      </symbol>
      <symbol id="sm-37d">
         <name>__aeabi_f2iz</name>
         <value>0x3645</value>
         <object_component_ref idref="oc-cf"/>
      </symbol>
      <symbol id="sm-37e">
         <name>__fixsfsi</name>
         <value>0x3645</value>
         <object_component_ref idref="oc-cf"/>
      </symbol>
      <symbol id="sm-388">
         <name>__aeabi_idiv0</name>
         <value>0x208f</value>
         <object_component_ref idref="oc-182"/>
      </symbol>
      <symbol id="sm-3a1">
         <name>memcpy</name>
         <value>0x23c1</value>
         <object_component_ref idref="oc-db"/>
      </symbol>
      <symbol id="sm-3b0">
         <name>memset</name>
         <value>0x2e67</value>
         <object_component_ref idref="oc-106"/>
      </symbol>
      <symbol id="sm-3b1">
         <name>__TI_static_base__</name>
         <value>0x0</value>
      </symbol>
      <symbol id="sm-3b4">
         <name>pid_left</name>
         <value>0x0</value>
      </symbol>
      <symbol id="sm-3b5">
         <name>pid_right</name>
         <value>0x0</value>
      </symbol>
      <symbol id="sm-3b6">
         <name>__mpu_init</name>
         <value>0x0</value>
      </symbol>
      <symbol id="sm-3b7">
         <name>_system_post_cinit</name>
         <value>0x0</value>
      </symbol>
   </symbol_table>
   <title>Link errors: red sections failed placement</title>
</link_info>
